1/48 med_cold round=1 tokens=933 elapsed=32.9s decode=28.520403876205325 accept=0.386 truncated=False
2/48 med_gout round=1 tokens=1218 elapsed=39.1s decode=31.396850626942634 accept=0.445 truncated=False
3/48 med_rhinitis round=1 tokens=1374 elapsed=39.5s decode=35.00597378982453 accept=0.516 truncated=False
4/48 med_diabetes round=1 tokens=906 elapsed=28.3s decode=32.35081034340248 accept=0.456 truncated=False
5/48 med_cancer round=1 tokens=858 elapsed=28.6s decode=30.304907327761057 accept=0.406 truncated=False
6/48 life_food round=1 tokens=377 elapsed=14.1s decode=27.302922765224253 accept=0.325 truncated=False
7/48 life_energy round=1 tokens=1007 elapsed=28.1s decode=36.162728078889565 accept=0.571 truncated=False
8/48 life_router round=1 tokens=1048 elapsed=31.0s decode=34.00785470773707 accept=0.504 truncated=False
9/48 life_schedule round=1 tokens=1536 elapsed=43.0s decode=35.940226352182904 accept=0.558 truncated=True
10/48 finance_budget round=1 tokens=974 elapsed=27.0s decode=36.317015859863 accept=0.558 truncated=False
11/48 finance_cost round=1 tokens=1180 elapsed=31.2s decode=38.14493553640643 accept=0.598 truncated=False
12/48 contract_reading round=1 tokens=708 elapsed=20.6s decode=34.745793885787585 accept=0.517 truncated=False
13/48 science_bayes round=1 tokens=1536 elapsed=40.8s decode=37.892084222736294 accept=0.596 truncated=True
14/48 science_trial round=1 tokens=2805 elapsed=88.8s decode=31.677256337968767 accept=0.493 truncated=False
15/48 science_lab round=1 tokens=871 elapsed=22.9s decode=38.43138263663017 accept=0.630 truncated=False
16/48 code_shortlist round=1 tokens=4096 elapsed=185.1s decode=22.253100070072772 accept=0.375 truncated=True
17/48 code_telemetry round=1 tokens=4096 elapsed=175.5s decode=23.786559513851007 accept=0.396 truncated=True
18/48 code_html_review round=1 tokens=2048 elapsed=52.6s decode=40.278922240288246 accept=0.669 truncated=True
19/48 research_memory round=1 tokens=4096 elapsed=152.2s decode=27.431576607277407 accept=0.464 truncated=True
20/48 human_translation round=1 tokens=238 elapsed=8.1s decode=30.318115633669052 accept=0.412 truncated=False
21/48 human_history round=1 tokens=1536 elapsed=51.4s decode=30.031606221246545 accept=0.416 truncated=True
22/48 human_writing round=1 tokens=93 elapsed=2.9s decode=34.12174683034017 accept=0.495 truncated=False
23/48 dialogue_constraints round=1 tokens=335 elapsed=8.4s decode=41.47951004619798 accept=0.697 truncated=False
24/48 long_ledger round=1 tokens=897 elapsed=28.4s decode=38.43572074937143 accept=0.609 truncated=False
25/48 long_ledger round=2 tokens=2048 elapsed=55.7s decode=40.32673604754484 accept=0.660 truncated=True
26/48 dialogue_constraints round=2 tokens=269 elapsed=7.2s decode=38.662481816936385 accept=0.627 truncated=False
27/48 human_writing round=2 tokens=87 elapsed=2.7s decode=34.89298676380375 accept=0.486 truncated=False
28/48 human_history round=2 tokens=1390 elapsed=46.1s decode=30.274891693083347 accept=0.413 truncated=False
29/48 human_translation round=2 tokens=213 elapsed=6.3s decode=35.19768111248221 accept=0.498 truncated=False
30/48 research_memory round=2 tokens=4096 elapsed=147.1s decode=28.3091577798114 accept=0.466 truncated=True
31/48 code_html_review round=2 tokens=2048 elapsed=49.9s decode=42.274326086266605 accept=0.729 truncated=True
32/48 code_telemetry round=2 tokens=4096 elapsed=171.2s decode=24.305887815656966 accept=0.423 truncated=True
33/48 code_shortlist round=2 tokens=4096 elapsed=175.1s decode=23.500677494873695 accept=0.397 truncated=True
34/48 science_lab round=2 tokens=1117 elapsed=29.9s decode=37.53852378642067 accept=0.590 truncated=False
35/48 science_trial round=2 tokens=4096 elapsed=148.9s decode=27.563767078702902 accept=0.496 truncated=True
36/48 science_bayes round=2 tokens=1536 elapsed=41.7s decode=36.98011782946411 accept=0.565 truncated=True
37/48 contract_reading round=2 tokens=735 elapsed=19.9s decode=37.38536421737763 accept=0.569 truncated=False
38/48 finance_cost round=2 tokens=1252 elapsed=34.5s decode=36.55344495546914 accept=0.543 truncated=False
39/48 finance_budget round=2 tokens=1073 elapsed=30.6s decode=35.291529868906544 accept=0.517 truncated=False
40/48 life_schedule round=2 tokens=1536 elapsed=35.9s decode=43.00370386191921 accept=0.708 truncated=True
41/48 life_router round=2 tokens=1333 elapsed=38.8s decode=34.5160892214619 accept=0.499 truncated=False
42/48 life_energy round=2 tokens=1059 elapsed=30.1s decode=35.387249380673495 accept=0.526 truncated=False
43/48 life_food round=2 tokens=263 elapsed=9.4s decode=28.502281408871355 accept=0.338 truncated=False
44/48 med_cancer round=2 tokens=1094 elapsed=36.2s decode=30.408844361491138 accept=0.400 truncated=False
45/48 med_diabetes round=2 tokens=588 elapsed=20.1s decode=29.470916614266823 accept=0.378 truncated=False
46/48 med_rhinitis round=2 tokens=1364 elapsed=40.3s decode=33.98612072991367 accept=0.489 truncated=False
47/48 med_gout round=2 tokens=1104 elapsed=34.9s decode=31.833527231641213 accept=0.446 truncated=False
48/48 med_cold round=2 tokens=919 elapsed=30.4s decode=30.355915420119803 accept=0.388 truncated=False
