2026-09-08T15:38:08.197033953Z [2026-09-08 15:38:08] INFO:     172.17.0.1:39636 - "POST /flush_cache HTTP/1.1" 200 OK
2026-09-08T15:38:08.198892437Z [2026-09-08 15:38:08] INFO:     172.17.0.1:39642 - "POST /generate HTTP/1.1" 200 OK
2026-09-08T15:39:06.171197471Z [2026-09-08 15:39:06] INFO:     172.17.0.1:60090 - "POST /flush_cache HTTP/1.1" 200 OK
2026-09-08T15:39:06.174056868Z [2026-09-08 15:39:06] INFO:     172.17.0.1:60092 - "POST /generate HTTP/1.1" 200 OK
2026-09-08T15:37:17.104900792Z [2026-09-08 15:37:17] Decode batch, #running-req: 1, #full token: 8064, full token usage: 0.12, mamba num: 4, mamba usage: 0.22, accept len: 2.35, accept rate: 0.45, cuda graph: True, gen throughput (token/s): 27.11, #queue-req: 0
2026-09-08T15:37:20.489741247Z [2026-09-08 15:37:20] Decode batch, #running-req: 1, #full token: 8128, full token usage: 0.12, mamba num: 4, mamba usage: 0.22, accept len: 2.73, accept rate: 0.57, cuda graph: True, gen throughput (token/s): 32.21, #queue-req: 0
2026-09-08T15:37:23.859424483Z [2026-09-08 15:37:23] Decode batch, #running-req: 1, #full token: 8256, full token usage: 0.13, mamba num: 4, mamba usage: 0.22, accept len: 2.83, accept rate: 0.61, cuda graph: True, gen throughput (token/s): 33.53, #queue-req: 0
2026-09-08T15:37:27.293996619Z [2026-09-08 15:37:27] Decode batch, #running-req: 1, #full token: 8384, full token usage: 0.13, mamba num: 4, mamba usage: 0.22, accept len: 2.50, accept rate: 0.50, cuda graph: True, gen throughput (token/s): 29.12, #queue-req: 0
2026-09-08T15:38:08.192198920Z [2026-09-08 15:38:08] Reset HybridReqToTokenPool
2026-09-08T15:38:08.196390672Z [2026-09-08 15:38:08] Cache flushed successfully!
2026-09-08T15:38:09.680412522Z [2026-09-08 15:38:09] Prefill batch, #new-seq: 1, #new-token: 1024, #cached-token: 0, full token usage: 0.03, mamba usage: 0.22, #running-req: 0, #queue-req: 0, #pending-token: 1351, cuda graph: False, input throughput (token/s): 5.49
2026-09-08T15:38:10.069938687Z [2026-09-08 15:38:10] Prefill batch, #new-seq: 1, #new-token: 1024, #cached-token: 0, full token usage: 0.04, mamba usage: 0.22, #running-req: 0, #queue-req: 0, #pending-token: 327, cuda graph: False, input throughput (token/s): 2630.12
2026-09-08T15:38:10.078452686Z [2026-09-08 15:38:10] Prefill batch, #new-seq: 1, #new-token: 384, #cached-token: 0, full token usage: 0.04, mamba usage: 0.22, #running-req: 0, #queue-req: 0, #pending-token: 0, cuda graph: False, input throughput (token/s): 42969.55
2026-09-08T15:38:13.498320038Z [2026-09-08 15:38:13] Decode batch, #running-req: 1, #full token: 2496, full token usage: 0.04, mamba num: 4, mamba usage: 0.22, accept len: 2.33, accept rate: 0.44, cuda graph: True, gen throughput (token/s): 2.01, #queue-req: 0
2026-09-08T15:38:16.949851603Z [2026-09-08 15:38:16] Decode batch, #running-req: 1, #full token: 2624, full token usage: 0.04, mamba num: 4, mamba usage: 0.22, accept len: 2.98, accept rate: 0.66, cuda graph: True, gen throughput (token/s): 34.48, #queue-req: 0
2026-09-08T15:38:20.396944737Z [2026-09-08 15:38:20] Decode batch, #running-req: 1, #full token: 2688, full token usage: 0.04, mamba num: 4, mamba usage: 0.22, accept len: 2.17, accept rate: 0.39, cuda graph: True, gen throughput (token/s): 25.23, #queue-req: 0
2026-09-08T15:38:23.885747495Z [2026-09-08 15:38:23] Decode batch, #running-req: 1, #full token: 2816, full token usage: 0.04, mamba num: 4, mamba usage: 0.22, accept len: 2.92, accept rate: 0.64, cuda graph: True, gen throughput (token/s): 33.54, #queue-req: 0
2026-09-08T15:38:27.206621983Z [2026-09-08 15:38:27] Decode batch, #running-req: 1, #full token: 2944, full token usage: 0.04, mamba num: 4, mamba usage: 0.22, accept len: 2.62, accept rate: 0.54, cuda graph: True, gen throughput (token/s): 31.62, #queue-req: 0
2026-09-08T15:38:30.509561153Z [2026-09-08 15:38:30] Decode batch, #running-req: 1, #full token: 3072, full token usage: 0.05, mamba num: 4, mamba usage: 0.22, accept len: 2.77, accept rate: 0.59, cuda graph: True, gen throughput (token/s): 33.61, #queue-req: 0
2026-09-08T15:38:33.878555992Z [2026-09-08 15:38:33] Decode batch, #running-req: 1, #full token: 3136, full token usage: 0.05, mamba num: 4, mamba usage: 0.22, accept len: 2.70, accept rate: 0.57, cuda graph: True, gen throughput (token/s): 32.05, #queue-req: 0
2026-09-08T15:38:37.327945662Z [2026-09-08 15:38:37] Decode batch, #running-req: 1, #full token: 3264, full token usage: 0.05, mamba num: 4, mamba usage: 0.22, accept len: 2.48, accept rate: 0.49, cuda graph: True, gen throughput (token/s): 28.71, #queue-req: 0
2026-09-08T15:38:40.630993648Z [2026-09-08 15:38:40] Decode batch, #running-req: 1, #full token: 3392, full token usage: 0.05, mamba num: 4, mamba usage: 0.22, accept len: 2.77, accept rate: 0.59, cuda graph: True, gen throughput (token/s): 33.60, #queue-req: 0
2026-09-08T15:38:43.907721468Z [2026-09-08 15:38:43] Decode batch, #running-req: 1, #full token: 3520, full token usage: 0.05, mamba num: 4, mamba usage: 0.22, accept len: 3.80, accept rate: 0.93, cuda graph: True, gen throughput (token/s): 46.39, #queue-req: 0
2026-09-08T15:38:47.229177925Z [2026-09-08 15:38:47] Decode batch, #running-req: 1, #full token: 3648, full token usage: 0.06, mamba num: 4, mamba usage: 0.22, accept len: 4.00, accept rate: 1.00, cuda graph: True, gen throughput (token/s): 48.18, #queue-req: 0
2026-09-08T15:38:50.545296543Z [2026-09-08 15:38:50] Decode batch, #running-req: 1, #full token: 3840, full token usage: 0.06, mamba num: 4, mamba usage: 0.22, accept len: 4.00, accept rate: 1.00, cuda graph: True, gen throughput (token/s): 48.24, #queue-req: 0
2026-09-08T15:38:53.927744094Z [2026-09-08 15:38:53] Decode batch, #running-req: 1, #full token: 3968, full token usage: 0.06, mamba num: 4, mamba usage: 0.22, accept len: 3.55, accept rate: 0.85, cuda graph: True, gen throughput (token/s): 41.99, #queue-req: 0
2026-09-08T15:38:57.384335664Z [2026-09-08 15:38:57] Decode batch, #running-req: 1, #full token: 4096, full token usage: 0.06, mamba num: 4, mamba usage: 0.22, accept len: 3.62, accept rate: 0.88, cuda graph: True, gen throughput (token/s): 41.95, #queue-req: 0
2026-09-08T15:39:00.843181217Z [2026-09-08 15:39:00] Decode batch, #running-req: 1, #full token: 4224, full token usage: 0.06, mamba num: 4, mamba usage: 0.22, accept len: 3.33, accept rate: 0.78, cuda graph: True, gen throughput (token/s): 38.45, #queue-req: 0
2026-09-08T15:39:04.301408330Z [2026-09-08 15:39:04] Decode batch, #running-req: 1, #full token: 4416, full token usage: 0.07, mamba num: 4, mamba usage: 0.22, accept len: 3.52, accept rate: 0.84, cuda graph: True, gen throughput (token/s): 40.77, #queue-req: 0
2026-09-08T15:39:06.165973414Z [2026-09-08 15:39:06] Reset HybridReqToTokenPool
2026-09-08T15:39:06.170292829Z [2026-09-08 15:39:06] Cache flushed successfully!
2026-09-08T15:39:07.726384434Z [2026-09-08 15:39:07] Prefill batch, #new-seq: 1, #new-token: 1024, #cached-token: 0, full token usage: 0.03, mamba usage: 0.22, #running-req: 0, #queue-req: 0, #pending-token: 3094, cuda graph: False, input throughput (token/s): 17.76
2026-09-08T15:39:08.465188844Z [2026-09-08 15:39:08] Prefill batch, #new-seq: 1, #new-token: 1024, #cached-token: 0, full token usage: 0.05, mamba usage: 0.22, #running-req: 0, #queue-req: 0, #pending-token: 2070, cuda graph: False, input throughput (token/s): 1385.24
2026-09-08T15:39:09.110723082Z [2026-09-08 15:39:09] Prefill batch, #new-seq: 1, #new-token: 1024, #cached-token: 0, full token usage: 0.06, mamba usage: 0.22, #running-req: 0, #queue-req: 0, #pending-token: 1046, cuda graph: False, input throughput (token/s): 1586.29
2026-09-08T15:39:09.267085913Z [2026-09-08 15:39:09] Prefill batch, #new-seq: 1, #new-token: 1024, #cached-token: 0, full token usage: 0.06, mamba usage: 0.22, #running-req: 0, #queue-req: 0, #pending-token: 22, cuda graph: False, input throughput (token/s): 6552.48
2026-09-08T15:39:09.271855457Z [2026-09-08 15:39:09] Prefill batch, #new-seq: 1, #new-token: 64, #cached-token: 0, full token usage: 0.06, mamba usage: 0.22, #running-req: 0, #queue-req: 0, #pending-token: 0, cuda graph: False, input throughput (token/s): 12662.17
2026-09-08T15:39:12.531411218Z [2026-09-08 15:39:12] Decode batch, #running-req: 1, #full token: 4288, full token usage: 0.07, mamba num: 4, mamba usage: 0.22, accept len: 3.60, accept rate: 0.87, cuda graph: True, gen throughput (token/s): 17.50, #queue-req: 0
2026-09-08T15:39:15.955376171Z [2026-09-08 15:39:15] Decode batch, #running-req: 1, #full token: 4416, full token usage: 0.07, mamba num: 4, mamba usage: 0.22, accept len: 2.98, accept rate: 0.66, cuda graph: True, gen throughput (token/s): 34.76, #queue-req: 0
2026-09-08T15:39:19.255025787Z [2026-09-08 15:39:19] Decode batch, #running-req: 1, #full token: 4544, full token usage: 0.07, mamba num: 4, mamba usage: 0.22, accept len: 3.92, accept rate: 0.97, cuda graph: True, gen throughput (token/s): 47.58, #queue-req: 0
2026-09-08T15:39:22.791333334Z [2026-09-08 15:39:22] Decode batch, #running-req: 1, #full token: 4736, full token usage: 0.07, mamba num: 4, mamba usage: 0.22, accept len: 3.88, accept rate: 0.96, cuda graph: True, gen throughput (token/s): 43.82, #queue-req: 0
2026-09-08T15:39:26.105831144Z [2026-09-08 15:39:26] Decode batch, #running-req: 1, #full token: 4864, full token usage: 0.07, mamba num: 4, mamba usage: 0.22, accept len: 3.90, accept rate: 0.97, cuda graph: True, gen throughput (token/s): 47.07, #queue-req: 0
2026-09-08T15:39:29.422541160Z [2026-09-08 15:39:29] Decode batch, #running-req: 1, #full token: 5056, full token usage: 0.08, mamba num: 4, mamba usage: 0.22, accept len: 3.70, accept rate: 0.90, cuda graph: True, gen throughput (token/s): 44.62, #queue-req: 0
2026-09-08T15:39:32.758004438Z [2026-09-08 15:39:32] Decode batch, #running-req: 1, #full token: 5184, full token usage: 0.08, mamba num: 4, mamba usage: 0.22, accept len: 3.02, accept rate: 0.68, cuda graph: True, gen throughput (token/s): 36.28, #queue-req: 0
2026-09-08T15:39:36.042142865Z [2026-09-08 15:39:36] Decode batch, #running-req: 1, #full token: 5312, full token usage: 0.08, mamba num: 4, mamba usage: 0.22, accept len: 3.50, accept rate: 0.83, cuda graph: True, gen throughput (token/s): 42.63, #queue-req: 0
2026-09-08T15:39:39.311128396Z [2026-09-08 15:39:39] Decode batch, #running-req: 1, #full token: 5376, full token usage: 0.08, mamba num: 4, mamba usage: 0.22, accept len: 2.80, accept rate: 0.60, cuda graph: True, gen throughput (token/s): 34.26, #queue-req: 0
2026-09-08T15:39:42.737294416Z [2026-09-08 15:39:42] Decode batch, #running-req: 1, #full token: 5504, full token usage: 0.08, mamba num: 4, mamba usage: 0.22, accept len: 2.20, accept rate: 0.40, cuda graph: True, gen throughput (token/s): 25.68, #queue-req: 0
2026-09-08T15:39:46.143168011Z [2026-09-08 15:39:46] Decode batch, #running-req: 1, #full token: 5568, full token usage: 0.08, mamba num: 4, mamba usage: 0.22, accept len: 2.48, accept rate: 0.49, cuda graph: True, gen throughput (token/s): 29.07, #queue-req: 0
2026-09-08T15:39:49.549451057Z [2026-09-08 15:39:49] Decode batch, #running-req: 1, #full token: 5696, full token usage: 0.09, mamba num: 4, mamba usage: 0.22, accept len: 2.10, accept rate: 0.37, cuda graph: True, gen throughput (token/s): 24.66, #queue-req: 0
2026-09-08T15:39:52.871818586Z [2026-09-08 15:39:52] Decode batch, #running-req: 1, #full token: 5760, full token usage: 0.09, mamba num: 4, mamba usage: 0.22, accept len: 2.60, accept rate: 0.53, cuda graph: True, gen throughput (token/s): 31.30, #queue-req: 0
2026-09-08T15:39:56.202724462Z [2026-09-08 15:39:56] Decode batch, #running-req: 1, #full token: 5888, full token usage: 0.09, mamba num: 4, mamba usage: 0.22, accept len: 3.00, accept rate: 0.67, cuda graph: True, gen throughput (token/s): 36.03, #queue-req: 0
2026-09-08T15:39:59.629272827Z [2026-09-08 15:39:59] Decode batch, #running-req: 1, #full token: 5952, full token usage: 0.09, mamba num: 4, mamba usage: 0.22, accept len: 1.80, accept rate: 0.27, cuda graph: True, gen throughput (token/s): 21.01, #queue-req: 0
2026-09-08T15:40:03.139502682Z [2026-09-08 15:40:03] Decode batch, #running-req: 1, #full token: 6080, full token usage: 0.09, mamba num: 4, mamba usage: 0.22, accept len: 2.30, accept rate: 0.43, cuda graph: True, gen throughput (token/s): 26.21, #queue-req: 0
2026-09-08T15:40:06.695390886Z [2026-09-08 15:40:06] Decode batch, #running-req: 1, #full token: 6144, full token usage: 0.09, mamba num: 4, mamba usage: 0.22, accept len: 2.08, accept rate: 0.36, cuda graph: True, gen throughput (token/s): 23.34, #queue-req: 0
2026-09-08T15:40:10.206566285Z [2026-09-08 15:40:10] Decode batch, #running-req: 1, #full token: 6208, full token usage: 0.09, mamba num: 4, mamba usage: 0.22, accept len: 2.08, accept rate: 0.36, cuda graph: True, gen throughput (token/s): 23.64, #queue-req: 0
2026-09-08T15:40:13.618472523Z [2026-09-08 15:40:13] Decode batch, #running-req: 1, #full token: 6336, full token usage: 0.10, mamba num: 4, mamba usage: 0.22, accept len: 2.02, accept rate: 0.34, cuda graph: True, gen throughput (token/s): 23.74, #queue-req: 0
2026-09-08T15:40:17.004811703Z [2026-09-08 15:40:17] Decode batch, #running-req: 1, #full token: 6400, full token usage: 0.10, mamba num: 4, mamba usage: 0.22, accept len: 2.00, accept rate: 0.33, cuda graph: True, gen throughput (token/s): 23.62, #queue-req: 0
2026-09-08T15:40:20.349846356Z [2026-09-08 15:40:20] Decode batch, #running-req: 1, #full token: 6464, full token usage: 0.10, mamba num: 4, mamba usage: 0.22, accept len: 2.38, accept rate: 0.46, cuda graph: True, gen throughput (token/s): 28.40, #queue-req: 0
2026-09-08T15:40:23.757243724Z [2026-09-08 15:40:23] Decode batch, #running-req: 1, #full token: 6592, full token usage: 0.10, mamba num: 4, mamba usage: 0.22, accept len: 3.02, accept rate: 0.68, cuda graph: True, gen throughput (token/s): 35.51, #queue-req: 0
2026-09-08T15:40:27.171362444Z [2026-09-08 15:40:27] Decode batch, #running-req: 1, #full token: 6720, full token usage: 0.10, mamba num: 4, mamba usage: 0.22, accept len: 2.62, accept rate: 0.54, cuda graph: True, gen throughput (token/s): 30.75, #queue-req: 0
2026-09-08T15:40:30.446064205Z [2026-09-08 15:40:30] Decode batch, #running-req: 1, #full token: 6848, full token usage: 0.10, mamba num: 4, mamba usage: 0.22, accept len: 2.92, accept rate: 0.64, cuda graph: True, gen throughput (token/s): 35.73, #queue-req: 0
