Sep 09 00:36:03 spark-f05a dockerd[2454]: time="2026-09-09T00:36:03.622713198+09:00" level=info msg="ignoring event" container=e539c4ddcced033be4b332269d67635d019a7cbecc2f8e076dd46d2ecd6b7863 module=libcontainerd namespace=moby topic=/tasks/delete type="*events.TaskDelete"
Sep 09 00:36:04 spark-f05a systemd[1]: var-lib-docker-rootfs-overlayfs-e539c4ddcced033be4b332269d67635d019a7cbecc2f8e076dd46d2ecd6b7863.mount: Deactivated successfully.
Sep 09 00:36:21 spark-f05a systemd[1]: tmp-containerd\x2dmount1456704946.mount: Deactivated successfully.
Sep 09 00:36:21 spark-f05a containerd[2142]: time="2026-09-09T00:36:21.957686997+09:00" level=info msg="connecting to shim 04a9fc799c974d08bfdf159c23aee5d0c3e2561e0c7839a449fd4c7f9cf6cb85" address="unix:///run/containerd/s/bc6a3ed33fee740dfccec72718be7cbc3fbc11437af4d2801a3a6a69514735b7" namespace=moby protocol=ttrpc version=3
Sep 09 00:36:21 spark-f05a systemd[1]: Started docker-04a9fc799c974d08bfdf159c23aee5d0c3e2561e0c7839a449fd4c7f9cf6cb85.scope - libcontainer container 04a9fc799c974d08bfdf159c23aee5d0c3e2561e0c7839a449fd4c7f9cf6cb85.
Sep 09 00:36:22 spark-f05a dockerd[2454]: time="2026-09-09T00:36:22.015696468+09:00" level=info msg="sbJoin: gwep4 ''->'', gwep6 ''->''" eid=8b913ea2f6fe ep=funny_blackwell net=none nid=56e24ac94324
Sep 09 00:36:22 spark-f05a systemd[1]: docker-04a9fc799c974d08bfdf159c23aee5d0c3e2561e0c7839a449fd4c7f9cf6cb85.scope: Deactivated successfully.
Sep 09 00:36:22 spark-f05a containerd[2142]: time="2026-09-09T00:36:22.044351691+09:00" level=info msg="shim disconnected" id=04a9fc799c974d08bfdf159c23aee5d0c3e2561e0c7839a449fd4c7f9cf6cb85 namespace=moby
Sep 09 00:36:22 spark-f05a containerd[2142]: time="2026-09-09T00:36:22.044386699+09:00" level=info msg="cleaning up after shim disconnected" id=04a9fc799c974d08bfdf159c23aee5d0c3e2561e0c7839a449fd4c7f9cf6cb85 namespace=moby
Sep 09 00:36:22 spark-f05a containerd[2142]: time="2026-09-09T00:36:22.044454380+09:00" level=info msg="cleaning up dead shim" id=04a9fc799c974d08bfdf159c23aee5d0c3e2561e0c7839a449fd4c7f9cf6cb85 namespace=moby
Sep 09 00:36:22 spark-f05a dockerd[2454]: time="2026-09-09T00:36:22.044392235+09:00" level=info msg="ignoring event" container=04a9fc799c974d08bfdf159c23aee5d0c3e2561e0c7839a449fd4c7f9cf6cb85 module=libcontainerd namespace=moby topic=/tasks/delete type="*events.TaskDelete"
Sep 09 00:36:22 spark-f05a systemd[1]: run-docker-netns-f341c56c32e9.mount: Deactivated successfully.
Sep 09 00:36:22 spark-f05a systemd[1]: var-lib-docker-rootfs-overlayfs-04a9fc799c974d08bfdf159c23aee5d0c3e2561e0c7839a449fd4c7f9cf6cb85.mount: Deactivated successfully.
Sep 09 00:36:33 spark-f05a systemd[1]: tmp-containerd\x2dmount1846312953.mount: Deactivated successfully.
Sep 09 00:36:33 spark-f05a containerd[2142]: time="2026-09-09T00:36:33.408378486+09:00" level=info msg="connecting to shim 4b8d26c00d8465c39ab1ba4d85960d3aea1943eb31202ce61505bf75f52d5144" address="unix:///run/containerd/s/8a45c2aeb15e7a49db159d3ce4402dfec307509cc3fad80c5e987d54c9263d82" namespace=moby protocol=ttrpc version=3
Sep 09 00:36:33 spark-f05a systemd[1]: Started docker-4b8d26c00d8465c39ab1ba4d85960d3aea1943eb31202ce61505bf75f52d5144.scope - libcontainer container 4b8d26c00d8465c39ab1ba4d85960d3aea1943eb31202ce61505bf75f52d5144.
Sep 09 00:36:33 spark-f05a dockerd[2454]: time="2026-09-09T00:36:33.477279066+09:00" level=info msg="sbJoin: gwep4 ''->'', gwep6 ''->''" eid=ff62e9503592 ep=busy_torvalds net=none nid=56e24ac94324
Sep 09 00:36:33 spark-f05a systemd[1]: docker-4b8d26c00d8465c39ab1ba4d85960d3aea1943eb31202ce61505bf75f52d5144.scope: Deactivated successfully.
Sep 09 00:36:33 spark-f05a dockerd[2454]: time="2026-09-09T00:36:33.502362922+09:00" level=info msg="ignoring event" container=4b8d26c00d8465c39ab1ba4d85960d3aea1943eb31202ce61505bf75f52d5144 module=libcontainerd namespace=moby topic=/tasks/delete type="*events.TaskDelete"
Sep 09 00:36:33 spark-f05a containerd[2142]: time="2026-09-09T00:36:33.505364256+09:00" level=info msg="shim disconnected" id=4b8d26c00d8465c39ab1ba4d85960d3aea1943eb31202ce61505bf75f52d5144 namespace=moby
Sep 09 00:36:33 spark-f05a containerd[2142]: time="2026-09-09T00:36:33.505423440+09:00" level=info msg="cleaning up after shim disconnected" id=4b8d26c00d8465c39ab1ba4d85960d3aea1943eb31202ce61505bf75f52d5144 namespace=moby
Sep 09 00:36:33 spark-f05a containerd[2142]: time="2026-09-09T00:36:33.505473488+09:00" level=info msg="cleaning up dead shim" id=4b8d26c00d8465c39ab1ba4d85960d3aea1943eb31202ce61505bf75f52d5144 namespace=moby
Sep 09 00:36:34 spark-f05a systemd[1]: run-docker-netns-b7fe20209ee8.mount: Deactivated successfully.
Sep 09 00:36:34 spark-f05a systemd[1]: var-lib-docker-rootfs-overlayfs-4b8d26c00d8465c39ab1ba4d85960d3aea1943eb31202ce61505bf75f52d5144.mount: Deactivated successfully.
Sep 09 00:37:03 spark-f05a systemd[1]: tmp-containerd\x2dmount1844031726.mount: Deactivated successfully.
Sep 09 00:37:03 spark-f05a containerd[2142]: time="2026-09-09T00:37:03.587255667+09:00" level=info msg="connecting to shim f3f3eec72ed8be955f45b336a3ca65634147a860233ff317569bc5ab44973c2b" address="unix:///run/containerd/s/4109ecd9e9efcf545a7d2e789a344f476e8e1ca06a7a68f433a969a1a78c584a" namespace=moby protocol=ttrpc version=3
Sep 09 00:37:03 spark-f05a systemd[1]: Started docker-f3f3eec72ed8be955f45b336a3ca65634147a860233ff317569bc5ab44973c2b.scope - libcontainer container f3f3eec72ed8be955f45b336a3ca65634147a860233ff317569bc5ab44973c2b.
Sep 09 00:37:03 spark-f05a dockerd[2454]: time="2026-09-09T00:37:03.660758254+09:00" level=info msg="sbJoin: gwep4 ''->'', gwep6 ''->''" eid=2a3632dbb761 ep=laughing_wright net=none nid=56e24ac94324
Sep 09 00:37:03 spark-f05a systemd[1]: docker-f3f3eec72ed8be955f45b336a3ca65634147a860233ff317569bc5ab44973c2b.scope: Deactivated successfully.
Sep 09 00:37:03 spark-f05a dockerd[2454]: time="2026-09-09T00:37:03.685592030+09:00" level=info msg="ignoring event" container=f3f3eec72ed8be955f45b336a3ca65634147a860233ff317569bc5ab44973c2b module=libcontainerd namespace=moby topic=/tasks/delete type="*events.TaskDelete"
Sep 09 00:37:03 spark-f05a containerd[2142]: time="2026-09-09T00:37:03.685674350+09:00" level=info msg="shim disconnected" id=f3f3eec72ed8be955f45b336a3ca65634147a860233ff317569bc5ab44973c2b namespace=moby
Sep 09 00:37:03 spark-f05a containerd[2142]: time="2026-09-09T00:37:03.685709022+09:00" level=info msg="cleaning up after shim disconnected" id=f3f3eec72ed8be955f45b336a3ca65634147a860233ff317569bc5ab44973c2b namespace=moby
Sep 09 00:37:03 spark-f05a containerd[2142]: time="2026-09-09T00:37:03.685736158+09:00" level=info msg="cleaning up dead shim" id=f3f3eec72ed8be955f45b336a3ca65634147a860233ff317569bc5ab44973c2b namespace=moby
Sep 09 00:37:04 spark-f05a systemd[1]: var-lib-docker-rootfs-overlayfs-f3f3eec72ed8be955f45b336a3ca65634147a860233ff317569bc5ab44973c2b.mount: Deactivated successfully.
Sep 09 00:37:21 spark-f05a systemd[1]: tmp-containerd\x2dmount2159002888.mount: Deactivated successfully.
Sep 09 00:37:21 spark-f05a containerd[2142]: time="2026-09-09T00:37:21.927832040+09:00" level=info msg="connecting to shim c1666967dc5bc084dfb695b4d9c7fc0a1cc737d886d04dddd27d631f2196761e" address="unix:///run/containerd/s/b5aa1ff208578cda2908b48836946b7a5a8c71941d745ad289300606760896bb" namespace=moby protocol=ttrpc version=3
Sep 09 00:37:21 spark-f05a systemd[1]: Started docker-c1666967dc5bc084dfb695b4d9c7fc0a1cc737d886d04dddd27d631f2196761e.scope - libcontainer container c1666967dc5bc084dfb695b4d9c7fc0a1cc737d886d04dddd27d631f2196761e.
Sep 09 00:37:22 spark-f05a dockerd[2454]: time="2026-09-09T00:37:22.000551809+09:00" level=info msg="sbJoin: gwep4 ''->'', gwep6 ''->''" eid=129fb59fe396 ep=reverent_dijkstra net=none nid=56e24ac94324
Sep 09 00:37:22 spark-f05a systemd[1]: docker-c1666967dc5bc084dfb695b4d9c7fc0a1cc737d886d04dddd27d631f2196761e.scope: Deactivated successfully.
Sep 09 00:37:22 spark-f05a dockerd[2454]: time="2026-09-09T00:37:22.024932207+09:00" level=info msg="ignoring event" container=c1666967dc5bc084dfb695b4d9c7fc0a1cc737d886d04dddd27d631f2196761e module=libcontainerd namespace=moby topic=/tasks/delete type="*events.TaskDelete"
Sep 09 00:37:22 spark-f05a containerd[2142]: time="2026-09-09T00:37:22.025074448+09:00" level=info msg="shim disconnected" id=c1666967dc5bc084dfb695b4d9c7fc0a1cc737d886d04dddd27d631f2196761e namespace=moby
Sep 09 00:37:22 spark-f05a containerd[2142]: time="2026-09-09T00:37:22.025178000+09:00" level=info msg="cleaning up after shim disconnected" id=c1666967dc5bc084dfb695b4d9c7fc0a1cc737d886d04dddd27d631f2196761e namespace=moby
Sep 09 00:37:22 spark-f05a containerd[2142]: time="2026-09-09T00:37:22.025228384+09:00" level=info msg="cleaning up dead shim" id=c1666967dc5bc084dfb695b4d9c7fc0a1cc737d886d04dddd27d631f2196761e namespace=moby
Sep 09 00:37:22 spark-f05a systemd[1]: var-lib-docker-rootfs-overlayfs-c1666967dc5bc084dfb695b4d9c7fc0a1cc737d886d04dddd27d631f2196761e.mount: Deactivated successfully.
Sep 09 00:37:33 spark-f05a systemd[1]: tmp-containerd\x2dmount727733360.mount: Deactivated successfully.
Sep 09 00:37:33 spark-f05a containerd[2142]: time="2026-09-09T00:37:33.270487385+09:00" level=info msg="connecting to shim fc72aea055d36ca163d10dab2aac0da35948ef71d3c0b9eebcfe1ae1169642a4" address="unix:///run/containerd/s/e683359d60a1e302fad338eb1242371bfc88d341c8fda6668775fb6161fa3c77" namespace=moby protocol=ttrpc version=3
Sep 09 00:37:33 spark-f05a systemd[1]: Started docker-fc72aea055d36ca163d10dab2aac0da35948ef71d3c0b9eebcfe1ae1169642a4.scope - libcontainer container fc72aea055d36ca163d10dab2aac0da35948ef71d3c0b9eebcfe1ae1169642a4.
Sep 09 00:37:33 spark-f05a dockerd[2454]: time="2026-09-09T00:37:33.321609513+09:00" level=info msg="sbJoin: gwep4 ''->'', gwep6 ''->''" eid=a431d2b99437 ep=goofy_chandrasekhar net=none nid=56e24ac94324
Sep 09 00:37:33 spark-f05a systemd[1]: docker-fc72aea055d36ca163d10dab2aac0da35948ef71d3c0b9eebcfe1ae1169642a4.scope: Deactivated successfully.
Sep 09 00:37:33 spark-f05a containerd[2142]: time="2026-09-09T00:37:33.338124216+09:00" level=info msg="shim disconnected" id=fc72aea055d36ca163d10dab2aac0da35948ef71d3c0b9eebcfe1ae1169642a4 namespace=moby
Sep 09 00:37:33 spark-f05a containerd[2142]: time="2026-09-09T00:37:33.338144264+09:00" level=info msg="cleaning up after shim disconnected" id=fc72aea055d36ca163d10dab2aac0da35948ef71d3c0b9eebcfe1ae1169642a4 namespace=moby
Sep 09 00:37:33 spark-f05a containerd[2142]: time="2026-09-09T00:37:33.338161912+09:00" level=info msg="cleaning up dead shim" id=fc72aea055d36ca163d10dab2aac0da35948ef71d3c0b9eebcfe1ae1169642a4 namespace=moby
Sep 09 00:37:33 spark-f05a dockerd[2454]: time="2026-09-09T00:37:33.338230040+09:00" level=info msg="ignoring event" container=fc72aea055d36ca163d10dab2aac0da35948ef71d3c0b9eebcfe1ae1169642a4 module=libcontainerd namespace=moby topic=/tasks/delete type="*events.TaskDelete"
Sep 09 00:37:34 spark-f05a systemd[1]: run-docker-netns-85cde26d31cd.mount: Deactivated successfully.
Sep 09 00:37:34 spark-f05a systemd[1]: var-lib-docker-rootfs-overlayfs-fc72aea055d36ca163d10dab2aac0da35948ef71d3c0b9eebcfe1ae1169642a4.mount: Deactivated successfully.
Sep 09 00:38:03 spark-f05a systemd[1]: tmp-containerd\x2dmount1631307068.mount: Deactivated successfully.
Sep 09 00:38:03 spark-f05a containerd[2142]: time="2026-09-09T00:38:03.254485914+09:00" level=info msg="connecting to shim efa0e1c4c12b786624d366b78f33db20f2d038463929ff514a74cbf2143271d1" address="unix:///run/containerd/s/b888726577fe21086115889ba76c93ac86b60ecb351e20813c3e3fa98b2a4d3b" namespace=moby protocol=ttrpc version=3
Sep 09 00:38:03 spark-f05a systemd[1]: Started docker-efa0e1c4c12b786624d366b78f33db20f2d038463929ff514a74cbf2143271d1.scope - libcontainer container efa0e1c4c12b786624d366b78f33db20f2d038463929ff514a74cbf2143271d1.
Sep 09 00:38:03 spark-f05a dockerd[2454]: time="2026-09-09T00:38:03.308938928+09:00" level=info msg="sbJoin: gwep4 ''->'', gwep6 ''->''" eid=e38752bda4c8 ep=fervent_wilson net=none nid=56e24ac94324
Sep 09 00:38:03 spark-f05a systemd[1]: docker-efa0e1c4c12b786624d366b78f33db20f2d038463929ff514a74cbf2143271d1.scope: Deactivated successfully.
Sep 09 00:38:03 spark-f05a containerd[2142]: time="2026-09-09T00:38:03.324529789+09:00" level=info msg="shim disconnected" id=efa0e1c4c12b786624d366b78f33db20f2d038463929ff514a74cbf2143271d1 namespace=moby
Sep 09 00:38:03 spark-f05a containerd[2142]: time="2026-09-09T00:38:03.324547309+09:00" level=info msg="cleaning up after shim disconnected" id=efa0e1c4c12b786624d366b78f33db20f2d038463929ff514a74cbf2143271d1 namespace=moby
Sep 09 00:38:03 spark-f05a containerd[2142]: time="2026-09-09T00:38:03.324567469+09:00" level=info msg="cleaning up dead shim" id=efa0e1c4c12b786624d366b78f33db20f2d038463929ff514a74cbf2143271d1 namespace=moby
Sep 09 00:38:03 spark-f05a dockerd[2454]: time="2026-09-09T00:38:03.324581309+09:00" level=info msg="ignoring event" container=efa0e1c4c12b786624d366b78f33db20f2d038463929ff514a74cbf2143271d1 module=libcontainerd namespace=moby topic=/tasks/delete type="*events.TaskDelete"
Sep 09 00:38:04 spark-f05a systemd[1]: var-lib-docker-rootfs-overlayfs-efa0e1c4c12b786624d366b78f33db20f2d038463929ff514a74cbf2143271d1.mount: Deactivated successfully.
Sep 09 00:38:21 spark-f05a systemd[1]: tmp-containerd\x2dmount2191021730.mount: Deactivated successfully.
Sep 09 00:38:22 spark-f05a containerd[2142]: time="2026-09-09T00:38:22.418770023+09:00" level=info msg="connecting to shim 8a4119d559bde78d23f2766bc5f673c1b91b927781e9652448e7b49ce49fc971" address="unix:///run/containerd/s/cab31b64b6b179988df8c35d003c09e34dfa107979709884bdd2e352af0de459" namespace=moby protocol=ttrpc version=3
Sep 09 00:38:22 spark-f05a systemd[1]: Started docker-8a4119d559bde78d23f2766bc5f673c1b91b927781e9652448e7b49ce49fc971.scope - libcontainer container 8a4119d559bde78d23f2766bc5f673c1b91b927781e9652448e7b49ce49fc971.
Sep 09 00:38:22 spark-f05a dockerd[2454]: time="2026-09-09T00:38:22.497023816+09:00" level=info msg="sbJoin: gwep4 ''->'', gwep6 ''->''" eid=cbf6891449b1 ep=modest_mendel net=none nid=56e24ac94324
Sep 09 00:38:22 spark-f05a systemd[1]: docker-8a4119d559bde78d23f2766bc5f673c1b91b927781e9652448e7b49ce49fc971.scope: Deactivated successfully.
Sep 09 00:38:22 spark-f05a containerd[2142]: time="2026-09-09T00:38:22.522517928+09:00" level=info msg="shim disconnected" id=8a4119d559bde78d23f2766bc5f673c1b91b927781e9652448e7b49ce49fc971 namespace=moby
Sep 09 00:38:22 spark-f05a containerd[2142]: time="2026-09-09T00:38:22.522562360+09:00" level=info msg="cleaning up after shim disconnected" id=8a4119d559bde78d23f2766bc5f673c1b91b927781e9652448e7b49ce49fc971 namespace=moby
Sep 09 00:38:22 spark-f05a containerd[2142]: time="2026-09-09T00:38:22.522610792+09:00" level=info msg="cleaning up dead shim" id=8a4119d559bde78d23f2766bc5f673c1b91b927781e9652448e7b49ce49fc971 namespace=moby
Sep 09 00:38:22 spark-f05a dockerd[2454]: time="2026-09-09T00:38:22.522638056+09:00" level=info msg="ignoring event" container=8a4119d559bde78d23f2766bc5f673c1b91b927781e9652448e7b49ce49fc971 module=libcontainerd namespace=moby topic=/tasks/delete type="*events.TaskDelete"
Sep 09 00:38:22 spark-f05a systemd[1]: run-docker-netns-d616a1e9077f.mount: Deactivated successfully.
Sep 09 00:38:22 spark-f05a systemd[1]: var-lib-docker-rootfs-overlayfs-8a4119d559bde78d23f2766bc5f673c1b91b927781e9652448e7b49ce49fc971.mount: Deactivated successfully.
Sep 09 00:38:33 spark-f05a systemd[1]: tmp-containerd\x2dmount37907020.mount: Deactivated successfully.
Sep 09 00:38:33 spark-f05a containerd[2142]: time="2026-09-09T00:38:33.397927184+09:00" level=info msg="connecting to shim 2ccc72d1f7f86678dfb951a747410e4ab784b1bfbae5bcd42027f73dd52152e8" address="unix:///run/containerd/s/d6bafec319cc00a1af8049643ca2906eb7e07a745dc0c20ec4822f49bb3309c6" namespace=moby protocol=ttrpc version=3
Sep 09 00:38:33 spark-f05a systemd[1]: Started docker-2ccc72d1f7f86678dfb951a747410e4ab784b1bfbae5bcd42027f73dd52152e8.scope - libcontainer container 2ccc72d1f7f86678dfb951a747410e4ab784b1bfbae5bcd42027f73dd52152e8.
Sep 09 00:38:33 spark-f05a dockerd[2454]: time="2026-09-09T00:38:33.476838322+09:00" level=info msg="sbJoin: gwep4 ''->'', gwep6 ''->''" eid=304d24da6722 ep=hopeful_aryabhata net=none nid=56e24ac94324
Sep 09 00:38:33 spark-f05a systemd[1]: docker-2ccc72d1f7f86678dfb951a747410e4ab784b1bfbae5bcd42027f73dd52152e8.scope: Deactivated successfully.
Sep 09 00:38:33 spark-f05a containerd[2142]: time="2026-09-09T00:38:33.503710099+09:00" level=info msg="shim disconnected" id=2ccc72d1f7f86678dfb951a747410e4ab784b1bfbae5bcd42027f73dd52152e8 namespace=moby
Sep 09 00:38:33 spark-f05a dockerd[2454]: time="2026-09-09T00:38:33.503784019+09:00" level=info msg="ignoring event" container=2ccc72d1f7f86678dfb951a747410e4ab784b1bfbae5bcd42027f73dd52152e8 module=libcontainerd namespace=moby topic=/tasks/delete type="*events.TaskDelete"
Sep 09 00:38:33 spark-f05a containerd[2142]: time="2026-09-09T00:38:33.503791251+09:00" level=info msg="cleaning up after shim disconnected" id=2ccc72d1f7f86678dfb951a747410e4ab784b1bfbae5bcd42027f73dd52152e8 namespace=moby
Sep 09 00:38:33 spark-f05a containerd[2142]: time="2026-09-09T00:38:33.503861620+09:00" level=info msg="cleaning up dead shim" id=2ccc72d1f7f86678dfb951a747410e4ab784b1bfbae5bcd42027f73dd52152e8 namespace=moby
Sep 09 00:38:34 spark-f05a systemd[1]: run-docker-netns-7fd888eeff82.mount: Deactivated successfully.
Sep 09 00:38:34 spark-f05a systemd[1]: var-lib-docker-rootfs-overlayfs-2ccc72d1f7f86678dfb951a747410e4ab784b1bfbae5bcd42027f73dd52152e8.mount: Deactivated successfully.
Sep 09 00:39:03 spark-f05a systemd[1]: tmp-containerd\x2dmount788030238.mount: Deactivated successfully.
Sep 09 00:39:03 spark-f05a containerd[2142]: time="2026-09-09T00:39:03.438812412+09:00" level=info msg="connecting to shim 05b8883ffa0e43e04d2cbc598f293cece2097d7fc1b893ec18203fa159c7368b" address="unix:///run/containerd/s/0ea172fafab8714dc87ce7b82cdf18eb130f9f1c11e628e5866e19029072e873" namespace=moby protocol=ttrpc version=3
Sep 09 00:39:03 spark-f05a systemd[1]: Started docker-05b8883ffa0e43e04d2cbc598f293cece2097d7fc1b893ec18203fa159c7368b.scope - libcontainer container 05b8883ffa0e43e04d2cbc598f293cece2097d7fc1b893ec18203fa159c7368b.
Sep 09 00:39:03 spark-f05a dockerd[2454]: time="2026-09-09T00:39:03.503952772+09:00" level=info msg="sbJoin: gwep4 ''->'', gwep6 ''->''" eid=2a9f7738e67a ep=elastic_wozniak net=none nid=56e24ac94324
Sep 09 00:39:03 spark-f05a systemd[1]: docker-05b8883ffa0e43e04d2cbc598f293cece2097d7fc1b893ec18203fa159c7368b.scope: Deactivated successfully.
Sep 09 00:39:03 spark-f05a containerd[2142]: time="2026-09-09T00:39:03.524700842+09:00" level=info msg="shim disconnected" id=05b8883ffa0e43e04d2cbc598f293cece2097d7fc1b893ec18203fa159c7368b namespace=moby
Sep 09 00:39:03 spark-f05a containerd[2142]: time="2026-09-09T00:39:03.524756522+09:00" level=info msg="cleaning up after shim disconnected" id=05b8883ffa0e43e04d2cbc598f293cece2097d7fc1b893ec18203fa159c7368b namespace=moby
Sep 09 00:39:03 spark-f05a containerd[2142]: time="2026-09-09T00:39:03.524804810+09:00" level=info msg="cleaning up dead shim" id=05b8883ffa0e43e04d2cbc598f293cece2097d7fc1b893ec18203fa159c7368b namespace=moby
Sep 09 00:39:03 spark-f05a dockerd[2454]: time="2026-09-09T00:39:03.524762474+09:00" level=info msg="ignoring event" container=05b8883ffa0e43e04d2cbc598f293cece2097d7fc1b893ec18203fa159c7368b module=libcontainerd namespace=moby topic=/tasks/delete type="*events.TaskDelete"
Sep 09 00:39:04 spark-f05a systemd[1]: var-lib-docker-rootfs-overlayfs-05b8883ffa0e43e04d2cbc598f293cece2097d7fc1b893ec18203fa159c7368b.mount: Deactivated successfully.
Sep 09 00:39:21 spark-f05a systemd[1]: tmp-containerd\x2dmount2044755179.mount: Deactivated successfully.
Sep 09 00:39:22 spark-f05a containerd[2142]: time="2026-09-09T00:39:22.648903714+09:00" level=info msg="connecting to shim 91713b6b9ceba73ef1db22bd11f175cf1eac1686359c5a103648e7557ba5907a" address="unix:///run/containerd/s/afada6b1590b3d2f47477ea003c7c619e79a067ccb505eb516c2daea02f75812" namespace=moby protocol=ttrpc version=3
Sep 09 00:39:22 spark-f05a systemd[1]: Started docker-91713b6b9ceba73ef1db22bd11f175cf1eac1686359c5a103648e7557ba5907a.scope - libcontainer container 91713b6b9ceba73ef1db22bd11f175cf1eac1686359c5a103648e7557ba5907a.
Sep 09 00:39:22 spark-f05a dockerd[2454]: time="2026-09-09T00:39:22.722260136+09:00" level=info msg="sbJoin: gwep4 ''->'', gwep6 ''->''" eid=3fdeab5b094d ep=sharp_liskov net=none nid=56e24ac94324
Sep 09 00:39:22 spark-f05a systemd[1]: docker-91713b6b9ceba73ef1db22bd11f175cf1eac1686359c5a103648e7557ba5907a.scope: Deactivated successfully.
Sep 09 00:39:22 spark-f05a containerd[2142]: time="2026-09-09T00:39:22.747900487+09:00" level=info msg="shim disconnected" id=91713b6b9ceba73ef1db22bd11f175cf1eac1686359c5a103648e7557ba5907a namespace=moby
Sep 09 00:39:22 spark-f05a containerd[2142]: time="2026-09-09T00:39:22.747924695+09:00" level=info msg="cleaning up after shim disconnected" id=91713b6b9ceba73ef1db22bd11f175cf1eac1686359c5a103648e7557ba5907a namespace=moby
Sep 09 00:39:22 spark-f05a containerd[2142]: time="2026-09-09T00:39:22.747960519+09:00" level=info msg="cleaning up dead shim" id=91713b6b9ceba73ef1db22bd11f175cf1eac1686359c5a103648e7557ba5907a namespace=moby
Sep 09 00:39:22 spark-f05a dockerd[2454]: time="2026-09-09T00:39:22.747957559+09:00" level=info msg="ignoring event" container=91713b6b9ceba73ef1db22bd11f175cf1eac1686359c5a103648e7557ba5907a module=libcontainerd namespace=moby topic=/tasks/delete type="*events.TaskDelete"
Sep 09 00:39:22 spark-f05a systemd[1]: run-docker-netns-4e68d260f351.mount: Deactivated successfully.
Sep 09 00:39:22 spark-f05a systemd[1]: var-lib-docker-rootfs-overlayfs-91713b6b9ceba73ef1db22bd11f175cf1eac1686359c5a103648e7557ba5907a.mount: Deactivated successfully.
Sep 09 00:39:33 spark-f05a systemd[1]: tmp-containerd\x2dmount2805998900.mount: Deactivated successfully.
Sep 09 00:39:33 spark-f05a containerd[2142]: time="2026-09-09T00:39:33.332412252+09:00" level=info msg="connecting to shim a31347bd8c12a80f34b8b23a62194e06349c954cfd40cd8f8680f27bf796cadf" address="unix:///run/containerd/s/06e2d1dc0323143813354c5a6a5142854e1c0bd810d0484d12fcdc5f0cbf50bf" namespace=moby protocol=ttrpc version=3
Sep 09 00:39:33 spark-f05a systemd[1]: Started docker-a31347bd8c12a80f34b8b23a62194e06349c954cfd40cd8f8680f27bf796cadf.scope - libcontainer container a31347bd8c12a80f34b8b23a62194e06349c954cfd40cd8f8680f27bf796cadf.
Sep 09 00:39:33 spark-f05a dockerd[2454]: time="2026-09-09T00:39:33.396442160+09:00" level=info msg="sbJoin: gwep4 ''->'', gwep6 ''->''" eid=93543d695819 ep=agitated_shaw net=none nid=56e24ac94324
Sep 09 00:39:33 spark-f05a systemd[1]: docker-a31347bd8c12a80f34b8b23a62194e06349c954cfd40cd8f8680f27bf796cadf.scope: Deactivated successfully.
Sep 09 00:39:33 spark-f05a dockerd[2454]: time="2026-09-09T00:39:33.423191681+09:00" level=info msg="ignoring event" container=a31347bd8c12a80f34b8b23a62194e06349c954cfd40cd8f8680f27bf796cadf module=libcontainerd namespace=moby topic=/tasks/delete type="*events.TaskDelete"
Sep 09 00:39:33 spark-f05a containerd[2142]: time="2026-09-09T00:39:33.423259633+09:00" level=info msg="shim disconnected" id=a31347bd8c12a80f34b8b23a62194e06349c954cfd40cd8f8680f27bf796cadf namespace=moby
Sep 09 00:39:33 spark-f05a containerd[2142]: time="2026-09-09T00:39:33.423303089+09:00" level=info msg="cleaning up after shim disconnected" id=a31347bd8c12a80f34b8b23a62194e06349c954cfd40cd8f8680f27bf796cadf namespace=moby
Sep 09 00:39:33 spark-f05a containerd[2142]: time="2026-09-09T00:39:33.423334177+09:00" level=info msg="cleaning up dead shim" id=a31347bd8c12a80f34b8b23a62194e06349c954cfd40cd8f8680f27bf796cadf namespace=moby
Sep 09 00:39:34 spark-f05a systemd[1]: var-lib-docker-rootfs-overlayfs-a31347bd8c12a80f34b8b23a62194e06349c954cfd40cd8f8680f27bf796cadf.mount: Deactivated successfully.
Sep 09 00:40:03 spark-f05a systemd[1]: tmp-containerd\x2dmount2316644895.mount: Deactivated successfully.
Sep 09 00:40:03 spark-f05a systemd[1]: Starting sysstat-collect.service - system activity accounting tool...
Sep 09 00:40:03 spark-f05a systemd[1]: sysstat-collect.service: Deactivated successfully.
Sep 09 00:40:03 spark-f05a systemd[1]: Finished sysstat-collect.service - system activity accounting tool.
Sep 09 00:40:03 spark-f05a containerd[2142]: time="2026-09-09T00:40:03.592970942+09:00" level=info msg="connecting to shim 764031036f9bab4fb12de3ad567f08b3f7dcc0fee658bb62cd86c3ce2187941c" address="unix:///run/containerd/s/5bdf02ca0a6f79cea77de535b3103b20bd84e24a6a36ecb5d1dd4e029074e481" namespace=moby protocol=ttrpc version=3
Sep 09 00:40:03 spark-f05a systemd[1]: Started docker-764031036f9bab4fb12de3ad567f08b3f7dcc0fee658bb62cd86c3ce2187941c.scope - libcontainer container 764031036f9bab4fb12de3ad567f08b3f7dcc0fee658bb62cd86c3ce2187941c.
Sep 09 00:40:03 spark-f05a dockerd[2454]: time="2026-09-09T00:40:03.657743107+09:00" level=info msg="sbJoin: gwep4 ''->'', gwep6 ''->''" eid=f6d64987c6aa ep=adoring_ishizaka net=none nid=56e24ac94324
Sep 09 00:40:03 spark-f05a systemd[1]: docker-764031036f9bab4fb12de3ad567f08b3f7dcc0fee658bb62cd86c3ce2187941c.scope: Deactivated successfully.
Sep 09 00:40:03 spark-f05a containerd[2142]: time="2026-09-09T00:40:03.686624279+09:00" level=info msg="shim disconnected" id=764031036f9bab4fb12de3ad567f08b3f7dcc0fee658bb62cd86c3ce2187941c namespace=moby
Sep 09 00:40:03 spark-f05a dockerd[2454]: time="2026-09-09T00:40:03.686649351+09:00" level=info msg="ignoring event" container=764031036f9bab4fb12de3ad567f08b3f7dcc0fee658bb62cd86c3ce2187941c module=libcontainerd namespace=moby topic=/tasks/delete type="*events.TaskDelete"
Sep 09 00:40:03 spark-f05a containerd[2142]: time="2026-09-09T00:40:03.686689687+09:00" level=info msg="cleaning up after shim disconnected" id=764031036f9bab4fb12de3ad567f08b3f7dcc0fee658bb62cd86c3ce2187941c namespace=moby
Sep 09 00:40:03 spark-f05a containerd[2142]: time="2026-09-09T00:40:03.686744008+09:00" level=info msg="cleaning up dead shim" id=764031036f9bab4fb12de3ad567f08b3f7dcc0fee658bb62cd86c3ce2187941c namespace=moby
Sep 09 00:40:04 spark-f05a systemd[1]: var-lib-docker-rootfs-overlayfs-764031036f9bab4fb12de3ad567f08b3f7dcc0fee658bb62cd86c3ce2187941c.mount: Deactivated successfully.
Sep 09 00:40:21 spark-f05a systemd[1]: tmp-containerd\x2dmount2231941187.mount: Deactivated successfully.
Sep 09 00:40:22 spark-f05a containerd[2142]: time="2026-09-09T00:40:22.012891015+09:00" level=info msg="connecting to shim a6e638668941b2e6f082af1d1edbb4376da1c37fe7042723123b707f8ad7de3c" address="unix:///run/containerd/s/b1aa640651a43517a62ab7e17a4420ee1f0b21b5c130c4702929f0be48538e75" namespace=moby protocol=ttrpc version=3
Sep 09 00:40:22 spark-f05a systemd[1]: Started docker-a6e638668941b2e6f082af1d1edbb4376da1c37fe7042723123b707f8ad7de3c.scope - libcontainer container a6e638668941b2e6f082af1d1edbb4376da1c37fe7042723123b707f8ad7de3c.
Sep 09 00:40:22 spark-f05a dockerd[2454]: time="2026-09-09T00:40:22.082984486+09:00" level=info msg="sbJoin: gwep4 ''->'', gwep6 ''->''" eid=ab2ea4e7db51 ep=busy_swirles net=none nid=56e24ac94324
Sep 09 00:40:22 spark-f05a systemd[1]: docker-a6e638668941b2e6f082af1d1edbb4376da1c37fe7042723123b707f8ad7de3c.scope: Deactivated successfully.
Sep 09 00:40:22 spark-f05a containerd[2142]: time="2026-09-09T00:40:22.110291383+09:00" level=info msg="shim disconnected" id=a6e638668941b2e6f082af1d1edbb4376da1c37fe7042723123b707f8ad7de3c namespace=moby
Sep 09 00:40:22 spark-f05a dockerd[2454]: time="2026-09-09T00:40:22.110292903+09:00" level=info msg="ignoring event" container=a6e638668941b2e6f082af1d1edbb4376da1c37fe7042723123b707f8ad7de3c module=libcontainerd namespace=moby topic=/tasks/delete type="*events.TaskDelete"
Sep 09 00:40:22 spark-f05a containerd[2142]: time="2026-09-09T00:40:22.110342103+09:00" level=info msg="cleaning up after shim disconnected" id=a6e638668941b2e6f082af1d1edbb4376da1c37fe7042723123b707f8ad7de3c namespace=moby
Sep 09 00:40:22 spark-f05a containerd[2142]: time="2026-09-09T00:40:22.110384311+09:00" level=info msg="cleaning up dead shim" id=a6e638668941b2e6f082af1d1edbb4376da1c37fe7042723123b707f8ad7de3c namespace=moby
Sep 09 00:40:22 spark-f05a systemd[1]: var-lib-docker-rootfs-overlayfs-a6e638668941b2e6f082af1d1edbb4376da1c37fe7042723123b707f8ad7de3c.mount: Deactivated successfully.
Sep 09 00:40:33 spark-f05a systemd[1]: tmp-containerd\x2dmount2309384455.mount: Deactivated successfully.
Sep 09 00:40:33 spark-f05a containerd[2142]: time="2026-09-09T00:40:33.373690346+09:00" level=info msg="connecting to shim 3d8f9cc42a8216b05dda3b2853429993589bc7e8adde323a512b4d1769f7439d" address="unix:///run/containerd/s/f15826919152f5b0e477741ea2eaa6a240b2f44d1c3513352dbe6c5030d928d2" namespace=moby protocol=ttrpc version=3
Sep 09 00:40:33 spark-f05a systemd[1]: Started docker-3d8f9cc42a8216b05dda3b2853429993589bc7e8adde323a512b4d1769f7439d.scope - libcontainer container 3d8f9cc42a8216b05dda3b2853429993589bc7e8adde323a512b4d1769f7439d.
Sep 09 00:40:33 spark-f05a dockerd[2454]: time="2026-09-09T00:40:33.448172688+09:00" level=info msg="sbJoin: gwep4 ''->'', gwep6 ''->''" eid=36f359928163 ep=nice_mahavira net=none nid=56e24ac94324
Sep 09 00:40:33 spark-f05a systemd[1]: docker-3d8f9cc42a8216b05dda3b2853429993589bc7e8adde323a512b4d1769f7439d.scope: Deactivated successfully.
Sep 09 00:40:33 spark-f05a containerd[2142]: time="2026-09-09T00:40:33.479663449+09:00" level=info msg="shim disconnected" id=3d8f9cc42a8216b05dda3b2853429993589bc7e8adde323a512b4d1769f7439d namespace=moby
Sep 09 00:40:33 spark-f05a containerd[2142]: time="2026-09-09T00:40:33.479747385+09:00" level=info msg="cleaning up after shim disconnected" id=3d8f9cc42a8216b05dda3b2853429993589bc7e8adde323a512b4d1769f7439d namespace=moby
Sep 09 00:40:33 spark-f05a containerd[2142]: time="2026-09-09T00:40:33.479808377+09:00" level=info msg="cleaning up dead shim" id=3d8f9cc42a8216b05dda3b2853429993589bc7e8adde323a512b4d1769f7439d namespace=moby
Sep 09 00:40:33 spark-f05a dockerd[2454]: time="2026-09-09T00:40:33.479779497+09:00" level=info msg="ignoring event" container=3d8f9cc42a8216b05dda3b2853429993589bc7e8adde323a512b4d1769f7439d module=libcontainerd namespace=moby topic=/tasks/delete type="*events.TaskDelete"
