spark-f05a:1:1 [0] NCCL INFO ENV/Plugin: Could not find: libnccl-env.so
spark-f05a:1:1 [0] NCCL INFO NCCL_SOCKET_IFNAME set to =enp1s0f1np1
spark-f05a:1:1 [0] NCCL INFO cudaDriverVersion 13000
spark-f05a:1:1 [0] NCCL INFO NCCL version 2.29.7+cuda13.2
spark-f05a:1:1 [0] NCCL INFO NCCL git version stable b81d6a5a3
spark-f05a:1:1 [0] NCCL INFO NET/Plugin: Could not find: libnccl-net.so
spark-f05a:1:1 [0] NCCL INFO dlvsym failed on mlx5dv_get_data_direct_sysfs_path - /lib/aarch64-linux-gnu/libmlx5.so: undefined symbol: mlx5dv_get_data_direct_sysfs_path, version MLX5_1.25 version MLX5_1.25
spark-f05a:1:1 [0] NCCL INFO dlvsym failed on mlx5dv_reg_dmabuf_mr - /lib/aarch64-linux-gnu/libmlx5.so: undefined symbol: mlx5dv_reg_dmabuf_mr, version MLX5_1.25 version MLX5_1.25
spark-f05a:1:1 [0] NCCL INFO NCCL_IB_HCA set to =rocep1s0f1
spark-f05a:1:1 [0] NCCL INFO NET/IB: [1] rocep1s0f1:uverbs1:1/RoCE provider=Mlx5 speed=200000 context=0x42e2c040 pciPath=/sys/devices/pci0000:00/0000:00:00.0/0000:01:00.0 ar=0
spark-f05a:1:1 [0] NCCL INFO NET/IB : Made virtual device [0] name=rocep1s0f1 speed=200000 ndevs=1
spark-f05a:1:1 [0] NCCL INFO NET/IB : Using [0]rocep1s0f1:1/RoCE [RO]; OOB enp1s0f1np1:10.200.0.1<0>
spark-f05a:1:1 [0] NCCL INFO Initialized NET plugin IB
spark-f05a:1:1 [0] NCCL INFO Assigned NET plugin IB to comm
spark-f05a:1:1 [0] NCCL INFO GIN/Plugin: Could not find: libnccl-gin.so
spark-f05a:1:1 [0] NCCL INFO Assigned GIN plugin GIN_IB_GDAKI to comm
spark-f05a:1:1 [0] NCCL INFO Assigned RMA plugin GIN_IB_PROXY to comm
spark-f05a:1:1 [0] NCCL INFO Using network IB
spark-f05a:1:1 [0] NCCL INFO [Rank 0] ncclCommInitRankConfig comm 0x413fef80 rank 0 nranks 2 cudaDev 0 nvmlDev 0 busId f01000 commId 0x2b473d27c3f231d3 - Init START
spark-f05a:1:1 [0] NCCL INFO RAS client listening socket at 127.0.0.1<28028>
spark-f05a:1:1 [0] NCCL INFO NET/GIN_IB_GDAKI : GPU Direct RDMA Disabled for HCA 0 'rocep1s0f1'
spark-f05a:1:1 [0] NCCL INFO NET/IB : GPU Direct RDMA Disabled for HCA 0 'rocep1s0f1'
spark-f05a:1:1 [0] NCCL INFO ncclTopoGetCpuAffinity: Affinity for GPU 0 is empty, ignoring. (GPU affinity =  ; CPU affinity = 0-19).
spark-f05a:1:1 [0] NCCL INFO comm 0x413fef80 rank 0 nRanks 2 nNodes 2 localRanks 1 localRank 0 MNNVL 0
spark-f05a:1:1 [0] NCCL INFO Channel 00/08 : 0 1
spark-f05a:1:1 [0] NCCL INFO Channel 01/08 : 0 1
spark-f05a:1:1 [0] NCCL INFO Channel 02/08 : 0 1
spark-f05a:1:1 [0] NCCL INFO Channel 03/08 : 0 1
spark-f05a:1:1 [0] NCCL INFO Channel 04/08 : 0 1
spark-f05a:1:1 [0] NCCL INFO Channel 05/08 : 0 1
spark-f05a:1:1 [0] NCCL INFO Channel 06/08 : 0 1
spark-f05a:1:1 [0] NCCL INFO Channel 07/08 : 0 1
spark-f05a:1:1 [0] NCCL INFO Trees [0] 1/-1/-1->0->-1 [1] 1/-1/-1->0->-1 [2] 1/-1/-1->0->-1 [3] 1/-1/-1->0->-1 [4] -1/-1/-1->0->1 [5] -1/-1/-1->0->1 [6] -1/-1/-1->0->1 [7] -1/-1/-1->0->1
spark-f05a:1:1 [0] NCCL INFO P2P Chunksize set to 262144
spark-f05a:1:1 [0] NCCL INFO PROFILER/Plugin: Could not find: libnccl-profiler.so
spark-f05a:1:1 [0] NCCL INFO Check P2P Type isAllDirectP2p 1 directMode 0 isAllCudaP2p 1
spark-f05a:1:86 [0] NCCL INFO [Proxy Service UDS] Device 0 CPU core 19
spark-f05a:1:85 [0] NCCL INFO [Proxy Service] Device 0 CPU core 15
spark-f05a:1:85 [0] NCCL INFO New proxy recv connection 0 from local rank 0, transport 2
spark-f05a:1:1 [0] NCCL INFO Connected to proxy localRank 0 -> connection 0xeb44fc004f40
spark-f05a:1:1 [0] NCCL INFO Channel 00/0 : 1[0] -> 0[0] [receive] via NET/IB/0
spark-f05a:1:85 [0] NCCL INFO New proxy recv connection 1 from local rank 0, transport 2
spark-f05a:1:1 [0] NCCL INFO Connected to proxy localRank 0 -> connection 0xeb44fc004fc8
spark-f05a:1:87 [0] NCCL INFO [Proxy Progress] Device 0 CPU core 19
spark-f05a:1:1 [0] NCCL INFO Channel 01/0 : 1[0] -> 0[0] [receive] via NET/IB/0
spark-f05a:1:85 [0] NCCL INFO New proxy recv connection 2 from local rank 0, transport 2
spark-f05a:1:1 [0] NCCL INFO Connected to proxy localRank 0 -> connection 0xeb44fc005050
spark-f05a:1:1 [0] NCCL INFO Channel 02/0 : 1[0] -> 0[0] [receive] via NET/IB/0
spark-f05a:1:85 [0] NCCL INFO New proxy recv connection 3 from local rank 0, transport 2
spark-f05a:1:1 [0] NCCL INFO Connected to proxy localRank 0 -> connection 0xeb44fc0050d8
spark-f05a:1:1 [0] NCCL INFO Channel 03/0 : 1[0] -> 0[0] [receive] via NET/IB/0
spark-f05a:1:85 [0] NCCL INFO New proxy recv connection 4 from local rank 0, transport 2
spark-f05a:1:1 [0] NCCL INFO Connected to proxy localRank 0 -> connection 0xeb44fc005160
spark-f05a:1:1 [0] NCCL INFO Channel 04/0 : 1[0] -> 0[0] [receive] via NET/IB/0
spark-f05a:1:85 [0] NCCL INFO New proxy recv connection 5 from local rank 0, transport 2
spark-f05a:1:1 [0] NCCL INFO Connected to proxy localRank 0 -> connection 0xeb44fc0051e8
spark-f05a:1:1 [0] NCCL INFO Channel 05/0 : 1[0] -> 0[0] [receive] via NET/IB/0
spark-f05a:1:85 [0] NCCL INFO New proxy recv connection 6 from local rank 0, transport 2
spark-f05a:1:1 [0] NCCL INFO Connected to proxy localRank 0 -> connection 0xeb44fc005270
spark-f05a:1:1 [0] NCCL INFO Channel 06/0 : 1[0] -> 0[0] [receive] via NET/IB/0
spark-f05a:1:85 [0] NCCL INFO New proxy recv connection 7 from local rank 0, transport 2
spark-f05a:1:1 [0] NCCL INFO Connected to proxy localRank 0 -> connection 0xeb44fc0052f8
spark-f05a:1:1 [0] NCCL INFO Channel 07/0 : 1[0] -> 0[0] [receive] via NET/IB/0
spark-f05a:1:85 [0] NCCL INFO New proxy send connection 8 from local rank 0, transport 2
spark-f05a:1:1 [0] NCCL INFO Connected to proxy localRank 0 -> connection 0xeb44fc005380
spark-f05a:1:1 [0] NCCL INFO Channel 00/0 : 0[0] -> 1[0] [send] via NET/IB/0
spark-f05a:1:85 [0] NCCL INFO New proxy send connection 9 from local rank 0, transport 2
spark-f05a:1:1 [0] NCCL INFO Connected to proxy localRank 0 -> connection 0xeb44fc005408
spark-f05a:1:1 [0] NCCL INFO Channel 01/0 : 0[0] -> 1[0] [send] via NET/IB/0
spark-f05a:1:85 [0] NCCL INFO New proxy send connection 10 from local rank 0, transport 2
spark-f05a:1:1 [0] NCCL INFO Connected to proxy localRank 0 -> connection 0xeb44fc005490
spark-f05a:1:1 [0] NCCL INFO Channel 02/0 : 0[0] -> 1[0] [send] via NET/IB/0
spark-f05a:1:85 [0] NCCL INFO New proxy send connection 11 from local rank 0, transport 2
spark-f05a:1:1 [0] NCCL INFO Connected to proxy localRank 0 -> connection 0xeb44fc005518
spark-f05a:1:1 [0] NCCL INFO Channel 03/0 : 0[0] -> 1[0] [send] via NET/IB/0
spark-f05a:1:85 [0] NCCL INFO New proxy send connection 12 from local rank 0, transport 2
spark-f05a:1:1 [0] NCCL INFO Connected to proxy localRank 0 -> connection 0xeb44fc0055a0
spark-f05a:1:1 [0] NCCL INFO Channel 04/0 : 0[0] -> 1[0] [send] via NET/IB/0
spark-f05a:1:85 [0] NCCL INFO New proxy send connection 13 from local rank 0, transport 2
spark-f05a:1:1 [0] NCCL INFO Connected to proxy localRank 0 -> connection 0xeb44fc005628
spark-f05a:1:1 [0] NCCL INFO Channel 05/0 : 0[0] -> 1[0] [send] via NET/IB/0
spark-f05a:1:85 [0] NCCL INFO New proxy send connection 14 from local rank 0, transport 2
spark-f05a:1:1 [0] NCCL INFO Connected to proxy localRank 0 -> connection 0xeb44fc0056b0
spark-f05a:1:1 [0] NCCL INFO Channel 06/0 : 0[0] -> 1[0] [send] via NET/IB/0
spark-f05a:1:85 [0] NCCL INFO New proxy send connection 15 from local rank 0, transport 2
spark-f05a:1:1 [0] NCCL INFO Connected to proxy localRank 0 -> connection 0xeb44fc005738
spark-f05a:1:1 [0] NCCL INFO Channel 07/0 : 0[0] -> 1[0] [send] via NET/IB/0
spark-f05a:1:85 [0] NCCL INFO NET/IB: ncclIbResiliencyInit: Resiliency is disabled on the send communicator (comm=0xeb44fc011000)
spark-f05a:1:85 [0] NCCL INFO NET/IB: ncclIbResiliencyInit: Resiliency is disabled on the recv communicator (comm=0xeb44fc04c000)
spark-f05a:1:85 [0] NCCL INFO NET/IB: ncclIbRecvCommInit: Receive work requests will be posted on-demand
spark-f05a:1:85 [0] NCCL INFO NET/IB: ncclIbResiliencyInit: Resiliency is disabled on the send communicator (comm=0xeb44fc08b000)
spark-f05a:1:85 [0] NCCL INFO NET/IB: ncclIbResiliencyInit: Resiliency is disabled on the recv communicator (comm=0xeb44fc0c6000)
spark-f05a:1:85 [0] NCCL INFO NET/IB: ncclIbRecvCommInit: Receive work requests will be posted on-demand
spark-f05a:1:85 [0] NCCL INFO NET/IB: ncclIbResiliencyInit: Resiliency is disabled on the send communicator (comm=0xeb44fc105000)
spark-f05a:1:85 [0] NCCL INFO NET/IB: ncclIbSenderQpsCreate: QP created: port=1 dev=0 devName=rocep1s0f1 ndevs=1 nmdevs=1 qp_num=576 pkey=0 pd=0xeb44fc010f40
spark-f05a:1:85 [0] NCCL INFO NET/IB: ncclIbConnect: NCCL Dev 0 IbDev 0 Port 1 qp_num 576 mtu 3 GID 3 (0/100C80AFFFF0000) ctsFifoRkey=0x1b3a39 ctsFifoLkey=0x1b3a39
spark-f05a:1:85 [0] NCCL INFO NET/IB: ncclIbConnect: IbDev 0 Port 1 qp_num 576 query_ece={supported=1, vendor_id=0x15b3, options=0x30000002, comp_mask=0x0}
spark-f05a:1:85 [0] NCCL INFO NET/IB: ncclIbReceiverQpsCreateToRts: QP created: port=1 dev=0 devName=rocep1s0f1 ndevs=1 nmdevs=1 qp_num=577 pkey=0 pd=0xeb44fc010f40
spark-f05a:1:85 [0] NCCL INFO NET/IB: ncclIbReceiverQpsCreateToRts: QP created: port=1 dev=0 devName=rocep1s0f1 ndevs=1 nmdevs=1 qp_num=578 pkey=0 pd=0xeb44fc010f40
spark-f05a:1:85 [0] NCCL INFO NET/IB: ncclIbResiliencyInit: Resiliency is disabled on the recv communicator (comm=0xeb44fc1cc000)
spark-f05a:1:85 [0] NCCL INFO NET/IB: ncclIbRecvCommInit: Receive work requests will be posted on-demand
spark-f05a:1:85 [0] NCCL INFO NET/IB: ncclIbSenderQpsCreate: QP created: port=1 dev=0 devName=rocep1s0f1 ndevs=1 nmdevs=1 qp_num=579 pkey=0 pd=0xeb44fc010f40
spark-f05a:1:85 [0] NCCL INFO NET/IB: ncclIbConnect: NCCL Dev 0 IbDev 0 Port 1 qp_num 579 mtu 3 GID 3 (0/100C80AFFFF0000) ctsFifoRkey=0x1b514e ctsFifoLkey=0x1b514e
spark-f05a:1:85 [0] NCCL INFO NET/IB: ncclIbConnect: IbDev 0 Port 1 qp_num 579 query_ece={supported=1, vendor_id=0x15b3, options=0x30000002, comp_mask=0x0}
spark-f05a:1:85 [0] NCCL INFO NET/IB: ncclIbReceiverQpsCreateToRts: QP created: port=1 dev=0 devName=rocep1s0f1 ndevs=1 nmdevs=1 qp_num=580 pkey=0 pd=0xeb44fc010f40
spark-f05a:1:85 [0] NCCL INFO NET/IB: ncclIbReceiverQpsCreateToRts: QP created: port=1 dev=0 devName=rocep1s0f1 ndevs=1 nmdevs=1 qp_num=581 pkey=0 pd=0xeb44fc010f40
spark-f05a:1:85 [0] NCCL INFO NET/IB: ncclIbSenderQpsToRts: Set ECE: IbDev 0 Port 1 qp_num 576 set_ece={supported=1, vendor_id=0x15b3, options=0x30000002, comp_mask=0x0}
spark-f05a:1:85 [0] NCCL INFO NET/IB: ncclIbSenderQpsCreate: QP created: port=1 dev=0 devName=rocep1s0f1 ndevs=1 nmdevs=1 qp_num=582 pkey=0 pd=0xeb44fc010f40
spark-f05a:1:85 [0] NCCL INFO NET/IB: ncclIbConnect: NCCL Dev 0 IbDev 0 Port 1 qp_num 582 mtu 3 GID 3 (0/100C80AFFFF0000) ctsFifoRkey=0x1b6764 ctsFifoLkey=0x1b6764
spark-f05a:1:85 [0] NCCL INFO NET/IB: ncclIbConnect: IbDev 0 Port 1 qp_num 582 query_ece={supported=1, vendor_id=0x15b3, options=0x30000002, comp_mask=0x0}
spark-f05a:1:85 [0] NCCL INFO NET/IB: ncclIbReceiverQpsCreateToRts: QP created: port=1 dev=0 devName=rocep1s0f1 ndevs=1 nmdevs=1 qp_num=583 pkey=0 pd=0xeb44fc010f40
spark-f05a:1:85 [0] NCCL INFO NET/IB: ncclIbReceiverQpsCreateToRts: QP created: port=1 dev=0 devName=rocep1s0f1 ndevs=1 nmdevs=1 qp_num=584 pkey=0 pd=0xeb44fc010f40
spark-f05a:1:85 [0] NCCL INFO NET/IB: ncclIbResiliencyInit: Resiliency is disabled on the send communicator (comm=0xeb44fc30c000)
spark-f05a:1:85 [0] NCCL INFO NET/IB: ncclIbSenderQpsToRts: Set ECE: IbDev 0 Port 1 qp_num 579 set_ece={supported=1, vendor_id=0x15b3, options=0x30000002, comp_mask=0x0}
spark-f05a:1:85 [0] NCCL INFO NET/IB: ncclIbSenderQpsToRts: Set ECE: IbDev 0 Port 1 qp_num 582 set_ece={supported=1, vendor_id=0x15b3, options=0x30000002, comp_mask=0x0}
spark-f05a:1:85 [0] NCCL INFO NET/IB: ncclIbSenderQpsCreate: QP created: port=1 dev=0 devName=rocep1s0f1 ndevs=1 nmdevs=1 qp_num=585 pkey=0 pd=0xeb44fc010f40
spark-f05a:1:85 [0] NCCL INFO NET/IB: ncclIbConnect: NCCL Dev 0 IbDev 0 Port 1 qp_num 585 mtu 3 GID 3 (0/100C80AFFFF0000) ctsFifoRkey=0x1ba7a4 ctsFifoLkey=0x1ba7a4
spark-f05a:1:85 [0] NCCL INFO NET/IB: ncclIbConnect: IbDev 0 Port 1 qp_num 585 query_ece={supported=1, vendor_id=0x15b3, options=0x30000002, comp_mask=0x0}
spark-f05a:1:85 [0] NCCL INFO NET/IB: ncclIbResiliencyInit: Resiliency is disabled on the recv communicator (comm=0xeb44fc375000)
spark-f05a:1:85 [0] NCCL INFO NET/IB: ncclIbRecvCommInit: Receive work requests will be posted on-demand
spark-f05a:1:85 [0] NCCL INFO NET/IB: ncclIbResiliencyInit: Resiliency is disabled on the send communicator (comm=0xeb44fc3b2000)
spark-f05a:1:85 [0] NCCL INFO NET/IB: ncclIbResiliencyInit: Resiliency is disabled on the recv communicator (comm=0xeb44fc3ed000)
spark-f05a:1:85 [0] NCCL INFO NET/IB: ncclIbRecvCommInit: Receive work requests will be posted on-demand
spark-f05a:1:85 [0] NCCL INFO NET/IB: ncclIbResiliencyInit: Resiliency is disabled on the send communicator (comm=0xeb44fc42c000)
spark-f05a:1:85 [0] NCCL INFO NET/IB: ncclIbResiliencyInit: Resiliency is disabled on the recv communicator (comm=0xeb44fc467000)
spark-f05a:1:85 [0] NCCL INFO NET/IB: ncclIbRecvCommInit: Receive work requests will be posted on-demand
spark-f05a:1:85 [0] NCCL INFO NET/IB: ncclIbResiliencyInit: Resiliency is disabled on the send communicator (comm=0xeb44fc4a6000)
spark-f05a:1:85 [0] NCCL INFO NET/IB: ncclIbResiliencyInit: Resiliency is disabled on the recv communicator (comm=0xeb44fc4e1000)
spark-f05a:1:85 [0] NCCL INFO NET/IB: ncclIbRecvCommInit: Receive work requests will be posted on-demand
spark-f05a:1:85 [0] NCCL INFO NET/IB: ncclIbResiliencyInit: Resiliency is disabled on the send communicator (comm=0xeb44fc520000)
spark-f05a:1:85 [0] NCCL INFO NET/IB: ncclIbResiliencyInit: Resiliency is disabled on the recv communicator (comm=0xeb44fc55b000)
spark-f05a:1:85 [0] NCCL INFO NET/IB: ncclIbRecvCommInit: Receive work requests will be posted on-demand
spark-f05a:1:85 [0] NCCL INFO NET/IB: ncclIbSenderQpsToRts: Set ECE: IbDev 0 Port 1 qp_num 585 set_ece={supported=1, vendor_id=0x15b3, options=0x30000002, comp_mask=0x0}
spark-f05a:1:85 [0] NCCL INFO NET/IB: ncclIbReceiverQpsCreateToRts: QP created: port=1 dev=0 devName=rocep1s0f1 ndevs=1 nmdevs=1 qp_num=586 pkey=0 pd=0xeb44fc010f40
spark-f05a:1:85 [0] NCCL INFO NET/IB: ncclIbReceiverQpsCreateToRts: QP created: port=1 dev=0 devName=rocep1s0f1 ndevs=1 nmdevs=1 qp_num=587 pkey=0 pd=0xeb44fc010f40
spark-f05a:1:85 [0] NCCL INFO NET/IB: ncclIbSenderQpsCreate: QP created: port=1 dev=0 devName=rocep1s0f1 ndevs=1 nmdevs=1 qp_num=588 pkey=0 pd=0xeb44fc010f40
spark-f05a:1:85 [0] NCCL INFO NET/IB: ncclIbConnect: NCCL Dev 0 IbDev 0 Port 1 qp_num 588 mtu 3 GID 3 (0/100C80AFFFF0000) ctsFifoRkey=0x1bedea ctsFifoLkey=0x1bedea
spark-f05a:1:85 [0] NCCL INFO NET/IB: ncclIbConnect: IbDev 0 Port 1 qp_num 588 query_ece={supported=1, vendor_id=0x15b3, options=0x30000002, comp_mask=0x0}
spark-f05a:1:85 [0] NCCL INFO NET/IB: ncclIbReceiverQpsCreateToRts: QP created: port=1 dev=0 devName=rocep1s0f1 ndevs=1 nmdevs=1 qp_num=589 pkey=0 pd=0xeb44fc010f40
spark-f05a:1:85 [0] NCCL INFO NET/IB: ncclIbReceiverQpsCreateToRts: QP created: port=1 dev=0 devName=rocep1s0f1 ndevs=1 nmdevs=1 qp_num=590 pkey=0 pd=0xeb44fc010f40
spark-f05a:1:85 [0] NCCL INFO NET/IB: ncclIbSenderQpsCreate: QP created: port=1 dev=0 devName=rocep1s0f1 ndevs=1 nmdevs=1 qp_num=591 pkey=0 pd=0xeb44fc010f40
spark-f05a:1:85 [0] NCCL INFO NET/IB: ncclIbConnect: NCCL Dev 0 IbDev 0 Port 1 qp_num 591 mtu 3 GID 3 (0/100C80AFFFF0000) ctsFifoRkey=0x1bacaa ctsFifoLkey=0x1bacaa
spark-f05a:1:85 [0] NCCL INFO NET/IB: ncclIbConnect: IbDev 0 Port 1 qp_num 591 query_ece={supported=1, vendor_id=0x15b3, options=0x30000002, comp_mask=0x0}
spark-f05a:1:85 [0] NCCL INFO NET/IB: ncclIbReceiverQpsCreateToRts: QP created: port=1 dev=0 devName=rocep1s0f1 ndevs=1 nmdevs=1 qp_num=592 pkey=0 pd=0xeb44fc010f40
spark-f05a:1:85 [0] NCCL INFO NET/IB: ncclIbReceiverQpsCreateToRts: QP created: port=1 dev=0 devName=rocep1s0f1 ndevs=1 nmdevs=1 qp_num=593 pkey=0 pd=0xeb44fc010f40
spark-f05a:1:85 [0] NCCL INFO NET/IB: ncclIbSenderQpsCreate: QP created: port=1 dev=0 devName=rocep1s0f1 ndevs=1 nmdevs=1 qp_num=594 pkey=0 pd=0xeb44fc010f40
spark-f05a:1:85 [0] NCCL INFO NET/IB: ncclIbConnect: NCCL Dev 0 IbDev 0 Port 1 qp_num 594 mtu 3 GID 3 (0/100C80AFFFF0000) ctsFifoRkey=0x1bebe8 ctsFifoLkey=0x1bebe8
spark-f05a:1:85 [0] NCCL INFO NET/IB: ncclIbConnect: IbDev 0 Port 1 qp_num 594 query_ece={supported=1, vendor_id=0x15b3, options=0x30000002, comp_mask=0x0}
spark-f05a:1:85 [0] NCCL INFO NET/IB: ncclIbReceiverQpsCreateToRts: QP created: port=1 dev=0 devName=rocep1s0f1 ndevs=1 nmdevs=1 qp_num=595 pkey=0 pd=0xeb44fc010f40
spark-f05a:1:85 [0] NCCL INFO NET/IB: ncclIbReceiverQpsCreateToRts: QP created: port=1 dev=0 devName=rocep1s0f1 ndevs=1 nmdevs=1 qp_num=596 pkey=0 pd=0xeb44fc010f40
spark-f05a:1:85 [0] NCCL INFO NET/IB: ncclIbSenderQpsCreate: QP created: port=1 dev=0 devName=rocep1s0f1 ndevs=1 nmdevs=1 qp_num=597 pkey=0 pd=0xeb44fc010f40
spark-f05a:1:85 [0] NCCL INFO NET/IB: ncclIbConnect: NCCL Dev 0 IbDev 0 Port 1 qp_num 597 mtu 3 GID 3 (0/100C80AFFFF0000) ctsFifoRkey=0x1b2320 ctsFifoLkey=0x1b2320
spark-f05a:1:85 [0] NCCL INFO NET/IB: ncclIbConnect: IbDev 0 Port 1 qp_num 597 query_ece={supported=1, vendor_id=0x15b3, options=0x30000002, comp_mask=0x0}
spark-f05a:1:85 [0] NCCL INFO NET/IB: ncclIbReceiverQpsCreateToRts: QP created: port=1 dev=0 devName=rocep1s0f1 ndevs=1 nmdevs=1 qp_num=598 pkey=0 pd=0xeb44fc010f40
spark-f05a:1:85 [0] NCCL INFO NET/IB: ncclIbReceiverQpsCreateToRts: QP created: port=1 dev=0 devName=rocep1s0f1 ndevs=1 nmdevs=1 qp_num=599 pkey=0 pd=0xeb44fc010f40
spark-f05a:1:85 [0] NCCL INFO NET/IB: ncclIbSenderQpsToRts: Set ECE: IbDev 0 Port 1 qp_num 588 set_ece={supported=1, vendor_id=0x15b3, options=0x30000002, comp_mask=0x0}
spark-f05a:1:85 [0] NCCL INFO NET/IB: ncclIbSenderQpsToRts: Set ECE: IbDev 0 Port 1 qp_num 591 set_ece={supported=1, vendor_id=0x15b3, options=0x30000002, comp_mask=0x0}
spark-f05a:1:85 [0] NCCL INFO NET/IB: ncclIbSenderQpsToRts: Set ECE: IbDev 0 Port 1 qp_num 594 set_ece={supported=1, vendor_id=0x15b3, options=0x30000002, comp_mask=0x0}
spark-f05a:1:85 [0] NCCL INFO NET/IB: ncclIbSenderQpsToRts: Set ECE: IbDev 0 Port 1 qp_num 597 set_ece={supported=1, vendor_id=0x15b3, options=0x30000002, comp_mask=0x0}
spark-f05a:1:1 [0] NCCL INFO Connected all rings, use ring PXN 0 GDR 0
spark-f05a:1:1 [0] NCCL INFO Connected all trees
spark-f05a:1:1 [0] NCCL INFO Connected binomial trees
spark-f05a:1:85 [0] NCCL INFO New proxy send connection 16 from local rank 0, transport 2
spark-f05a:1:1 [0] NCCL INFO Connected to proxy localRank 0 -> connection 0xeb44fc0057c0
spark-f05a:1:1 [0] NCCL INFO TUNER/Plugin: Could not find: libnccl-tuner.so
spark-f05a:1:1 [0] NCCL INFO threadThresholds 8/8/64 | 16/8/64 | 512 | 512
spark-f05a:1:1 [0] NCCL INFO 8 coll channels, 8 collnet channels, 0 nvls channels, 8 p2p channels, 1 p2p channels per peer
spark-f05a:1:1 [0] NCCL INFO Symmetric memory is not supported. cuMemEnable 0, globalGinSupport 0, globalNicFused 0 cuMemGdrSupport 0
spark-f05a:1:1 [0] NCCL INFO CC Off, workFifoBytes 1048576
spark-f05a:1:1 [0] NCCL INFO ncclCommInitRankConfig comm 0x413fef80 rank 0 nranks 2 cudaDev 0 nvmlDev 0 busId f01000 commId 0x2b473d27c3f231d3 - Init COMPLETE
spark-f05a:1:1 [0] NCCL INFO Init timings - ncclCommInitRankConfig: rank 0 nranks 2 total 0.41 (kernels 0.13, alloc 0.05, bootstrap 0.01, allgathers 0.00, topo 0.00, graphs 0.00, connections 0.22, rest 0.00)
{"rank": 0, "bytes": 16384, "iterations": 20, "ms": 0.022279749998688203, "exact": true}
{"rank": 0, "bytes": 16777216, "iterations": 20, "ms": 1.3373260500031847, "exact": true}
{"rank": 0, "bytes": 268435456, "iterations": 20, "ms": 21.186292000004414, "exact": true}
spark-f05a:1:1 [0] NCCL INFO comm 0x413fef80 rank 0 nranks 2 cudaDev 0 busId f01000 - Destroy COMPLETE
spark-f05a:1:1 [0] NCCL INFO ENV/Plugin: Closing env plugin ncclEnvDefault
