(Worker_TP1 pid=92) EXPERT_CACHE_RESET 1789200805715109684
(Worker_TP1 pid=92) EXPERT_STREAM {"hits": 0, "misses": 0, "read_bytes": 0, "read_seconds": 0.0, "rank": 1, "cache_bytes": 0, "slot_hits": 0, "slot_misses": 12706, "packed_read_bytes": 119440465920, "graph_replays": 80, "routed_pipeline_batches": 0, "routed_pipeline_bytes": 0, "prefetch_issued": 0, "prefetch_read_bytes": 0, "prefetch_consumed": 0, "prefetch_ready": 0, "prefetch_late": 0, "prefetch_cancelled": 0, "prefetch_unused": 0, "demand_read_bytes": 119440465920, "io_batches": 80, "io_overlaps": 40, "staging_bytes": 0, "staging_banks": 0, "prefetch_pending": 0, "execution_buffer_bytes": 63874248, "scratch_bytes": 402653184, "gpu_cache_bytes": 87836590080}
(Worker_TP1 pid=92) EXPERT_STREAM {"hits": 0, "misses": 0, "read_bytes": 0, "read_seconds": 0.0, "rank": 1, "cache_bytes": 0, "slot_hits": 8303, "slot_misses": 17109, "packed_read_bytes": 160830074880, "graph_replays": 163, "routed_pipeline_batches": 0, "routed_pipeline_bytes": 0, "prefetch_issued": 0, "prefetch_read_bytes": 0, "prefetch_consumed": 0, "prefetch_ready": 0, "prefetch_late": 0, "prefetch_cancelled": 0, "prefetch_unused": 0, "demand_read_bytes": 160830074880, "io_batches": 123, "io_overlaps": 83, "staging_bytes": 0, "staging_banks": 0, "prefetch_pending": 0, "execution_buffer_bytes": 63874248, "scratch_bytes": 402653184, "gpu_cache_bytes": 87836590080}
(Worker_TP1 pid=92) EXPERT_STREAM {"hits": 0, "misses": 0, "read_bytes": 0, "read_seconds": 0.0, "rank": 1, "cache_bytes": 0, "slot_hits": 16271, "slot_misses": 21162, "packed_read_bytes": 198929571840, "graph_replays": 246, "routed_pipeline_batches": 0, "routed_pipeline_bytes": 0, "prefetch_issued": 0, "prefetch_read_bytes": 0, "prefetch_consumed": 0, "prefetch_ready": 0, "prefetch_late": 0, "prefetch_cancelled": 0, "prefetch_unused": 0, "demand_read_bytes": 198929571840, "io_batches": 166, "io_overlaps": 126, "staging_bytes": 0, "staging_banks": 0, "prefetch_pending": 0, "execution_buffer_bytes": 63874248, "scratch_bytes": 402653184, "gpu_cache_bytes": 87836590080}
(Worker_TP1 pid=92) STARTUP_PROBE {"time_ns": 1789200844569218484, "phase": "expert_plan_begin", "available_bytes": 15773728768, "cuda_allocated": 98889700352, "cuda_reserved": 99751034880, "layer": 0, "tokens": 256}
(Worker_TP1 pid=92) STARTUP_PROBE {"time_ns": 1789200844626975335, "phase": "expert_plan_end", "available_bytes": 15773020160, "cuda_allocated": 98898232320, "cuda_reserved": 99751034880, "layer": 0, "tokens": 256}
(Worker_TP1 pid=92) STARTUP_PROBE {"time_ns": 1789200844764036460, "phase": "expert_plan_begin", "available_bytes": 16364544000, "cuda_allocated": 98904804352, "cuda_reserved": 99490988032, "layer": 1, "tokens": 256}
(Worker_TP1 pid=92) STARTUP_PROBE {"time_ns": 1789200844817493083, "phase": "expert_plan_end", "available_bytes": 16446836736, "cuda_allocated": 98904804352, "cuda_reserved": 99490988032, "layer": 1, "tokens": 256}
(Worker_TP1 pid=92) STARTUP_PROBE {"time_ns": 1789200845052216293, "phase": "expert_plan_begin", "available_bytes": 16522379264, "cuda_allocated": 98905460736, "cuda_reserved": 99495182336, "layer": 2, "tokens": 256}
(Worker_TP1 pid=92) STARTUP_PROBE {"time_ns": 1789200845104088109, "phase": "expert_plan_end", "available_bytes": 16522379264, "cuda_allocated": 98905460736, "cuda_reserved": 99495182336, "layer": 2, "tokens": 256}
(Worker_TP1 pid=92) STARTUP_PROBE {"time_ns": 1789200845203109399, "phase": "expert_plan_begin", "available_bytes": 16524947456, "cuda_allocated": 98904511488, "cuda_reserved": 99490988032, "layer": 3, "tokens": 256}
(Worker_TP1 pid=92) STARTUP_PROBE {"time_ns": 1789200845256036484, "phase": "expert_plan_end", "available_bytes": 16524947456, "cuda_allocated": 98904511488, "cuda_reserved": 99490988032, "layer": 3, "tokens": 256}
(Worker_TP1 pid=92) STARTUP_PROBE {"time_ns": 1789200845365534813, "phase": "expert_plan_begin", "available_bytes": 16524947456, "cuda_allocated": 98904807424, "cuda_reserved": 99490988032, "layer": 4, "tokens": 256}
(Worker_TP1 pid=92) STARTUP_PROBE {"time_ns": 1789200845418957708, "phase": "expert_plan_end", "available_bytes": 16524718080, "cuda_allocated": 98904807424, "cuda_reserved": 99490988032, "layer": 4, "tokens": 256}
(Worker_TP1 pid=92) STARTUP_PROBE {"time_ns": 1789200845534065470, "phase": "expert_plan_begin", "available_bytes": 16420458496, "cuda_allocated": 98905463808, "cuda_reserved": 99490988032, "layer": 5, "tokens": 256}
(Worker_TP1 pid=92) STARTUP_PROBE {"time_ns": 1789200845587326124, "phase": "expert_plan_end", "available_bytes": 16389783552, "cuda_allocated": 98905463808, "cuda_reserved": 99490988032, "layer": 5, "tokens": 256}
(Worker_TP1 pid=92) STARTUP_PROBE {"time_ns": 1789200845675835896, "phase": "expert_plan_begin", "available_bytes": 16194002944, "cuda_allocated": 98904514560, "cuda_reserved": 99490988032, "layer": 6, "tokens": 256}
(Worker_TP1 pid=92) STARTUP_PROBE {"time_ns": 1789200845729025670, "phase": "expert_plan_end", "available_bytes": 16127942656, "cuda_allocated": 98904514560, "cuda_reserved": 99490988032, "layer": 6, "tokens": 256}
(Worker_TP1 pid=92) b12x policy fallback: moe.decode is using a heuristic on nvidia gb10 (compute capability 12.1, 48 SMs) because profile 'nvidia.gb10.48sm' does not cover the query; query={'activation': 'silu', 'hidden_size': 5120, 'intermediate_size': 1152, 'num_experts': 224, 'num_tokens': 256, 'numerical_recipe': 'deepseek_v41', 'quant_mode': 'w4a8_mx', 'routed_rows': 1536, 'source_format': 'fp4_e8m0_k32', 'top_k': 6}
(Worker_TP1 pid=92) STARTUP_PROBE {"time_ns": 1789200845814551444, "phase": "expert_plan_begin", "available_bytes": 16420827136, "cuda_allocated": 98904810496, "cuda_reserved": 99490988032, "layer": 7, "tokens": 256}
(Worker_TP1 pid=92) STARTUP_PROBE {"time_ns": 1789200845869000359, "phase": "expert_plan_end", "available_bytes": 16377688064, "cuda_allocated": 98904810496, "cuda_reserved": 99490988032, "layer": 7, "tokens": 256}
(Worker_TP1 pid=92) STARTUP_PROBE {"time_ns": 1789200845934583165, "phase": "expert_plan_begin", "available_bytes": 16341381120, "cuda_allocated": 98905466880, "cuda_reserved": 99495182336, "layer": 8, "tokens": 256}
(Worker_TP1 pid=92) STARTUP_PROBE {"time_ns": 1789200845988424365, "phase": "expert_plan_end", "available_bytes": 16330371072, "cuda_allocated": 98905466880, "cuda_reserved": 99495182336, "layer": 8, "tokens": 256}
(Worker_TP1 pid=92) STARTUP_PROBE {"time_ns": 1789200846060075453, "phase": "expert_plan_begin", "available_bytes": 16253153280, "cuda_allocated": 98904517632, "cuda_reserved": 99490988032, "layer": 9, "tokens": 256}
(Worker_TP1 pid=92) STARTUP_PROBE {"time_ns": 1789200846113767053, "phase": "expert_plan_end", "available_bytes": 16203608064, "cuda_allocated": 98904517632, "cuda_reserved": 99490988032, "layer": 9, "tokens": 256}
(Worker_TP1 pid=92) STARTUP_PROBE {"time_ns": 1789200846189868577, "phase": "expert_plan_begin", "available_bytes": 16122732544, "cuda_allocated": 98904813568, "cuda_reserved": 99490988032, "layer": 10, "tokens": 256}
(Worker_TP1 pid=92) STARTUP_PROBE {"time_ns": 1789200846242691292, "phase": "expert_plan_end", "available_bytes": 16131067904, "cuda_allocated": 98904813568, "cuda_reserved": 99490988032, "layer": 10, "tokens": 256}
(Worker_TP1 pid=92) STARTUP_PROBE {"time_ns": 1789200846321816094, "phase": "expert_plan_begin", "available_bytes": 15998251008, "cuda_allocated": 98905469952, "cuda_reserved": 99490988032, "layer": 11, "tokens": 256}
(Worker_TP1 pid=92) STARTUP_PROBE {"time_ns": 1789200846375599246, "phase": "expert_plan_end", "available_bytes": 15932116992, "cuda_allocated": 98905469952, "cuda_reserved": 99490988032, "layer": 11, "tokens": 256}
(Worker_TP1 pid=92) STARTUP_PROBE {"time_ns": 1789200846462184560, "phase": "expert_plan_begin", "available_bytes": 15765979136, "cuda_allocated": 98904520704, "cuda_reserved": 99490988032, "layer": 12, "tokens": 256}
(Worker_TP1 pid=92) STARTUP_PROBE {"time_ns": 1789200846515955264, "phase": "expert_plan_end", "available_bytes": 15681069056, "cuda_allocated": 98904520704, "cuda_reserved": 99490988032, "layer": 12, "tokens": 256}
(Worker_TP1 pid=92) STARTUP_PROBE {"time_ns": 1789200846637759920, "phase": "expert_plan_begin", "available_bytes": 16101945344, "cuda_allocated": 98904816640, "cuda_reserved": 99490988032, "layer": 13, "tokens": 256}
(Worker_TP1 pid=92) STARTUP_PROBE {"time_ns": 1789200846692189411, "phase": "expert_plan_end", "available_bytes": 16124248064, "cuda_allocated": 98904816640, "cuda_reserved": 99490988032, "layer": 13, "tokens": 256}
(Worker_TP1 pid=92) STARTUP_PROBE {"time_ns": 1789200846775641464, "phase": "expert_plan_begin", "available_bytes": 16135499776, "cuda_allocated": 98905473024, "cuda_reserved": 99495182336, "layer": 14, "tokens": 256}
(Worker_TP1 pid=92) STARTUP_PROBE {"time_ns": 1789200846828523188, "phase": "expert_plan_end", "available_bytes": 16130904064, "cuda_allocated": 98905473024, "cuda_reserved": 99495182336, "layer": 14, "tokens": 256}
(Worker_TP1 pid=92) STARTUP_PROBE {"time_ns": 1789200846933665497, "phase": "expert_plan_begin", "available_bytes": 16122732544, "cuda_allocated": 98904818688, "cuda_reserved": 99490988032, "layer": 15, "tokens": 256}
(Worker_TP1 pid=92) STARTUP_PROBE {"time_ns": 1789200846986830743, "phase": "expert_plan_end", "available_bytes": 16114622464, "cuda_allocated": 98904818688, "cuda_reserved": 99490988032, "layer": 15, "tokens": 256}
(Worker_TP1 pid=92) STARTUP_PROBE {"time_ns": 1789200847055171319, "phase": "expert_plan_begin", "available_bytes": 16118788096, "cuda_allocated": 98905180160, "cuda_reserved": 99490988032, "layer": 16, "tokens": 256}
(Worker_TP1 pid=92) STARTUP_PROBE {"time_ns": 1789200847108258836, "phase": "expert_plan_end", "available_bytes": 16114696192, "cuda_allocated": 98905180160, "cuda_reserved": 99490988032, "layer": 16, "tokens": 256}
(Worker_TP1 pid=92) STARTUP_PROBE {"time_ns": 1789200847210205451, "phase": "expert_plan_begin", "available_bytes": 16102424576, "cuda_allocated": 98905476096, "cuda_reserved": 99490988032, "layer": 17, "tokens": 256}
(Worker_TP1 pid=92) STARTUP_PROBE {"time_ns": 1789200847262800037, "phase": "expert_plan_end", "available_bytes": 16102424576, "cuda_allocated": 98905476096, "cuda_reserved": 99490988032, "layer": 17, "tokens": 256}
(Worker_TP1 pid=92) STARTUP_PROBE {"time_ns": 1789200847340359711, "phase": "expert_plan_begin", "available_bytes": 16102907904, "cuda_allocated": 98904526848, "cuda_reserved": 99490988032, "layer": 18, "tokens": 256}
(Worker_TP1 pid=92) STARTUP_PROBE {"time_ns": 1789200847393978990, "phase": "expert_plan_end", "available_bytes": 16102907904, "cuda_allocated": 98904526848, "cuda_reserved": 99490988032, "layer": 18, "tokens": 256}
(Worker_TP1 pid=92) STARTUP_PROBE {"time_ns": 1789200847415707391, "phase": "expert_plan_begin", "available_bytes": 16102907904, "cuda_allocated": 98904822784, "cuda_reserved": 99490988032, "layer": 19, "tokens": 256}
(Worker_TP1 pid=92) STARTUP_PROBE {"time_ns": 1789200847469095405, "phase": "expert_plan_end", "available_bytes": 16102907904, "cuda_allocated": 98904822784, "cuda_reserved": 99490988032, "layer": 19, "tokens": 256}
(Worker_TP1 pid=92) STARTUP_PROBE {"time_ns": 1789200847653037426, "phase": "expert_plan_begin", "available_bytes": 16090787840, "cuda_allocated": 98905479168, "cuda_reserved": 99495182336, "layer": 20, "tokens": 256}
(Worker_TP1 pid=92) STARTUP_PROBE {"time_ns": 1789200847707991143, "phase": "expert_plan_end", "available_bytes": 16090730496, "cuda_allocated": 98905479168, "cuda_reserved": 99495182336, "layer": 20, "tokens": 256}
(Worker_TP1 pid=92) STARTUP_PROBE {"time_ns": 1789200847770923119, "phase": "expert_plan_begin", "available_bytes": 16094924800, "cuda_allocated": 98904529920, "cuda_reserved": 99490988032, "layer": 21, "tokens": 256}
(Worker_TP1 pid=92) STARTUP_PROBE {"time_ns": 1789200847823637466, "phase": "expert_plan_end", "available_bytes": 16094924800, "cuda_allocated": 98904529920, "cuda_reserved": 99490988032, "layer": 21, "tokens": 256}
(Worker_TP1 pid=92) STARTUP_PROBE {"time_ns": 1789200847873009047, "phase": "expert_plan_begin", "available_bytes": 16094924800, "cuda_allocated": 98904825856, "cuda_reserved": 99490988032, "layer": 22, "tokens": 256}
(Worker_TP1 pid=92) STARTUP_PROBE {"time_ns": 1789200847927306409, "phase": "expert_plan_end", "available_bytes": 16103182336, "cuda_allocated": 98904825856, "cuda_reserved": 99490988032, "layer": 22, "tokens": 256}
(Worker_TP1 pid=92) STARTUP_PROBE {"time_ns": 1789200848012769302, "phase": "expert_plan_begin", "available_bytes": 16119697408, "cuda_allocated": 98905482240, "cuda_reserved": 99490988032, "layer": 23, "tokens": 256}
(Worker_TP1 pid=92) STARTUP_PROBE {"time_ns": 1789200848065788194, "phase": "expert_plan_end", "available_bytes": 16119697408, "cuda_allocated": 98905482240, "cuda_reserved": 99490988032, "layer": 23, "tokens": 256}
(Worker_TP1 pid=92) STARTUP_PROBE {"time_ns": 1789200848132903917, "phase": "expert_plan_begin", "available_bytes": 16117600256, "cuda_allocated": 98904532992, "cuda_reserved": 99493085184, "layer": 24, "tokens": 256}
(Worker_TP1 pid=92) STARTUP_PROBE {"time_ns": 1789200848186075722, "phase": "expert_plan_end", "available_bytes": 16132329472, "cuda_allocated": 98904532992, "cuda_reserved": 99493085184, "layer": 24, "tokens": 256}
(Worker_TP1 pid=92) STARTUP_PROBE {"time_ns": 1789200848251396509, "phase": "expert_plan_begin", "available_bytes": 16134234112, "cuda_allocated": 98904828928, "cuda_reserved": 99490988032, "layer": 25, "tokens": 256}
(Worker_TP1 pid=92) STARTUP_PROBE {"time_ns": 1789200848304373689, "phase": "expert_plan_end", "available_bytes": 16134492160, "cuda_allocated": 98904828928, "cuda_reserved": 99490988032, "layer": 25, "tokens": 256}
(Worker_TP1 pid=92) STARTUP_PROBE {"time_ns": 1789200848371193362, "phase": "expert_plan_begin", "available_bytes": 16134492160, "cuda_allocated": 98905485312, "cuda_reserved": 99490988032, "layer": 26, "tokens": 256}
(Worker_TP1 pid=92) STARTUP_PROBE {"time_ns": 1789200848424842481, "phase": "expert_plan_end", "available_bytes": 16134492160, "cuda_allocated": 98905485312, "cuda_reserved": 99490988032, "layer": 26, "tokens": 256}
(Worker_TP1 pid=92) STARTUP_PROBE {"time_ns": 1789200848500153057, "phase": "expert_plan_begin", "available_bytes": 16134037504, "cuda_allocated": 98904536064, "cuda_reserved": 99490988032, "layer": 27, "tokens": 256}
(Worker_TP1 pid=92) STARTUP_PROBE {"time_ns": 1789200848553688207, "phase": "expert_plan_end", "available_bytes": 16133976064, "cuda_allocated": 98904536064, "cuda_reserved": 99490988032, "layer": 27, "tokens": 256}
(Worker_TP1 pid=92) STARTUP_PROBE {"time_ns": 1789200848629451089, "phase": "expert_plan_begin", "available_bytes": 16131878912, "cuda_allocated": 98904832000, "cuda_reserved": 99493085184, "layer": 28, "tokens": 256}
(Worker_TP1 pid=92) STARTUP_PROBE {"time_ns": 1789200848682174108, "phase": "expert_plan_end", "available_bytes": 16131878912, "cuda_allocated": 98904832000, "cuda_reserved": 99493085184, "layer": 28, "tokens": 256}
(Worker_TP1 pid=92) STARTUP_PROBE {"time_ns": 1789200848759957382, "phase": "expert_plan_begin", "available_bytes": 16133976064, "cuda_allocated": 98905488384, "cuda_reserved": 99490988032, "layer": 29, "tokens": 256}
(Worker_TP1 pid=92) STARTUP_PROBE {"time_ns": 1789200848814148280, "phase": "expert_plan_end", "available_bytes": 16133976064, "cuda_allocated": 98905488384, "cuda_reserved": 99490988032, "layer": 29, "tokens": 256}
(Worker_TP1 pid=92) STARTUP_PROBE {"time_ns": 1789200848881524964, "phase": "expert_plan_begin", "available_bytes": 16131878912, "cuda_allocated": 98904539136, "cuda_reserved": 99490988032, "layer": 30, "tokens": 256}
(Worker_TP1 pid=92) STARTUP_PROBE {"time_ns": 1789200848934601808, "phase": "expert_plan_end", "available_bytes": 16132136960, "cuda_allocated": 98904539136, "cuda_reserved": 99490988032, "layer": 30, "tokens": 256}
(Worker_TP1 pid=92) STARTUP_PROBE {"time_ns": 1789200848994142329, "phase": "expert_plan_begin", "available_bytes": 16164564992, "cuda_allocated": 98904835072, "cuda_reserved": 99490988032, "layer": 31, "tokens": 256}
(Worker_TP1 pid=92) STARTUP_PROBE {"time_ns": 1789200849048832189, "phase": "expert_plan_end", "available_bytes": 16164564992, "cuda_allocated": 98904835072, "cuda_reserved": 99490988032, "layer": 31, "tokens": 256}
(Worker_TP1 pid=92) STARTUP_PROBE {"time_ns": 1789200849119191654, "phase": "expert_plan_begin", "available_bytes": 16167518208, "cuda_allocated": 98905491456, "cuda_reserved": 99493085184, "layer": 32, "tokens": 256}
(Worker_TP1 pid=92) STARTUP_PROBE {"time_ns": 1789200849172732580, "phase": "expert_plan_end", "available_bytes": 16166424576, "cuda_allocated": 98905491456, "cuda_reserved": 99493085184, "layer": 32, "tokens": 256}
(Worker_TP1 pid=92) STARTUP_PROBE {"time_ns": 1789200849253033018, "phase": "expert_plan_begin", "available_bytes": 16168189952, "cuda_allocated": 98904542208, "cuda_reserved": 99490988032, "layer": 33, "tokens": 256}
(Worker_TP1 pid=92) STARTUP_PROBE {"time_ns": 1789200849305919461, "phase": "expert_plan_end", "available_bytes": 16167931904, "cuda_allocated": 98904542208, "cuda_reserved": 99490988032, "layer": 33, "tokens": 256}
(Worker_TP1 pid=92) STARTUP_PROBE {"time_ns": 1789200849384290610, "phase": "expert_plan_begin", "available_bytes": 16167682048, "cuda_allocated": 98904838144, "cuda_reserved": 99490988032, "layer": 34, "tokens": 256}
(Worker_TP1 pid=92) STARTUP_PROBE {"time_ns": 1789200849437432318, "phase": "expert_plan_end", "available_bytes": 16167682048, "cuda_allocated": 98904838144, "cuda_reserved": 99490988032, "layer": 34, "tokens": 256}
(Worker_TP1 pid=92) STARTUP_PROBE {"time_ns": 1789200849517491170, "phase": "expert_plan_begin", "available_bytes": 16167682048, "cuda_allocated": 98905494528, "cuda_reserved": 99490988032, "layer": 35, "tokens": 256}
(Worker_TP1 pid=92) STARTUP_PROBE {"time_ns": 1789200849570044380, "phase": "expert_plan_end", "available_bytes": 16167682048, "cuda_allocated": 98905494528, "cuda_reserved": 99490988032, "layer": 35, "tokens": 256}
(Worker_TP1 pid=92) STARTUP_PROBE {"time_ns": 1789200849651367382, "phase": "expert_plan_begin", "available_bytes": 16165584896, "cuda_allocated": 98904545280, "cuda_reserved": 99493085184, "layer": 36, "tokens": 256}
(Worker_TP1 pid=92) STARTUP_PROBE {"time_ns": 1789200849704232065, "phase": "expert_plan_end", "available_bytes": 16165584896, "cuda_allocated": 98904545280, "cuda_reserved": 99493085184, "layer": 36, "tokens": 256}
(Worker_TP1 pid=92) STARTUP_PROBE {"time_ns": 1789200849795171158, "phase": "expert_plan_begin", "available_bytes": 16167682048, "cuda_allocated": 98914507776, "cuda_reserved": 99490988032, "layer": 37, "tokens": 256}
(Worker_TP1 pid=92) STARTUP_PROBE {"time_ns": 1789200849848201202, "phase": "expert_plan_end", "available_bytes": 16167682048, "cuda_allocated": 98914507776, "cuda_reserved": 99490988032, "layer": 37, "tokens": 256}
(Worker_TP1 pid=92) STARTUP_PROBE {"time_ns": 1789200849918656123, "phase": "expert_plan_begin", "available_bytes": 16176709632, "cuda_allocated": 98916016128, "cuda_reserved": 99490988032, "layer": 38, "tokens": 256}
(Worker_TP1 pid=92) STARTUP_PROBE {"time_ns": 1789200849974534308, "phase": "expert_plan_end", "available_bytes": 16202772480, "cuda_allocated": 98916016128, "cuda_reserved": 99490988032, "layer": 38, "tokens": 256}
(Worker_TP1 pid=92) STARTUP_PROBE {"time_ns": 1789200850058679162, "phase": "expert_plan_begin", "available_bytes": 16211419136, "cuda_allocated": 98917819392, "cuda_reserved": 99490988032, "layer": 39, "tokens": 256}
(Worker_TP1 pid=92) STARTUP_PROBE {"time_ns": 1789200850111768054, "phase": "expert_plan_end", "available_bytes": 16209420288, "cuda_allocated": 98917819392, "cuda_reserved": 99490988032, "layer": 39, "tokens": 256}
(Worker_TP1 pid=92) EXPERT_STREAM {"hits": 0, "misses": 0, "read_bytes": 0, "read_seconds": 0.0, "rank": 1, "cache_bytes": 0, "slot_hits": 21326, "slot_misses": 22882, "packed_read_bytes": 215098122240, "graph_replays": 292, "routed_pipeline_batches": 0, "routed_pipeline_bytes": 0, "prefetch_issued": 0, "prefetch_read_bytes": 0, "prefetch_consumed": 0, "prefetch_ready": 0, "prefetch_late": 0, "prefetch_cancelled": 0, "prefetch_unused": 0, "demand_read_bytes": 215098122240, "io_batches": 209, "io_overlaps": 169, "staging_bytes": 0, "staging_banks": 0, "prefetch_pending": 0, "execution_buffer_bytes": 71750856, "scratch_bytes": 402653184, "gpu_cache_bytes": 87836590080}
(Worker_TP1 pid=92) WARNING 09-12 08:14:10 [jit_monitor.py:141] Triton kernel JIT compilation during inference: _block_scores_kernel. This causes a latency spike; consider extending warmup to cover this shape/config.
(Worker_TP1 pid=92) WARNING 09-12 08:14:10 [jit_monitor.py:141] Triton kernel JIT compilation during inference: _candidate_flags_kernel. This causes a latency spike; consider extending warmup to cover this shape/config.
(Worker_TP1 pid=92) WARNING 09-12 08:14:10 [jit_monitor.py:141] Triton kernel JIT compilation during inference: _mask_candidates_kernel. This causes a latency spike; consider extending warmup to cover this shape/config.
(Worker_TP1 pid=92) EXPERT_STREAM {"hits": 0, "misses": 0, "read_bytes": 0, "read_seconds": 0.0, "rank": 1, "cache_bytes": 0, "slot_hits": 22149, "slot_misses": 23055, "packed_read_bytes": 216724377600, "graph_replays": 335, "routed_pipeline_batches": 0, "routed_pipeline_bytes": 0, "prefetch_issued": 0, "prefetch_read_bytes": 0, "prefetch_consumed": 0, "prefetch_ready": 0, "prefetch_late": 0, "prefetch_cancelled": 0, "prefetch_unused": 0, "demand_read_bytes": 216724377600, "io_batches": 250, "io_overlaps": 210, "staging_bytes": 0, "staging_banks": 0, "prefetch_pending": 0, "execution_buffer_bytes": 71750856, "scratch_bytes": 402653184, "gpu_cache_bytes": 87836590080}
(Worker_TP1 pid=92) WARNING 09-12 08:14:10 [jit_monitor.py:141] Triton kernel JIT compilation during inference: _compute_local_logits_stats_kernel. This causes a latency spike; consider extending warmup to cover this shape/config.
(Worker_TP1 pid=92) WARNING 09-12 08:14:10 [jit_monitor.py:141] Triton kernel JIT compilation during inference: _compute_cumulative_log_p_kernel. This causes a latency spike; consider extending warmup to cover this shape/config.
(Worker_TP1 pid=92) WARNING 09-12 08:14:10 [jit_monitor.py:141] Triton kernel JIT compilation during inference: _compute_local_residual_mass_kernel. This causes a latency spike; consider extending warmup to cover this shape/config.
(Worker_TP1 pid=92) WARNING 09-12 08:14:10 [jit_monitor.py:141] Triton kernel JIT compilation during inference: _rejection_kernel. This causes a latency spike; consider extending warmup to cover this shape/config.
(Worker_TP1 pid=92) WARNING 09-12 08:14:10 [jit_monitor.py:141] Triton kernel JIT compilation during inference: _resample_kernel. This causes a latency spike; consider extending warmup to cover this shape/config.
