PHASE seed 1
PHASE baseline 1
b12x policy fallback: moe.decode is using a heuristic on nvidia gb10 (compute capability 12.1, 48 SMs) because profile 'nvidia.gb10.48sm' does not cover the query; query={'activation': 'silu', 'hidden_size': 5120, 'intermediate_size': 1152, 'num_experts': 224, 'num_tokens': 1, 'numerical_recipe': 'deepseek_v41', 'quant_mode': 'w4a8_mx', 'routed_rows': 6, 'source_format': 'fp4_e8m0_k32', 'top_k': 6}
PHASE callback-eager 1
PHASE callback-eager-complete 1
PHASE capture 1
PHASE captured 1
PHASE parity 1 mixed1
{"tokens": 1, "state": "mixed1", "variant": "baseline", "trial": -1, "warmup": true, "ms": 2.8437059166511367, "cpu_callback_ms_per_call": null}
{"tokens": 1, "state": "mixed1", "variant": "callback", "trial": -1, "warmup": true, "ms": 2.332901750075204, "cpu_callback_ms_per_call": 1.6325736666666666}
{"tokens": 1, "state": "mixed1", "variant": "callback", "trial": 0, "warmup": false, "ms": 2.497419166805533, "cpu_callback_ms_per_call": 1.8331415833333333}
{"tokens": 1, "state": "mixed1", "variant": "baseline", "trial": 0, "warmup": false, "ms": 3.078363250097027, "cpu_callback_ms_per_call": null}
{"tokens": 1, "state": "mixed1", "variant": "baseline", "trial": 1, "warmup": false, "ms": 2.813957916562989, "cpu_callback_ms_per_call": null}
{"tokens": 1, "state": "mixed1", "variant": "callback", "trial": 1, "warmup": false, "ms": 2.0582737500565904, "cpu_callback_ms_per_call": 1.5182136666666668}
{"tokens": 1, "state": "mixed1", "variant": "callback", "trial": 2, "warmup": false, "ms": 2.7635152497775075, "cpu_callback_ms_per_call": 1.793583}
{"tokens": 1, "state": "mixed1", "variant": "baseline", "trial": 2, "warmup": false, "ms": 3.1397846669278806, "cpu_callback_ms_per_call": null}
PHASE parity 1 mixed4
{"tokens": 1, "state": "mixed4", "variant": "baseline", "trial": -1, "warmup": true, "ms": 6.136177250179268, "cpu_callback_ms_per_call": null}
{"tokens": 1, "state": "mixed4", "variant": "callback", "trial": -1, "warmup": true, "ms": 6.138027916676947, "cpu_callback_ms_per_call": 5.113059666666667}
{"tokens": 1, "state": "mixed4", "variant": "callback", "trial": 0, "warmup": false, "ms": 5.973545249920183, "cpu_callback_ms_per_call": 5.0020625}
{"tokens": 1, "state": "mixed4", "variant": "baseline", "trial": 0, "warmup": false, "ms": 6.345601333426505, "cpu_callback_ms_per_call": null}
{"tokens": 1, "state": "mixed4", "variant": "baseline", "trial": 1, "warmup": false, "ms": 6.032045250321971, "cpu_callback_ms_per_call": null}
{"tokens": 1, "state": "mixed4", "variant": "callback", "trial": 1, "warmup": false, "ms": 6.0642505832220195, "cpu_callback_ms_per_call": 5.015653166666667}
{"tokens": 1, "state": "mixed4", "variant": "callback", "trial": 2, "warmup": false, "ms": 5.733413250103088, "cpu_callback_ms_per_call": 4.937263833333334}
{"tokens": 1, "state": "mixed4", "variant": "baseline", "trial": 2, "warmup": false, "ms": 6.179664000228513, "cpu_callback_ms_per_call": null}
PHASE seed 6
PHASE baseline 6
b12x policy fallback: moe.decode is using a heuristic on nvidia gb10 (compute capability 12.1, 48 SMs) because profile 'nvidia.gb10.48sm' does not cover the query; query={'activation': 'silu', 'hidden_size': 5120, 'intermediate_size': 1152, 'num_experts': 224, 'num_tokens': 6, 'numerical_recipe': 'deepseek_v41', 'quant_mode': 'w4a8_mx', 'routed_rows': 36, 'source_format': 'fp4_e8m0_k32', 'top_k': 6}
PHASE callback-eager 6
PHASE callback-eager-complete 6
PHASE capture 6
PHASE captured 6
PHASE parity 6 mixed1
{"tokens": 6, "state": "mixed1", "variant": "baseline", "trial": -1, "warmup": true, "ms": 4.161087499596761, "cpu_callback_ms_per_call": null}
{"tokens": 6, "state": "mixed1", "variant": "callback", "trial": -1, "warmup": true, "ms": 4.81417966693698, "cpu_callback_ms_per_call": 1.9124999999999999}
{"tokens": 6, "state": "mixed1", "variant": "callback", "trial": 0, "warmup": false, "ms": 4.496974249680837, "cpu_callback_ms_per_call": 1.7553894166666666}
{"tokens": 6, "state": "mixed1", "variant": "baseline", "trial": 0, "warmup": false, "ms": 4.426699582836591, "cpu_callback_ms_per_call": null}
{"tokens": 6, "state": "mixed1", "variant": "baseline", "trial": 1, "warmup": false, "ms": 3.9667181663389783, "cpu_callback_ms_per_call": null}
{"tokens": 6, "state": "mixed1", "variant": "callback", "trial": 1, "warmup": false, "ms": 4.767045083402384, "cpu_callback_ms_per_call": 1.8683826666666665}
{"tokens": 6, "state": "mixed1", "variant": "callback", "trial": 2, "warmup": false, "ms": 4.83952374997898, "cpu_callback_ms_per_call": 1.895272}
{"tokens": 6, "state": "mixed1", "variant": "baseline", "trial": 2, "warmup": false, "ms": 4.161850249753722, "cpu_callback_ms_per_call": null}
PHASE parity 6 mixed4
{"tokens": 6, "state": "mixed4", "variant": "baseline", "trial": -1, "warmup": true, "ms": 7.4018855830217944, "cpu_callback_ms_per_call": null}
{"tokens": 6, "state": "mixed4", "variant": "callback", "trial": -1, "warmup": true, "ms": 8.00135108329414, "cpu_callback_ms_per_call": 5.254634583333334}
{"tokens": 6, "state": "mixed4", "variant": "callback", "trial": 0, "warmup": false, "ms": 7.849129749956774, "cpu_callback_ms_per_call": 5.1637585}
{"tokens": 6, "state": "mixed4", "variant": "baseline", "trial": 0, "warmup": false, "ms": 8.015332416713742, "cpu_callback_ms_per_call": null}
{"tokens": 6, "state": "mixed4", "variant": "baseline", "trial": 1, "warmup": false, "ms": 7.437549666671354, "cpu_callback_ms_per_call": null}
{"tokens": 6, "state": "mixed4", "variant": "callback", "trial": 1, "warmup": false, "ms": 7.3003549168788595, "cpu_callback_ms_per_call": 4.843127666666667}
{"tokens": 6, "state": "mixed4", "variant": "callback", "trial": 2, "warmup": false, "ms": 8.057840416464993, "cpu_callback_ms_per_call": 5.1864290833333335}
{"tokens": 6, "state": "mixed4", "variant": "baseline", "trial": 2, "warmup": false, "ms": 7.7913030836498365, "cpu_callback_ms_per_call": null}
{"1-mixed1": {"baseline": 3.078363250097027, "callback": 2.497419166805533}, "1-mixed4": {"baseline": 6.179664000228513, "callback": 5.973545249920183}, "6-mixed1": {"baseline": 4.161850249753722, "callback": 4.767045083402384}, "6-mixed4": {"baseline": 7.7913030836498365, "callback": 7.849129749956774}}
