PHASE seed 1
PHASE baseline 1
b12x policy fallback: moe.decode is using a heuristic on nvidia gb10 (compute capability 12.1, 48 SMs) because profile 'nvidia.gb10.48sm' does not cover the query; query={'activation': 'silu', 'hidden_size': 5120, 'intermediate_size': 1152, 'num_experts': 224, 'num_tokens': 1, 'numerical_recipe': 'deepseek_v41', 'quant_mode': 'w4a8_mx', 'routed_rows': 6, 'source_format': 'fp4_e8m0_k32', 'top_k': 6}
PHASE callback-eager 1
PHASE callback-eager-complete 1
PHASE capture 1
PHASE captured 1
PHASE parity 1 mixed1
{"tokens": 1, "state": "mixed1", "variant": "baseline", "trial": -1, "warmup": true, "ms": 2.178593499896427, "cpu_callback_ms_per_call": null}
{"tokens": 1, "state": "mixed1", "variant": "callback", "trial": -1, "warmup": true, "ms": 2.5749328336435915, "cpu_callback_ms_per_call": 1.7434624166666666}
{"tokens": 1, "state": "mixed1", "variant": "callback", "trial": 0, "warmup": false, "ms": 2.307536000444088, "cpu_callback_ms_per_call": 1.59914925}
{"tokens": 1, "state": "mixed1", "variant": "baseline", "trial": 0, "warmup": false, "ms": 2.5876475004527797, "cpu_callback_ms_per_call": null}
{"tokens": 1, "state": "mixed1", "variant": "baseline", "trial": 1, "warmup": false, "ms": 2.7567805833920525, "cpu_callback_ms_per_call": null}
{"tokens": 1, "state": "mixed1", "variant": "callback", "trial": 1, "warmup": false, "ms": 2.452114416882978, "cpu_callback_ms_per_call": 1.6573878333333332}
{"tokens": 1, "state": "mixed1", "variant": "callback", "trial": 2, "warmup": false, "ms": 2.8635590000097486, "cpu_callback_ms_per_call": 1.8153476666666668}
{"tokens": 1, "state": "mixed1", "variant": "baseline", "trial": 2, "warmup": false, "ms": 3.0049400835802467, "cpu_callback_ms_per_call": null}
PHASE parity 1 mixed4
{"tokens": 1, "state": "mixed4", "variant": "baseline", "trial": -1, "warmup": true, "ms": 6.214470583169411, "cpu_callback_ms_per_call": null}
{"tokens": 1, "state": "mixed4", "variant": "callback", "trial": -1, "warmup": true, "ms": 5.713612833157337, "cpu_callback_ms_per_call": 4.98207125}
{"tokens": 1, "state": "mixed4", "variant": "callback", "trial": 0, "warmup": false, "ms": 5.822973917020136, "cpu_callback_ms_per_call": 5.081034}
{"tokens": 1, "state": "mixed4", "variant": "baseline", "trial": 0, "warmup": false, "ms": 6.304786499943778, "cpu_callback_ms_per_call": null}
{"tokens": 1, "state": "mixed4", "variant": "baseline", "trial": 1, "warmup": false, "ms": 6.464480833528796, "cpu_callback_ms_per_call": null}
{"tokens": 1, "state": "mixed4", "variant": "callback", "trial": 1, "warmup": false, "ms": 5.50318116681107, "cpu_callback_ms_per_call": 4.963047583333333}
{"tokens": 1, "state": "mixed4", "variant": "callback", "trial": 2, "warmup": false, "ms": 5.926211166297435, "cpu_callback_ms_per_call": 5.01869}
{"tokens": 1, "state": "mixed4", "variant": "baseline", "trial": 2, "warmup": false, "ms": 5.924992416718548, "cpu_callback_ms_per_call": null}
PHASE seed 6
PHASE baseline 6
b12x policy fallback: moe.decode is using a heuristic on nvidia gb10 (compute capability 12.1, 48 SMs) because profile 'nvidia.gb10.48sm' does not cover the query; query={'activation': 'silu', 'hidden_size': 5120, 'intermediate_size': 1152, 'num_experts': 224, 'num_tokens': 6, 'numerical_recipe': 'deepseek_v41', 'quant_mode': 'w4a8_mx', 'routed_rows': 36, 'source_format': 'fp4_e8m0_k32', 'top_k': 6}
PHASE callback-eager 6
PHASE callback-eager-complete 6
PHASE capture 6
PHASE captured 6
PHASE parity 6 mixed1
{"tokens": 6, "state": "mixed1", "variant": "baseline", "trial": -1, "warmup": true, "ms": 3.7914628337603062, "cpu_callback_ms_per_call": null}
{"tokens": 6, "state": "mixed1", "variant": "callback", "trial": -1, "warmup": true, "ms": 3.7902548331961348, "cpu_callback_ms_per_call": 1.4903440000000001}
{"tokens": 6, "state": "mixed1", "variant": "callback", "trial": 0, "warmup": false, "ms": 3.7301523334463127, "cpu_callback_ms_per_call": 1.5137893333333334}
{"tokens": 6, "state": "mixed1", "variant": "baseline", "trial": 0, "warmup": false, "ms": 4.103692999706254, "cpu_callback_ms_per_call": null}
{"tokens": 6, "state": "mixed1", "variant": "baseline", "trial": 1, "warmup": false, "ms": 4.126459583252047, "cpu_callback_ms_per_call": null}
{"tokens": 6, "state": "mixed1", "variant": "callback", "trial": 1, "warmup": false, "ms": 3.729246916312453, "cpu_callback_ms_per_call": 1.4276576666666667}
{"tokens": 6, "state": "mixed1", "variant": "callback", "trial": 2, "warmup": false, "ms": 3.876453416523873, "cpu_callback_ms_per_call": 1.5683373333333332}
{"tokens": 6, "state": "mixed1", "variant": "baseline", "trial": 2, "warmup": false, "ms": 4.085390416851927, "cpu_callback_ms_per_call": null}
PHASE parity 6 mixed4
{"tokens": 6, "state": "mixed4", "variant": "baseline", "trial": -1, "warmup": true, "ms": 7.4369247498301165, "cpu_callback_ms_per_call": null}
{"tokens": 6, "state": "mixed4", "variant": "callback", "trial": -1, "warmup": true, "ms": 7.710822916730346, "cpu_callback_ms_per_call": 5.5787945}
{"tokens": 6, "state": "mixed4", "variant": "callback", "trial": 0, "warmup": false, "ms": 7.407672749953538, "cpu_callback_ms_per_call": 5.053572666666667}
{"tokens": 6, "state": "mixed4", "variant": "baseline", "trial": 0, "warmup": false, "ms": 7.171709249936005, "cpu_callback_ms_per_call": null}
{"tokens": 6, "state": "mixed4", "variant": "baseline", "trial": 1, "warmup": false, "ms": 7.623005833617451, "cpu_callback_ms_per_call": null}
{"tokens": 6, "state": "mixed4", "variant": "callback", "trial": 1, "warmup": false, "ms": 6.784348583702619, "cpu_callback_ms_per_call": 4.6853935}
{"tokens": 6, "state": "mixed4", "variant": "callback", "trial": 2, "warmup": false, "ms": 7.2164171663947245, "cpu_callback_ms_per_call": 4.9067514999999995}
{"tokens": 6, "state": "mixed4", "variant": "baseline", "trial": 2, "warmup": false, "ms": 7.849829500022072, "cpu_callback_ms_per_call": null}
{"1-mixed1": {"baseline": 2.7567805833920525, "callback": 2.452114416882978}, "1-mixed4": {"baseline": 6.304786499943778, "callback": 5.822973917020136}, "6-mixed1": {"baseline": 4.103692999706254, "callback": 3.7301523334463127}, "6-mixed4": {"baseline": 7.623005833617451, "callback": 7.2164171663947245}}
