1/48 med_cold round=1 tokens=976 elapsed=33.5s decode=29.239494680259238 accept=0.381 truncated=False
2/48 med_gout round=1 tokens=1145 elapsed=34.8s decode=33.19981183723391 accept=0.455 truncated=False
3/48 med_rhinitis round=1 tokens=1325 elapsed=38.1s decode=34.95539121270801 accept=0.509 truncated=False
4/48 med_diabetes round=1 tokens=532 elapsed=17.1s decode=31.525645801343376 accept=0.416 truncated=False
5/48 med_cancer round=1 tokens=1128 elapsed=37.8s decode=30.01501133944149 accept=0.379 truncated=False
6/48 life_food round=1 tokens=346 elapsed=11.7s decode=30.167833323602302 accept=0.383 truncated=False
7/48 life_energy round=1 tokens=1065 elapsed=29.2s decode=36.79773164051998 accept=0.549 truncated=False
8/48 life_router round=1 tokens=1480 elapsed=43.0s decode=34.61385140485483 accept=0.501 truncated=False
9/48 life_schedule round=1 tokens=1536 elapsed=34.6s decode=44.713301272784 accept=0.739 truncated=True
10/48 finance_budget round=1 tokens=1103 elapsed=27.5s decode=40.488702764723065 accept=0.626 truncated=False
11/48 finance_cost round=1 tokens=1121 elapsed=28.2s decode=40.011578054599475 accept=0.614 truncated=False
12/48 contract_reading round=1 tokens=715 elapsed=19.8s decode=36.64948961739309 accept=0.535 truncated=False
13/48 science_bayes round=1 tokens=1536 elapsed=40.0s decode=38.62671862621942 accept=0.589 truncated=True
14/48 science_trial round=1 tokens=3893 elapsed=143.6s decode=27.17354607227596 accept=0.453 truncated=False
15/48 science_lab round=1 tokens=934 elapsed=25.3s decode=37.38355867111685 accept=0.583 truncated=False
16/48 code_shortlist round=1 tokens=4096 elapsed=180.2s decode=22.859003636339107 accept=0.329 truncated=True
17/48 code_telemetry round=1 tokens=4096 elapsed=187.2s decode=22.259171433467415 accept=0.321 truncated=True
18/48 code_html_review round=1 tokens=2048 elapsed=53.2s decode=39.77401439108489 accept=0.636 truncated=True
19/48 research_memory round=1 tokens=4096 elapsed=158.8s decode=26.266169741505376 accept=0.399 truncated=True
20/48 human_translation round=1 tokens=223 elapsed=7.4s decode=31.16028865608557 accept=0.422 truncated=False
21/48 human_history round=1 tokens=1233 elapsed=41.7s decode=29.765762608291443 accept=0.390 truncated=False
22/48 human_writing round=1 tokens=84 elapsed=2.5s decode=36.23836105597298 accept=0.552 truncated=False
23/48 dialogue_constraints round=1 tokens=207 elapsed=5.4s decode=40.46138337012304 accept=0.634 truncated=False
24/48 long_ledger round=1 tokens=2048 elapsed=51.4s decode=44.28429022782892 accept=0.766 truncated=True
25/48 long_ledger round=2 tokens=2048 elapsed=52.2s decode=43.29211245758714 accept=0.737 truncated=True
26/48 dialogue_constraints round=2 tokens=338 elapsed=8.0s decode=43.73083650510643 accept=0.726 truncated=False
27/48 human_writing round=2 tokens=94 elapsed=2.9s decode=34.328361640135164 accept=0.482 truncated=False
28/48 human_history round=2 tokens=1473 elapsed=49.1s decode=30.124991640266256 accept=0.400 truncated=False
29/48 human_translation round=2 tokens=206 elapsed=6.4s decode=33.30161360052702 accept=0.452 truncated=False
30/48 research_memory round=2 tokens=4096 elapsed=146.5s decode=28.427242066418852 accept=0.450 truncated=True
31/48 code_html_review round=2 tokens=2048 elapsed=53.6s decode=39.25882197368905 accept=0.644 truncated=True
32/48 code_telemetry round=2 tokens=4096 elapsed=190.7s decode=21.788092423945397 accept=0.318 truncated=True
33/48 code_shortlist round=2 tokens=4096 elapsed=197.1s decode=20.87366810841505 accept=0.341 truncated=True
34/48 science_lab round=2 tokens=1034 elapsed=27.3s decode=38.13609625895685 accept=0.565 truncated=False
35/48 science_trial round=2 tokens=2755 elapsed=89.7s decode=30.788944000093743 accept=0.439 truncated=False
36/48 science_bayes round=2 tokens=1536 elapsed=40.6s decode=37.96504533211909 accept=0.571 truncated=True
37/48 contract_reading round=2 tokens=809 elapsed=23.1s decode=35.34559169780337 accept=0.501 truncated=False
38/48 finance_cost round=2 tokens=1132 elapsed=29.2s decode=39.01346095165166 accept=0.598 truncated=False
39/48 finance_budget round=2 tokens=1046 elapsed=26.4s decode=39.8684529901894 accept=0.602 truncated=False
40/48 life_schedule round=2 tokens=1523 elapsed=34.2s decode=44.851749260561895 accept=0.728 truncated=False
41/48 life_router round=2 tokens=1235 elapsed=34.2s decode=36.34778464007239 accept=0.543 truncated=False
42/48 life_energy round=2 tokens=1150 elapsed=31.3s decode=36.960718904564864 accept=0.537 truncated=False
43/48 life_food round=2 tokens=332 elapsed=11.9s decode=28.26203234478265 accept=0.320 truncated=False
44/48 med_cancer round=2 tokens=1132 elapsed=36.9s decode=30.830537697092264 accept=0.399 truncated=False
45/48 med_diabetes round=2 tokens=665 elapsed=20.3s decode=33.026027344263866 accept=0.443 truncated=False
46/48 med_rhinitis round=2 tokens=1493 elapsed=46.2s decode=32.429371049754735 accept=0.449 truncated=False
47/48 med_gout round=2 tokens=1275 elapsed=36.9s decode=34.748453015052675 accept=0.486 truncated=False
48/48 med_cold round=2 tokens=921 elapsed=30.1s decode=30.785769029530158 accept=0.395 truncated=False
