
(Worker_TP0 pid=146) EXPERT_STREAM {"hits": 0, "misses": 0, "read_bytes": 0, "read_seconds": 0.0, "rank": 0, "cache_bytes": 0, "slot_hits": 0, "slot_misses": 13827, "packed_read_bytes": 129978224640, "graph_replays": 160, "routed_pipeline_batches": 0, "routed_pipeline_bytes": 0, "prefetch_issued": 0, "prefetch_read_bytes": 0, "prefetch_consumed": 0, "prefetch_ready": 0, "prefetch_late": 0, "prefetch_cancelled": 0, "prefetch_unused": 0, "demand_read_bytes": 129978224640, "io_batches": 80, "io_overlaps": 40, "staging_bytes": 0, "staging_banks": 0, "prefetch_pending": 0, "execution_buffer_bytes": 63874248, "scratch_bytes": 402653184, "gpu_cache_bytes": 87836590080}
(Worker_TP0 pid=146) EXPERT_STREAM {"hits": 0, "misses": 0, "read_bytes": 0, "read_seconds": 0.0, "rank": 0, "cache_bytes": 0, "slot_hits": 6, "slot_misses": 13827, "packed_read_bytes": 129978224640, "graph_replays": 161, "routed_pipeline_batches": 0, "routed_pipeline_bytes": 0, "prefetch_issued": 0, "prefetch_read_bytes": 0, "prefetch_consumed": 0, "prefetch_ready": 0, "prefetch_late": 0, "prefetch_cancelled": 0, "prefetch_unused": 0, "demand_read_bytes": 129978224640, "io_batches": 80, "io_overlaps": 40, "staging_bytes": 0, "staging_banks": 0, "prefetch_pending": 0, "execution_buffer_bytes": 63874248, "scratch_bytes": 402653184, "gpu_cache_bytes": 87836590080}
(Worker_TP0 pid=146) FINAL_DECODER_ROWS {"input_rows": 4092, "output_rows": 1, "layer": 39, "validation": [{"max_abs": 0.5, "rms": 0.04606050252914429, "within_tolerance": false}, {"max_abs": 0.125, "rms": 0.01904662512242794, "within_tolerance": false}, {"max_abs": 0.0009374618530273438, "rms": 0.0005419127410277724, "within_tolerance": true}, {"max_abs": 0.0016811192035675049, "rms": 0.0008046060684137046, "within_tolerance": true}, {"max_abs": 0.00028320029377937317, "rms": 0.00014757414464838803, "within_tolerance": true}]}
(Worker_TP0 pid=146) STARTUP_PROBE {"time_ns": 1789204219112075932, "phase": "expert_plan_begin", "available_bytes": 16315744256, "cuda_allocated": 99467480576, "cuda_reserved": 100774445056, "layer": 0, "tokens": 256}
(Worker_TP0 pid=146) b12x policy fallback: moe.decode is using a heuristic on nvidia gb10 (compute capability 12.1, 48 SMs) because profile 'nvidia.gb10.48sm' does not cover the query; query={'activation': 'silu', 'hidden_size': 5120, 'intermediate_size': 1152, 'num_experts': 224, 'num_tokens': 256, 'numerical_recipe': 'deepseek_v41', 'quant_mode': 'w4a8_mx', 'routed_rows': 1536, 'source_format': 'fp4_e8m0_k32', 'top_k': 6}
(Worker_TP0 pid=146) STARTUP_PROBE {"time_ns": 1789204219176744388, "phase": "expert_plan_end", "available_bytes": 16315748352, "cuda_allocated": 99475838464, "cuda_reserved": 100774445056, "layer": 0, "tokens": 256}
(Worker_TP0 pid=146) STARTUP_PROBE {"time_ns": 1789204219446404433, "phase": "expert_plan_begin", "available_bytes": 17128296448, "cuda_allocated": 99566820352, "cuda_reserved": 99998498816, "layer": 1, "tokens": 256}
(Worker_TP0 pid=146) STARTUP_PROBE {"time_ns": 1789204219510630930, "phase": "expert_plan_end", "available_bytes": 17128321024, "cuda_allocated": 99566820352, "cuda_reserved": 99998498816, "layer": 1, "tokens": 256}
(APIServer pid=1) INFO:     127.0.0.1:40252 - "GET /v1/models HTTP/1.1" 200 OK
(Worker_TP0 pid=146) STARTUP_PROBE {"time_ns": 1789204219759977744, "phase": "expert_plan_begin", "available_bytes": 16997556224, "cuda_allocated": 99566821376, "cuda_reserved": 100092870656, "layer": 2, "tokens": 256}
(Worker_TP0 pid=146) STARTUP_PROBE {"time_ns": 1789204219825191201, "phase": "expert_plan_end", "available_bytes": 16873578496, "cuda_allocated": 99566821376, "cuda_reserved": 100214505472, "layer": 2, "tokens": 256}
(Worker_TP0 pid=146) STARTUP_PROBE {"time_ns": 1789204220050501446, "phase": "expert_plan_begin", "available_bytes": 17012375552, "cuda_allocated": 99566822400, "cuda_reserved": 100071899136, "layer": 3, "tokens": 256}
(Worker_TP0 pid=146) STARTUP_PROBE {"time_ns": 1789204220115436488, "phase": "expert_plan_end", "available_bytes": 17012129792, "cuda_allocated": 99566822400, "cuda_reserved": 100071899136, "layer": 3, "tokens": 256}
(Worker_TP0 pid=146) STARTUP_PROBE {"time_ns": 1789204220320561845, "phase": "expert_plan_begin", "available_bytes": 17146355712, "cuda_allocated": 99566823424, "cuda_reserved": 99937681408, "layer": 4, "tokens": 256}
(Worker_TP0 pid=146) STARTUP_PROBE {"time_ns": 1789204220386492776, "phase": "expert_plan_end", "available_bytes": 17024262144, "cuda_allocated": 99566823424, "cuda_reserved": 100059316224, "layer": 4, "tokens": 256}
(Worker_TP0 pid=146) STARTUP_PROBE {"time_ns": 1789204220620311986, "phase": "expert_plan_begin", "available_bytes": 17071919104, "cuda_allocated": 99566824448, "cuda_reserved": 100011081728, "layer": 5, "tokens": 256}
(Worker_TP0 pid=146) STARTUP_PROBE {"time_ns": 1789204220685020337, "phase": "expert_plan_end", "available_bytes": 16949825536, "cuda_allocated": 99566824448, "cuda_reserved": 100132716544, "layer": 5, "tokens": 256}
(Worker_TP0 pid=146) STARTUP_PROBE {"time_ns": 1789204220921670424, "phase": "expert_plan_begin", "available_bytes": 17076793344, "cuda_allocated": 99566880768, "cuda_reserved": 100011081728, "layer": 6, "tokens": 256}
(Worker_TP0 pid=146) STARTUP_PROBE {"time_ns": 1789204220986856782, "phase": "expert_plan_end", "available_bytes": 16962166784, "cuda_allocated": 99566880768, "cuda_reserved": 100132716544, "layer": 6, "tokens": 256}
(Worker_TP0 pid=146) STARTUP_PROBE {"time_ns": 1789204221192675800, "phase": "expert_plan_begin", "available_bytes": 16915689472, "cuda_allocated": 99566881792, "cuda_reserved": 100176756736, "layer": 7, "tokens": 256}
(Worker_TP0 pid=146) STARTUP_PROBE {"time_ns": 1789204221257157353, "phase": "expert_plan_end", "available_bytes": 16915435520, "cuda_allocated": 99566881792, "cuda_reserved": 100176756736, "layer": 7, "tokens": 256}
(Worker_TP0 pid=146) STARTUP_PROBE {"time_ns": 1789204221476082686, "phase": "expert_plan_begin", "available_bytes": 17102749696, "cuda_allocated": 99566827520, "cuda_reserved": 99990110208, "layer": 8, "tokens": 256}
(Worker_TP0 pid=146) STARTUP_PROBE {"time_ns": 1789204221542840740, "phase": "expert_plan_end", "available_bytes": 16980488192, "cuda_allocated": 99566827520, "cuda_reserved": 100111745024, "layer": 8, "tokens": 256}
(Worker_TP0 pid=146) STARTUP_PROBE {"time_ns": 1789204221742104215, "phase": "expert_plan_begin", "available_bytes": 17031147520, "cuda_allocated": 99566828544, "cuda_reserved": 100061413376, "layer": 9, "tokens": 256}
(Worker_TP0 pid=146) STARTUP_PROBE {"time_ns": 1789204221806765164, "phase": "expert_plan_end", "available_bytes": 16908988416, "cuda_allocated": 99566828544, "cuda_reserved": 100183048192, "layer": 9, "tokens": 256}
(Worker_TP0 pid=146) STARTUP_PROBE {"time_ns": 1789204222006049040, "phase": "expert_plan_begin", "available_bytes": 17027915776, "cuda_allocated": 99566829568, "cuda_reserved": 100061413376, "layer": 10, "tokens": 256}
(Worker_TP0 pid=146) STARTUP_PROBE {"time_ns": 1789204222071671738, "phase": "expert_plan_end", "available_bytes": 17028231168, "cuda_allocated": 99566829568, "cuda_reserved": 100061413376, "layer": 10, "tokens": 256}
(Worker_TP0 pid=146) STARTUP_PROBE {"time_ns": 1789204222281037833, "phase": "expert_plan_begin", "available_bytes": 17101647872, "cuda_allocated": 99566830592, "cuda_reserved": 99988013056, "layer": 11, "tokens": 256}
(Worker_TP0 pid=146) STARTUP_PROBE {"time_ns": 1789204222344757619, "phase": "expert_plan_end", "available_bytes": 17101647872, "cuda_allocated": 99566830592, "cuda_reserved": 99988013056, "layer": 11, "tokens": 256}
(Worker_TP0 pid=146) STARTUP_PROBE {"time_ns": 1789204222538916020, "phase": "expert_plan_begin", "available_bytes": 17008914432, "cuda_allocated": 99566831616, "cuda_reserved": 100080287744, "layer": 12, "tokens": 256}
(Worker_TP0 pid=146) STARTUP_PROBE {"time_ns": 1789204222603574062, "phase": "expert_plan_end", "available_bytes": 17009082368, "cuda_allocated": 99566831616, "cuda_reserved": 100080287744, "layer": 12, "tokens": 256}
(Worker_TP0 pid=146) STARTUP_PROBE {"time_ns": 1789204222806306462, "phase": "expert_plan_begin", "available_bytes": 17101815808, "cuda_allocated": 99566832640, "cuda_reserved": 99988013056, "layer": 13, "tokens": 256}
(Worker_TP0 pid=146) STARTUP_PROBE {"time_ns": 1789204222869743284, "phase": "expert_plan_end", "available_bytes": 17104052224, "cuda_allocated": 99566832640, "cuda_reserved": 99988013056, "layer": 13, "tokens": 256}
(Worker_TP0 pid=146) STARTUP_PROBE {"time_ns": 1789204223128724988, "phase": "expert_plan_begin", "available_bytes": 17007886336, "cuda_allocated": 99566833664, "cuda_reserved": 100101259264, "layer": 14, "tokens": 256}
(Worker_TP0 pid=146) STARTUP_PROBE {"time_ns": 1789204223192873426, "phase": "expert_plan_end", "available_bytes": 17007886336, "cuda_allocated": 99566833664, "cuda_reserved": 100101259264, "layer": 14, "tokens": 256}
(Worker_TP0 pid=146) STARTUP_PROBE {"time_ns": 1789204223385115091, "phase": "expert_plan_begin", "available_bytes": 17131102208, "cuda_allocated": 99566834688, "cuda_reserved": 99988013056, "layer": 15, "tokens": 256}
(Worker_TP0 pid=146) STARTUP_PROBE {"time_ns": 1789204223449626432, "phase": "expert_plan_end", "available_bytes": 17129328640, "cuda_allocated": 99566834688, "cuda_reserved": 99988013056, "layer": 15, "tokens": 256}
(Worker_TP0 pid=146) STARTUP_PROBE {"time_ns": 1789204223691233372, "phase": "expert_plan_begin", "available_bytes": 17033768960, "cuda_allocated": 99566835712, "cuda_reserved": 100080287744, "layer": 16, "tokens": 256}
(Worker_TP0 pid=146) STARTUP_PROBE {"time_ns": 1789204223754931915, "phase": "expert_plan_end", "available_bytes": 17033773056, "cuda_allocated": 99566835712, "cuda_reserved": 100080287744, "layer": 16, "tokens": 256}
(Worker_TP0 pid=146) STARTUP_PROBE {"time_ns": 1789204223921185056, "phase": "expert_plan_begin", "available_bytes": 17136848896, "cuda_allocated": 99566836736, "cuda_reserved": 99988013056, "layer": 17, "tokens": 256}
(Worker_TP0 pid=146) STARTUP_PROBE {"time_ns": 1789204223984511929, "phase": "expert_plan_end", "available_bytes": 17137979392, "cuda_allocated": 99566836736, "cuda_reserved": 99988013056, "layer": 17, "tokens": 256}
(Worker_TP0 pid=146) STARTUP_PROBE {"time_ns": 1789204224215779451, "phase": "expert_plan_begin", "available_bytes": 17043623936, "cuda_allocated": 99566837760, "cuda_reserved": 100080287744, "layer": 18, "tokens": 256}
(Worker_TP0 pid=146) STARTUP_PROBE {"time_ns": 1789204224280923320, "phase": "expert_plan_end", "available_bytes": 17043623936, "cuda_allocated": 99566837760, "cuda_reserved": 100080287744, "layer": 18, "tokens": 256}
(Worker_TP0 pid=146) STARTUP_PROBE {"time_ns": 1789204224489169456, "phase": "expert_plan_begin", "available_bytes": 17136246784, "cuda_allocated": 99566838784, "cuda_reserved": 99988013056, "layer": 19, "tokens": 256}
(Worker_TP0 pid=146) STARTUP_PROBE {"time_ns": 1789204224555163772, "phase": "expert_plan_end", "available_bytes": 17136246784, "cuda_allocated": 99566838784, "cuda_reserved": 99988013056, "layer": 19, "tokens": 256}
(Worker_TP0 pid=146) STARTUP_PROBE {"time_ns": 1789204224820312833, "phase": "expert_plan_begin", "available_bytes": 17026699264, "cuda_allocated": 99566839808, "cuda_reserved": 100101259264, "layer": 20, "tokens": 256}
(Worker_TP0 pid=146) STARTUP_PROBE {"time_ns": 1789204224884494782, "phase": "expert_plan_end", "available_bytes": 17026633728, "cuda_allocated": 99566839808, "cuda_reserved": 100101259264, "layer": 20, "tokens": 256}
(Worker_TP0 pid=146) STARTUP_PROBE {"time_ns": 1789204225077852235, "phase": "expert_plan_begin", "available_bytes": 17143152640, "cuda_allocated": 99566840832, "cuda_reserved": 99988013056, "layer": 21, "tokens": 256}
(Worker_TP0 pid=146) STARTUP_PROBE {"time_ns": 1789204225141483139, "phase": "expert_plan_end", "available_bytes": 17138692096, "cuda_allocated": 99566840832, "cuda_reserved": 99988013056, "layer": 21, "tokens": 256}
(Worker_TP0 pid=146) STARTUP_PROBE {"time_ns": 1789204225314980743, "phase": "expert_plan_begin", "available_bytes": 17045725184, "cuda_allocated": 99566841856, "cuda_reserved": 100080287744, "layer": 22, "tokens": 256}
(Worker_TP0 pid=146) STARTUP_PROBE {"time_ns": 1789204225379520031, "phase": "expert_plan_end", "available_bytes": 17045725184, "cuda_allocated": 99566841856, "cuda_reserved": 100080287744, "layer": 22, "tokens": 256}
(Worker_TP0 pid=146) STARTUP_PROBE {"time_ns": 1789204225538516178, "phase": "expert_plan_begin", "available_bytes": 17138458624, "cuda_allocated": 99566842880, "cuda_reserved": 99988013056, "layer": 23, "tokens": 256}
(Worker_TP0 pid=146) STARTUP_PROBE {"time_ns": 1789204225603176396, "phase": "expert_plan_end", "available_bytes": 17138462720, "cuda_allocated": 99566842880, "cuda_reserved": 99988013056, "layer": 23, "tokens": 256}
(Worker_TP0 pid=146) STARTUP_PROBE {"time_ns": 1789204225799713593, "phase": "expert_plan_begin", "available_bytes": 17043415040, "cuda_allocated": 99566843904, "cuda_reserved": 100080287744, "layer": 24, "tokens": 256}
(Worker_TP0 pid=146) STARTUP_PROBE {"time_ns": 1789204225863287920, "phase": "expert_plan_end", "available_bytes": 17043419136, "cuda_allocated": 99566843904, "cuda_reserved": 100080287744, "layer": 24, "tokens": 256}
(Worker_TP0 pid=146) STARTUP_PROBE {"time_ns": 1789204226050049054, "phase": "expert_plan_begin", "available_bytes": 17138204672, "cuda_allocated": 99566844928, "cuda_reserved": 99988013056, "layer": 25, "tokens": 256}
(Worker_TP0 pid=146) STARTUP_PROBE {"time_ns": 1789204226113812062, "phase": "expert_plan_end", "available_bytes": 17137364992, "cuda_allocated": 99566844928, "cuda_reserved": 99988013056, "layer": 25, "tokens": 256}
(Worker_TP0 pid=146) STARTUP_PROBE {"time_ns": 1789204226275639383, "phase": "expert_plan_begin", "available_bytes": 17050218496, "cuda_allocated": 99566845952, "cuda_reserved": 100080287744, "layer": 26, "tokens": 256}
(Worker_TP0 pid=146) STARTUP_PROBE {"time_ns": 1789204226340172101, "phase": "expert_plan_end", "available_bytes": 17050218496, "cuda_allocated": 99566845952, "cuda_reserved": 100080287744, "layer": 26, "tokens": 256}
(Worker_TP0 pid=146) STARTUP_PROBE {"time_ns": 1789204226520083333, "phase": "expert_plan_begin", "available_bytes": 17142951936, "cuda_allocated": 99566846976, "cuda_reserved": 99988013056, "layer": 27, "tokens": 256}
(Worker_TP0 pid=146) STARTUP_PROBE {"time_ns": 1789204226583864917, "phase": "expert_plan_end", "available_bytes": 17142951936, "cuda_allocated": 99566846976, "cuda_reserved": 99988013056, "layer": 27, "tokens": 256}
(Worker_TP0 pid=146) STARTUP_PROBE {"time_ns": 1789204226773920252, "phase": "expert_plan_begin", "available_bytes": 17048322048, "cuda_allocated": 99566848000, "cuda_reserved": 100080287744, "layer": 28, "tokens": 256}
(Worker_TP0 pid=146) STARTUP_PROBE {"time_ns": 1789204226838089315, "phase": "expert_plan_end", "available_bytes": 17048322048, "cuda_allocated": 99566848000, "cuda_reserved": 100080287744, "layer": 28, "tokens": 256}
(Worker_TP0 pid=146) STARTUP_PROBE {"time_ns": 1789204227030353164, "phase": "expert_plan_begin", "available_bytes": 17152335872, "cuda_allocated": 99566849024, "cuda_reserved": 99988013056, "layer": 29, "tokens": 256}
(Worker_TP0 pid=146) STARTUP_PROBE {"time_ns": 1789204227095239028, "phase": "expert_plan_end", "available_bytes": 17152065536, "cuda_allocated": 99566849024, "cuda_reserved": 99988013056, "layer": 29, "tokens": 256}
(Worker_TP0 pid=146) STARTUP_PROBE {"time_ns": 1789204227296622985, "phase": "expert_plan_begin", "available_bytes": 17048150016, "cuda_allocated": 99566850048, "cuda_reserved": 100080287744, "layer": 30, "tokens": 256}
(Worker_TP0 pid=146) STARTUP_PROBE {"time_ns": 1789204227360562305, "phase": "expert_plan_end", "available_bytes": 17048150016, "cuda_allocated": 99566850048, "cuda_reserved": 100080287744, "layer": 30, "tokens": 256}
(Worker_TP0 pid=146) STARTUP_PROBE {"time_ns": 1789204227550695831, "phase": "expert_plan_begin", "available_bytes": 17140822016, "cuda_allocated": 99566851072, "cuda_reserved": 99988013056, "layer": 31, "tokens": 256}
(Worker_TP0 pid=146) STARTUP_PROBE {"time_ns": 1789204227615792180, "phase": "expert_plan_end", "available_bytes": 17140822016, "cuda_allocated": 99566851072, "cuda_reserved": 99988013056, "layer": 31, "tokens": 256}
(Worker_TP0 pid=146) STARTUP_PROBE {"time_ns": 1789204227803446381, "phase": "expert_plan_begin", "available_bytes": 17053184000, "cuda_allocated": 99566852096, "cuda_reserved": 100080287744, "layer": 32, "tokens": 256}
(Worker_TP0 pid=146) STARTUP_PROBE {"time_ns": 1789204227867894269, "phase": "expert_plan_end", "available_bytes": 17053184000, "cuda_allocated": 99566852096, "cuda_reserved": 100080287744, "layer": 32, "tokens": 256}
(Worker_TP0 pid=146) STARTUP_PROBE {"time_ns": 1789204228067735339, "phase": "expert_plan_begin", "available_bytes": 17145606144, "cuda_allocated": 99566853120, "cuda_reserved": 99988013056, "layer": 33, "tokens": 256}
(Worker_TP0 pid=146) STARTUP_PROBE {"time_ns": 1789204228132457398, "phase": "expert_plan_end", "available_bytes": 17146359808, "cuda_allocated": 99566853120, "cuda_reserved": 99988013056, "layer": 33, "tokens": 256}
(Worker_TP0 pid=146) STARTUP_PROBE {"time_ns": 1789204228337899608, "phase": "expert_plan_begin", "available_bytes": 17061138432, "cuda_allocated": 99566854144, "cuda_reserved": 100080287744, "layer": 34, "tokens": 256}
(Worker_TP0 pid=146) STARTUP_PROBE {"time_ns": 1789204228402506544, "phase": "expert_plan_end", "available_bytes": 17061138432, "cuda_allocated": 99566854144, "cuda_reserved": 100080287744, "layer": 34, "tokens": 256}
(Worker_TP0 pid=146) STARTUP_PROBE {"time_ns": 1789204228608483852, "phase": "expert_plan_begin", "available_bytes": 17138085888, "cuda_allocated": 99566855168, "cuda_reserved": 99988013056, "layer": 35, "tokens": 256}
(Worker_TP0 pid=146) STARTUP_PROBE {"time_ns": 1789204228674457262, "phase": "expert_plan_end", "available_bytes": 17138089984, "cuda_allocated": 99566855168, "cuda_reserved": 99988013056, "layer": 35, "tokens": 256}
(Worker_TP0 pid=146) STARTUP_PROBE {"time_ns": 1789204228871385009, "phase": "expert_plan_begin", "available_bytes": 17053999104, "cuda_allocated": 99566856192, "cuda_reserved": 100080287744, "layer": 36, "tokens": 256}
(Worker_TP0 pid=146) STARTUP_PROBE {"time_ns": 1789204228934598447, "phase": "expert_plan_end", "available_bytes": 17053933568, "cuda_allocated": 99566856192, "cuda_reserved": 100080287744, "layer": 36, "tokens": 256}
(Worker_TP0 pid=146) STARTUP_PROBE {"time_ns": 1789204229136265862, "phase": "expert_plan_begin", "available_bytes": 17070759936, "cuda_allocated": 99680316416, "cuda_reserved": 100061413376, "layer": 37, "tokens": 256}
(Worker_TP0 pid=146) STARTUP_PROBE {"time_ns": 1789204229201032726, "phase": "expert_plan_end", "available_bytes": 16946847744, "cuda_allocated": 99680316416, "cuda_reserved": 100183048192, "layer": 37, "tokens": 256}
(Worker_TP0 pid=146) STARTUP_PROBE {"time_ns": 1789204229408384606, "phase": "expert_plan_begin", "available_bytes": 16971550720, "cuda_allocated": 99703009280, "cuda_reserved": 100153688064, "layer": 38, "tokens": 256}
(Worker_TP0 pid=146) STARTUP_PROBE {"time_ns": 1789204229473515765, "phase": "expert_plan_end", "available_bytes": 16849391616, "cuda_allocated": 99703009280, "cuda_reserved": 100275322880, "layer": 38, "tokens": 256}
(Worker_TP0 pid=146) STARTUP_PROBE {"time_ns": 1789204229667122439, "phase": "expert_plan_begin", "available_bytes": 16895270912, "cuda_allocated": 99725702144, "cuda_reserved": 100227088384, "layer": 39, "tokens": 256}
(Worker_TP0 pid=146) STARTUP_PROBE {"time_ns": 1789204229732996652, "phase": "expert_plan_end", "available_bytes": 16772657152, "cuda_allocated": 99725702144, "cuda_reserved": 100348723200, "layer": 39, "tokens": 256}
(Worker_TP0 pid=146) EXPERT_STREAM {"hits": 0, "misses": 0, "read_bytes": 0, "read_seconds": 0.0, "rank": 0, "cache_bytes": 0, "slot_hits": 8096, "slot_misses": 18194, "packed_read_bytes": 171029422080, "graph_replays": 324, "routed_pipeline_batches": 0, "routed_pipeline_bytes": 0, "prefetch_issued": 0, "prefetch_read_bytes": 0, "prefetch_consumed": 0, "prefetch_ready": 0, "prefetch_late": 0, "prefetch_cancelled": 0, "prefetch_unused": 0, "demand_read_bytes": 171029422080, "io_batches": 123, "io_overlaps": 83, "staging_bytes": 0, "staging_banks": 0, "prefetch_pending": 0, "execution_buffer_bytes": 71750856, "scratch_bytes": 402653184, "gpu_cache_bytes": 87836590080}
(Worker_TP0 pid=146) EXPERT_STREAM {"hits": 0, "misses": 0, "read_bytes": 0, "read_seconds": 0.0, "rank": 0, "cache_bytes": 0, "slot_hits": 8102, "slot_misses": 18194, "packed_read_bytes": 171029422080, "graph_replays": 325, "routed_pipeline_batches": 0, "routed_pipeline_bytes": 0, "prefetch_issued": 0, "prefetch_read_bytes": 0, "prefetch_consumed": 0, "prefetch_ready": 0, "prefetch_late": 0, "prefetch_cancelled": 0, "prefetch_unused": 0, "demand_read_bytes": 171029422080, "io_batches": 123, "io_overlaps": 83, "staging_bytes": 0, "staging_banks": 0, "prefetch_pending": 0, "execution_buffer_bytes": 71750856, "scratch_bytes": 402653184, "gpu_cache_bytes": 87836590080}
(Worker_TP0 pid=146) FINAL_DECODER_ROWS {"input_rows": 2216, "output_rows": 1, "layer": 39, "validation": [{"max_abs": 1.0, "rms": 0.05418720468878746, "within_tolerance": false}, {"max_abs": 0.25, "rms": 0.021481644362211227, "within_tolerance": false}, {"max_abs": 0.0018363893032073975, "rms": 0.000983555568382144, "within_tolerance": true}, {"max_abs": 0.0006744563579559326, "rms": 0.00034130483982153237, "within_tolerance": true}, {"max_abs": 5.4718926548957825e-05, "rms": 3.218116762582213e-05, "within_tolerance": true}]}
(Worker_TP0 pid=146) WARNING 09-12 09:10:30 [jit_monitor.py:141] Triton kernel JIT compilation during inference: _block_scores_kernel. This causes a latency spike; consider extending warmup to cover this shape/config.
(Worker_TP0 pid=146) WARNING 09-12 09:10:30 [jit_monitor.py:141] Triton kernel JIT compilation during inference: _candidate_flags_kernel. This causes a latency spike; consider extending warmup to cover this shape/config.
(Worker_TP0 pid=146) WARNING 09-12 09:10:30 [jit_monitor.py:141] Triton kernel JIT compilation during inference: _mask_candidates_kernel. This causes a latency spike; consider extending warmup to cover this shape/config.
(Worker_TP0 pid=146) EXPERT_STREAM {"hits": 0, "misses": 0, "read_bytes": 0, "read_seconds": 0.0, "rank": 0, "cache_bytes": 0, "slot_hits": 8903, "slot_misses": 18386, "packed_read_bytes": 172834283520, "graph_replays": 368, "routed_pipeline_batches": 0, "routed_pipeline_bytes": 0, "prefetch_issued": 0, "prefetch_read_bytes": 0, "prefetch_consumed": 0, "prefetch_ready": 0, "prefetch_late": 0, "prefetch_cancelled": 0, "prefetch_unused": 0, "demand_read_bytes": 172834283520, "io_batches": 165, "io_overlaps": 125, "staging_bytes": 0, "staging_banks": 0, "prefetch_pending": 0, "execution_buffer_bytes": 71750856, "scratch_bytes": 402653184, "gpu_cache_bytes": 87836590080}
(Worker_TP0 pid=146) WARNING 09-12 09:10:30 [jit_monitor.py:141] Triton kernel JIT compilation during inference: _compute_local_logits_stats_kernel. This causes a latency spike; consider extending warmup to cover this shape/config.
(Worker_TP0 pid=146) WARNING 09-12 09:10:30 [jit_monitor.py:141] Triton kernel JIT compilation during inference: _compute_cumulative_log_p_kernel. This causes a latency spike; consider extending warmup to cover this shape/config.
(Worker_TP0 pid=146) WARNING 09-12 09:10:30 [jit_monitor.py:141] Triton kernel JIT compilation during inference: _compute_local_residual_mass_kernel. This causes a latency spike; consider extending warmup to cover this shape/config.
(Worker_TP0 pid=146) WARNING 09-12 09:10:30 [jit_monitor.py:141] Triton kernel JIT compilation during inference: _rejection_kernel. This causes a latency spike; consider extending warmup to cover this shape/config.
(Worker_TP0 pid=146) WARNING 09-12 09:10:30 [jit_monitor.py:141] Triton kernel JIT compilation during inference: _resample_kernel. This causes a latency spike; consider extending warmup to cover this shape/config.
(APIServer pid=1) INFO:     127.0.0.1:33944 - "POST /v1/chat/completions HTTP/1.1" 200 OK
