(Worker_TP0 pid=112) EXPERT_CACHE_RESET 1789200412297303844
(APIServer pid=1) INFO 09-12 08:07:01 [loggers.py:310] Engine 000: Avg prompt throughput: 0.0 tokens/s, Avg generation throughput: 0.3 tokens/s, Running: 0 reqs, Waiting: 0 reqs, GPU KV cache usage: 0.0%, Prefix cache hit rate: 0.0%
(APIServer pid=1) INFO 09-12 08:07:01 [metrics.py:120] SpecDecoding metrics: Mean acceptance length: 3.00, Accepted throughput: 0.01 tokens/s, Drafted throughput: 0.03 tokens/s, Accepted: 2 tokens, Drafted: 5 tokens, Per-position acceptance rate: 1.000, 1.000, 0.000, 0.000, 0.000, Avg Draft acceptance rate: 40.0%
(APIServer pid=1) INFO 09-12 08:07:11 [loggers.py:310] Engine 000: Avg prompt throughput: 0.0 tokens/s, Avg generation throughput: 0.0 tokens/s, Running: 0 reqs, Waiting: 0 reqs, GPU KV cache usage: 0.0%, Prefix cache hit rate: 0.0%
(Worker_TP0 pid=112) EXPERT_STREAM {"hits": 0, "misses": 0, "read_bytes": 0, "read_seconds": 0.0, "rank": 0, "cache_bytes": 0, "slot_hits": 0, "slot_misses": 13799, "packed_read_bytes": 129715015680, "graph_replays": 160, "routed_pipeline_batches": 0, "routed_pipeline_bytes": 0, "prefetch_issued": 0, "prefetch_read_bytes": 0, "prefetch_consumed": 0, "prefetch_ready": 0, "prefetch_late": 0, "prefetch_cancelled": 0, "prefetch_unused": 0, "demand_read_bytes": 129715015680, "io_batches": 80, "io_overlaps": 40, "staging_bytes": 0, "staging_banks": 0, "prefetch_pending": 0, "execution_buffer_bytes": 71750856, "scratch_bytes": 402653184, "gpu_cache_bytes": 87836590080}
(APIServer pid=1) INFO:     127.0.0.1:38240 - "GET /v1/models HTTP/1.1" 200 OK
(Worker_TP0 pid=112) EXPERT_STREAM {"hits": 0, "misses": 0, "read_bytes": 0, "read_seconds": 0.0, "rank": 0, "cache_bytes": 0, "slot_hits": 8700, "slot_misses": 19266, "packed_read_bytes": 181106565120, "graph_replays": 323, "routed_pipeline_batches": 0, "routed_pipeline_bytes": 0, "prefetch_issued": 0, "prefetch_read_bytes": 0, "prefetch_consumed": 0, "prefetch_ready": 0, "prefetch_late": 0, "prefetch_cancelled": 0, "prefetch_unused": 0, "demand_read_bytes": 181106565120, "io_batches": 123, "io_overlaps": 83, "staging_bytes": 0, "staging_banks": 0, "prefetch_pending": 0, "execution_buffer_bytes": 71750856, "scratch_bytes": 402653184, "gpu_cache_bytes": 87836590080}
(Worker_TP0 pid=112) EXPERT_STREAM {"hits": 0, "misses": 0, "read_bytes": 0, "read_seconds": 0.0, "rank": 0, "cache_bytes": 0, "slot_hits": 16713, "slot_misses": 24357, "packed_read_bytes": 228963594240, "graph_replays": 486, "routed_pipeline_batches": 0, "routed_pipeline_bytes": 0, "prefetch_issued": 0, "prefetch_read_bytes": 0, "prefetch_consumed": 0, "prefetch_ready": 0, "prefetch_late": 0, "prefetch_cancelled": 0, "prefetch_unused": 0, "demand_read_bytes": 228963594240, "io_batches": 166, "io_overlaps": 126, "staging_bytes": 0, "staging_banks": 0, "prefetch_pending": 0, "execution_buffer_bytes": 71750856, "scratch_bytes": 402653184, "gpu_cache_bytes": 87836590080}
(Worker_TP0 pid=112) b12x policy fallback: moe.decode is using a heuristic on nvidia gb10 (compute capability 12.1, 48 SMs) because profile 'nvidia.gb10.48sm' does not cover the query; query={'activation': 'silu', 'hidden_size': 5120, 'intermediate_size': 1152, 'num_experts': 224, 'num_tokens': 1024, 'numerical_recipe': 'deepseek_v41', 'quant_mode': 'w4a8_mx', 'routed_rows': 6144, 'source_format': 'fp4_e8m0_k32', 'top_k': 6}
(Worker_TP0 pid=112) STARTUP_PROBE {"time_ns": 1789200462550526844, "phase": "expert_plan_begin", "available_bytes": 16013803520, "cuda_allocated": 99299935232, "cuda_reserved": 101034491904, "layer": 0, "tokens": 1024}
(Worker_TP0 pid=112) STARTUP_PROBE {"time_ns": 1789200462605807389, "phase": "expert_plan_end", "available_bytes": 16005550080, "cuda_allocated": 99331441664, "cuda_reserved": 101034491904, "layer": 0, "tokens": 1024}
(Worker_TP0 pid=112) STARTUP_PROBE {"time_ns": 1789200462835238923, "phase": "expert_plan_begin", "available_bytes": 17261977600, "cuda_allocated": 99358458368, "cuda_reserved": 99803463680, "layer": 1, "tokens": 1024}
(Worker_TP0 pid=112) STARTUP_PROBE {"time_ns": 1789200462896125181, "phase": "expert_plan_end", "available_bytes": 17061269504, "cuda_allocated": 99358458368, "cuda_reserved": 100002693120, "layer": 1, "tokens": 1024}
(Worker_TP0 pid=112) STARTUP_PROBE {"time_ns": 1789200463102315779, "phase": "expert_plan_begin", "available_bytes": 17236119552, "cuda_allocated": 99358459392, "cuda_reserved": 99828629504, "layer": 2, "tokens": 1024}
(Worker_TP0 pid=112) STARTUP_PROBE {"time_ns": 1789200463163365162, "phase": "expert_plan_end", "available_bytes": 17035710464, "cuda_allocated": 99358459392, "cuda_reserved": 100027858944, "layer": 2, "tokens": 1024}
(Worker_TP0 pid=112) STARTUP_PROBE {"time_ns": 1789200463341809220, "phase": "expert_plan_begin", "available_bytes": 17260113920, "cuda_allocated": 99358460416, "cuda_reserved": 99803463680, "layer": 3, "tokens": 1024}
(Worker_TP0 pid=112) STARTUP_PROBE {"time_ns": 1789200463403410409, "phase": "expert_plan_end", "available_bytes": 17066856448, "cuda_allocated": 99358460416, "cuda_reserved": 100002693120, "layer": 3, "tokens": 1024}
(Worker_TP0 pid=112) STARTUP_PROBE {"time_ns": 1789200463572406224, "phase": "expert_plan_begin", "available_bytes": 17252491264, "cuda_allocated": 99358461440, "cuda_reserved": 99803463680, "layer": 4, "tokens": 1024}
(Worker_TP0 pid=112) STARTUP_PROBE {"time_ns": 1789200463634865083, "phase": "expert_plan_end", "available_bytes": 17056096256, "cuda_allocated": 99358461440, "cuda_reserved": 100002693120, "layer": 4, "tokens": 1024}
(Worker_TP0 pid=112) STARTUP_PROBE {"time_ns": 1789200463811391396, "phase": "expert_plan_begin", "available_bytes": 17256243200, "cuda_allocated": 99358462464, "cuda_reserved": 99803463680, "layer": 5, "tokens": 1024}
(Worker_TP0 pid=112) STARTUP_PROBE {"time_ns": 1789200463872517421, "phase": "expert_plan_end", "available_bytes": 17051709440, "cuda_allocated": 99358462464, "cuda_reserved": 100002693120, "layer": 5, "tokens": 1024}
(Worker_TP0 pid=112) STARTUP_PROBE {"time_ns": 1789200464039626803, "phase": "expert_plan_begin", "available_bytes": 17251860480, "cuda_allocated": 99358463488, "cuda_reserved": 99803463680, "layer": 6, "tokens": 1024}
(Worker_TP0 pid=112) STARTUP_PROBE {"time_ns": 1789200464102955796, "phase": "expert_plan_end", "available_bytes": 17051713536, "cuda_allocated": 99358463488, "cuda_reserved": 100002693120, "layer": 6, "tokens": 1024}
(Worker_TP0 pid=112) STARTUP_PROBE {"time_ns": 1789200464235686308, "phase": "expert_plan_begin", "available_bytes": 17251860480, "cuda_allocated": 99358464512, "cuda_reserved": 99803463680, "layer": 7, "tokens": 1024}
(Worker_TP0 pid=112) STARTUP_PROBE {"time_ns": 1789200464296799068, "phase": "expert_plan_end", "available_bytes": 17051713536, "cuda_allocated": 99358464512, "cuda_reserved": 100002693120, "layer": 7, "tokens": 1024}
(Worker_TP0 pid=112) STARTUP_PROBE {"time_ns": 1789200464436640563, "phase": "expert_plan_begin", "available_bytes": 17228042240, "cuda_allocated": 99358465536, "cuda_reserved": 99828629504, "layer": 8, "tokens": 1024}
(Worker_TP0 pid=112) STARTUP_PROBE {"time_ns": 1789200464499068893, "phase": "expert_plan_end", "available_bytes": 17028042752, "cuda_allocated": 99358465536, "cuda_reserved": 100027858944, "layer": 8, "tokens": 1024}
(Worker_TP0 pid=112) STARTUP_PROBE {"time_ns": 1789200464648668335, "phase": "expert_plan_begin", "available_bytes": 17253109760, "cuda_allocated": 99358466560, "cuda_reserved": 99803463680, "layer": 9, "tokens": 1024}
(Worker_TP0 pid=112) STARTUP_PROBE {"time_ns": 1789200464711793963, "phase": "expert_plan_end", "available_bytes": 17052962816, "cuda_allocated": 99358466560, "cuda_reserved": 100002693120, "layer": 9, "tokens": 1024}
(Worker_TP0 pid=112) STARTUP_PROBE {"time_ns": 1789200464853726360, "phase": "expert_plan_begin", "available_bytes": 17253109760, "cuda_allocated": 99358467584, "cuda_reserved": 99803463680, "layer": 10, "tokens": 1024}
(Worker_TP0 pid=112) STARTUP_PROBE {"time_ns": 1789200464915531458, "phase": "expert_plan_end", "available_bytes": 17049358336, "cuda_allocated": 99358467584, "cuda_reserved": 100002693120, "layer": 10, "tokens": 1024}
(Worker_TP0 pid=112) STARTUP_PROBE {"time_ns": 1789200465089218098, "phase": "expert_plan_begin", "available_bytes": 17249267712, "cuda_allocated": 99358468608, "cuda_reserved": 99803463680, "layer": 11, "tokens": 1024}
(Worker_TP0 pid=112) STARTUP_PROBE {"time_ns": 1789200465151078846, "phase": "expert_plan_end", "available_bytes": 17049120768, "cuda_allocated": 99358468608, "cuda_reserved": 100002693120, "layer": 11, "tokens": 1024}
(Worker_TP0 pid=112) STARTUP_PROBE {"time_ns": 1789200465302121333, "phase": "expert_plan_begin", "available_bytes": 17249267712, "cuda_allocated": 99358469632, "cuda_reserved": 99803463680, "layer": 12, "tokens": 1024}
(Worker_TP0 pid=112) STARTUP_PROBE {"time_ns": 1789200465364254232, "phase": "expert_plan_end", "available_bytes": 17049120768, "cuda_allocated": 99358469632, "cuda_reserved": 100002693120, "layer": 12, "tokens": 1024}
(Worker_TP0 pid=112) STARTUP_PROBE {"time_ns": 1789200465541770443, "phase": "expert_plan_begin", "available_bytes": 17244377088, "cuda_allocated": 99358470656, "cuda_reserved": 99803463680, "layer": 13, "tokens": 1024}
(Worker_TP0 pid=112) STARTUP_PROBE {"time_ns": 1789200465604894087, "phase": "expert_plan_end", "available_bytes": 17044099072, "cuda_allocated": 99358470656, "cuda_reserved": 100002693120, "layer": 13, "tokens": 1024}
(Worker_TP0 pid=112) STARTUP_PROBE {"time_ns": 1789200465772210610, "phase": "expert_plan_begin", "available_bytes": 17219018752, "cuda_allocated": 99358471680, "cuda_reserved": 99828629504, "layer": 14, "tokens": 1024}
(Worker_TP0 pid=112) STARTUP_PROBE {"time_ns": 1789200465835201035, "phase": "expert_plan_end", "available_bytes": 17018609664, "cuda_allocated": 99358471680, "cuda_reserved": 100027858944, "layer": 14, "tokens": 1024}
(Worker_TP0 pid=112) STARTUP_PROBE {"time_ns": 1789200465993281624, "phase": "expert_plan_begin", "available_bytes": 17251401728, "cuda_allocated": 99358472704, "cuda_reserved": 99803463680, "layer": 15, "tokens": 1024}
(Worker_TP0 pid=112) STARTUP_PROBE {"time_ns": 1789200466055841878, "phase": "expert_plan_end", "available_bytes": 17051316224, "cuda_allocated": 99358472704, "cuda_reserved": 100002693120, "layer": 15, "tokens": 1024}
(Worker_TP0 pid=112) STARTUP_PROBE {"time_ns": 1789200466237235917, "phase": "expert_plan_begin", "available_bytes": 17251463168, "cuda_allocated": 99358473728, "cuda_reserved": 99803463680, "layer": 16, "tokens": 1024}
(Worker_TP0 pid=112) STARTUP_PROBE {"time_ns": 1789200466299378943, "phase": "expert_plan_end", "available_bytes": 17051316224, "cuda_allocated": 99358473728, "cuda_reserved": 100002693120, "layer": 16, "tokens": 1024}
(Worker_TP0 pid=112) STARTUP_PROBE {"time_ns": 1789200466439333225, "phase": "expert_plan_begin", "available_bytes": 17251463168, "cuda_allocated": 99358474752, "cuda_reserved": 99803463680, "layer": 17, "tokens": 1024}
(Worker_TP0 pid=112) STARTUP_PROBE {"time_ns": 1789200466500526819, "phase": "expert_plan_end", "available_bytes": 17062109184, "cuda_allocated": 99358474752, "cuda_reserved": 100002693120, "layer": 17, "tokens": 1024}
(Worker_TP0 pid=112) STARTUP_PROBE {"time_ns": 1789200466663402108, "phase": "expert_plan_begin", "available_bytes": 17261973504, "cuda_allocated": 99358475776, "cuda_reserved": 99803463680, "layer": 18, "tokens": 1024}
(Worker_TP0 pid=112) STARTUP_PROBE {"time_ns": 1789200466724650408, "phase": "expert_plan_end", "available_bytes": 17061830656, "cuda_allocated": 99358475776, "cuda_reserved": 100002693120, "layer": 18, "tokens": 1024}
(Worker_TP0 pid=112) STARTUP_PROBE {"time_ns": 1789200466860367253, "phase": "expert_plan_begin", "available_bytes": 17261977600, "cuda_allocated": 99358476800, "cuda_reserved": 99803463680, "layer": 19, "tokens": 1024}
(Worker_TP0 pid=112) STARTUP_PROBE {"time_ns": 1789200466922490855, "phase": "expert_plan_end", "available_bytes": 17061830656, "cuda_allocated": 99358476800, "cuda_reserved": 100002693120, "layer": 19, "tokens": 1024}
(Worker_TP0 pid=112) STARTUP_PROBE {"time_ns": 1789200467120325366, "phase": "expert_plan_begin", "available_bytes": 17241133056, "cuda_allocated": 99358477824, "cuda_reserved": 99828629504, "layer": 20, "tokens": 1024}
(Worker_TP0 pid=112) STARTUP_PROBE {"time_ns": 1789200467182479385, "phase": "expert_plan_end", "available_bytes": 17040920576, "cuda_allocated": 99358477824, "cuda_reserved": 100027858944, "layer": 20, "tokens": 1024}
(Worker_TP0 pid=112) STARTUP_PROBE {"time_ns": 1789200467368426613, "phase": "expert_plan_begin", "available_bytes": 17266618368, "cuda_allocated": 99358478848, "cuda_reserved": 99803463680, "layer": 21, "tokens": 1024}
(Worker_TP0 pid=112) STARTUP_PROBE {"time_ns": 1789200467429357689, "phase": "expert_plan_end", "available_bytes": 17066340352, "cuda_allocated": 99358478848, "cuda_reserved": 100002693120, "layer": 21, "tokens": 1024}
(Worker_TP0 pid=112) STARTUP_PROBE {"time_ns": 1789200467527730914, "phase": "expert_plan_begin", "available_bytes": 17268371456, "cuda_allocated": 99358479872, "cuda_reserved": 99803463680, "layer": 22, "tokens": 1024}
(Worker_TP0 pid=112) STARTUP_PROBE {"time_ns": 1789200467588870907, "phase": "expert_plan_end", "available_bytes": 17067909120, "cuda_allocated": 99358479872, "cuda_reserved": 100002693120, "layer": 22, "tokens": 1024}
(Worker_TP0 pid=112) STARTUP_PROBE {"time_ns": 1789200467712613395, "phase": "expert_plan_begin", "available_bytes": 17268056064, "cuda_allocated": 99358480896, "cuda_reserved": 99803463680, "layer": 23, "tokens": 1024}
(Worker_TP0 pid=112) STARTUP_PROBE {"time_ns": 1789200467775360325, "phase": "expert_plan_end", "available_bytes": 17067651072, "cuda_allocated": 99358480896, "cuda_reserved": 100002693120, "layer": 23, "tokens": 1024}
(Worker_TP0 pid=112) STARTUP_PROBE {"time_ns": 1789200467896247827, "phase": "expert_plan_begin", "available_bytes": 17265700864, "cuda_allocated": 99358481920, "cuda_reserved": 99805560832, "layer": 24, "tokens": 1024}
(Worker_TP0 pid=112) STARTUP_PROBE {"time_ns": 1789200467957747909, "phase": "expert_plan_end", "available_bytes": 17065553920, "cuda_allocated": 99358481920, "cuda_reserved": 100004790272, "layer": 24, "tokens": 1024}
(Worker_TP0 pid=112) STARTUP_PROBE {"time_ns": 1789200468063119811, "phase": "expert_plan_begin", "available_bytes": 17261629440, "cuda_allocated": 99358482944, "cuda_reserved": 99803463680, "layer": 25, "tokens": 1024}
(Worker_TP0 pid=112) STARTUP_PROBE {"time_ns": 1789200468125672961, "phase": "expert_plan_end", "available_bytes": 17060802560, "cuda_allocated": 99358482944, "cuda_reserved": 100002693120, "layer": 25, "tokens": 1024}
(Worker_TP0 pid=112) STARTUP_PROBE {"time_ns": 1789200468165042168, "phase": "expert_plan_begin", "available_bytes": 17260949504, "cuda_allocated": 99358483968, "cuda_reserved": 99803463680, "layer": 26, "tokens": 1024}
(Worker_TP0 pid=112) STARTUP_PROBE {"time_ns": 1789200468227056552, "phase": "expert_plan_end", "available_bytes": 17060802560, "cuda_allocated": 99358483968, "cuda_reserved": 100002693120, "layer": 26, "tokens": 1024}
(Worker_TP0 pid=112) STARTUP_PROBE {"time_ns": 1789200468335156620, "phase": "expert_plan_begin", "available_bytes": 17260691456, "cuda_allocated": 99358484992, "cuda_reserved": 99803463680, "layer": 27, "tokens": 1024}
(Worker_TP0 pid=112) STARTUP_PROBE {"time_ns": 1789200468397501972, "phase": "expert_plan_end", "available_bytes": 17060544512, "cuda_allocated": 99358484992, "cuda_reserved": 100002693120, "layer": 27, "tokens": 1024}
(Worker_TP0 pid=112) STARTUP_PROBE {"time_ns": 1789200468520112543, "phase": "expert_plan_begin", "available_bytes": 17259585536, "cuda_allocated": 99358486016, "cuda_reserved": 99805560832, "layer": 28, "tokens": 1024}
(Worker_TP0 pid=112) STARTUP_PROBE {"time_ns": 1789200468582292226, "phase": "expert_plan_end", "available_bytes": 17055264768, "cuda_allocated": 99358486016, "cuda_reserved": 100004790272, "layer": 28, "tokens": 1024}
(Worker_TP0 pid=112) STARTUP_PROBE {"time_ns": 1789200468729123486, "phase": "expert_plan_begin", "available_bytes": 17257508864, "cuda_allocated": 99358487040, "cuda_reserved": 99803463680, "layer": 29, "tokens": 1024}
(Worker_TP0 pid=112) STARTUP_PROBE {"time_ns": 1789200468790993273, "phase": "expert_plan_end", "available_bytes": 17057488896, "cuda_allocated": 99358487040, "cuda_reserved": 100002693120, "layer": 29, "tokens": 1024}
(Worker_TP0 pid=112) STARTUP_PROBE {"time_ns": 1789200468928469443, "phase": "expert_plan_begin", "available_bytes": 17257635840, "cuda_allocated": 99358488064, "cuda_reserved": 99803463680, "layer": 30, "tokens": 1024}
(Worker_TP0 pid=112) STARTUP_PROBE {"time_ns": 1789200468990731769, "phase": "expert_plan_end", "available_bytes": 17057492992, "cuda_allocated": 99358488064, "cuda_reserved": 100002693120, "layer": 30, "tokens": 1024}
(Worker_TP0 pid=112) STARTUP_PROBE {"time_ns": 1789200469196886831, "phase": "expert_plan_begin", "available_bytes": 17246044160, "cuda_allocated": 99358489088, "cuda_reserved": 99803463680, "layer": 31, "tokens": 1024}
(Worker_TP0 pid=112) STARTUP_PROBE {"time_ns": 1789200469258090361, "phase": "expert_plan_end", "available_bytes": 17045897216, "cuda_allocated": 99358489088, "cuda_reserved": 100002693120, "layer": 31, "tokens": 1024}
(Worker_TP0 pid=112) STARTUP_PROBE {"time_ns": 1789200469298861877, "phase": "expert_plan_begin", "available_bytes": 17244209152, "cuda_allocated": 99358490112, "cuda_reserved": 99805560832, "layer": 32, "tokens": 1024}
(Worker_TP0 pid=112) STARTUP_PROBE {"time_ns": 1789200469361018472, "phase": "expert_plan_end", "available_bytes": 17043800064, "cuda_allocated": 99358490112, "cuda_reserved": 100004790272, "layer": 32, "tokens": 1024}
(Worker_TP0 pid=112) STARTUP_PROBE {"time_ns": 1789200469585968834, "phase": "expert_plan_begin", "available_bytes": 17246244864, "cuda_allocated": 99358491136, "cuda_reserved": 99803463680, "layer": 33, "tokens": 1024}
(Worker_TP0 pid=112) STARTUP_PROBE {"time_ns": 1789200469648447934, "phase": "expert_plan_end", "available_bytes": 17053749248, "cuda_allocated": 99358491136, "cuda_reserved": 100002693120, "layer": 33, "tokens": 1024}
(Worker_TP0 pid=112) STARTUP_PROBE {"time_ns": 1789200469773958819, "phase": "expert_plan_begin", "available_bytes": 17253896192, "cuda_allocated": 99358492160, "cuda_reserved": 99803463680, "layer": 34, "tokens": 1024}
(Worker_TP0 pid=112) STARTUP_PROBE {"time_ns": 1789200469836030292, "phase": "expert_plan_end", "available_bytes": 17053749248, "cuda_allocated": 99358492160, "cuda_reserved": 100002693120, "layer": 34, "tokens": 1024}
(Worker_TP0 pid=112) STARTUP_PROBE {"time_ns": 1789200469873352439, "phase": "expert_plan_begin", "available_bytes": 17253638144, "cuda_allocated": 99358493184, "cuda_reserved": 99803463680, "layer": 35, "tokens": 1024}
(Worker_TP0 pid=112) STARTUP_PROBE {"time_ns": 1789200469935839955, "phase": "expert_plan_end", "available_bytes": 17053491200, "cuda_allocated": 99358493184, "cuda_reserved": 100002693120, "layer": 35, "tokens": 1024}
(Worker_TP0 pid=112) STARTUP_PROBE {"time_ns": 1789200470061435450, "phase": "expert_plan_begin", "available_bytes": 17251803136, "cuda_allocated": 99358494208, "cuda_reserved": 99805560832, "layer": 36, "tokens": 1024}
(Worker_TP0 pid=112) STARTUP_PROBE {"time_ns": 1789200470123746946, "phase": "expert_plan_end", "available_bytes": 17056141312, "cuda_allocated": 99358494208, "cuda_reserved": 100004790272, "layer": 36, "tokens": 1024}
(Worker_TP0 pid=112) STARTUP_PROBE {"time_ns": 1789200470252636670, "phase": "expert_plan_begin", "available_bytes": 17257873408, "cuda_allocated": 99392184832, "cuda_reserved": 99803463680, "layer": 37, "tokens": 1024}
(Worker_TP0 pid=112) STARTUP_PROBE {"time_ns": 1789200470315340175, "phase": "expert_plan_end", "available_bytes": 17057726464, "cuda_allocated": 99392184832, "cuda_reserved": 100002693120, "layer": 37, "tokens": 1024}
(Worker_TP0 pid=112) STARTUP_PROBE {"time_ns": 1789200470444201595, "phase": "expert_plan_begin", "available_bytes": 17257873408, "cuda_allocated": 99398923776, "cuda_reserved": 99803463680, "layer": 38, "tokens": 1024}
(Worker_TP0 pid=112) STARTUP_PROBE {"time_ns": 1789200470505110318, "phase": "expert_plan_end", "available_bytes": 17059745792, "cuda_allocated": 99398923776, "cuda_reserved": 100002693120, "layer": 38, "tokens": 1024}
(Worker_TP0 pid=112) STARTUP_PROBE {"time_ns": 1789200470638961483, "phase": "expert_plan_begin", "available_bytes": 17253269504, "cuda_allocated": 99405662720, "cuda_reserved": 99803463680, "layer": 39, "tokens": 1024}
(Worker_TP0 pid=112) STARTUP_PROBE {"time_ns": 1789200470700396267, "phase": "expert_plan_end", "available_bytes": 17052004352, "cuda_allocated": 99405662720, "cuda_reserved": 100002693120, "layer": 39, "tokens": 1024}
(Worker_TP0 pid=112) EXPERT_STREAM {"hits": 0, "misses": 0, "read_bytes": 0, "read_seconds": 0.0, "rank": 0, "cache_bytes": 0, "slot_hits": 23764, "slot_misses": 27334, "packed_read_bytes": 256948346880, "graph_replays": 561, "routed_pipeline_batches": 0, "routed_pipeline_bytes": 0, "prefetch_issued": 0, "prefetch_read_bytes": 0, "prefetch_consumed": 0, "prefetch_ready": 0, "prefetch_late": 0, "prefetch_cancelled": 0, "prefetch_unused": 0, "demand_read_bytes": 256948346880, "io_batches": 208, "io_overlaps": 168, "staging_bytes": 0, "staging_banks": 0, "prefetch_pending": 0, "execution_buffer_bytes": 103257288, "scratch_bytes": 402653184, "gpu_cache_bytes": 87836590080}
(APIServer pid=1) INFO 09-12 08:07:51 [loggers.py:310] Engine 000: Avg prompt throughput: 1293.5 tokens/s, Avg generation throughput: 0.1 tokens/s, Running: 1 reqs, Waiting: 0 reqs, GPU KV cache usage: 3.3%, Prefix cache hit rate: 0.0%
(Worker_TP0 pid=112) EXPERT_STREAM {"hits": 0, "misses": 0, "read_bytes": 0, "read_seconds": 0.0, "rank": 0, "cache_bytes": 0, "slot_hits": 24628, "slot_misses": 27550, "packed_read_bytes": 258978816000, "graph_replays": 604, "routed_pipeline_batches": 0, "routed_pipeline_bytes": 0, "prefetch_issued": 0, "prefetch_read_bytes": 0, "prefetch_consumed": 0, "prefetch_ready": 0, "prefetch_late": 0, "prefetch_cancelled": 0, "prefetch_unused": 0, "demand_read_bytes": 258978816000, "io_batches": 248, "io_overlaps": 208, "staging_bytes": 0, "staging_banks": 0, "prefetch_pending": 0, "execution_buffer_bytes": 103257288, "scratch_bytes": 402653184, "gpu_cache_bytes": 87836590080}
(Worker_TP0 pid=112) EXPERT_STREAM {"hits": 0, "misses": 0, "read_bytes": 0, "read_seconds": 0.0, "rank": 0, "cache_bytes": 0, "slot_hits": 25542, "slot_misses": 27674, "packed_read_bytes": 260144455680, "graph_replays": 647, "routed_pipeline_batches": 0, "routed_pipeline_bytes": 0, "prefetch_issued": 0, "prefetch_read_bytes": 0, "prefetch_consumed": 0, "prefetch_ready": 0, "prefetch_late": 0, "prefetch_cancelled": 0, "prefetch_unused": 0, "demand_read_bytes": 260144455680, "io_batches": 286, "io_overlaps": 246, "staging_bytes": 0, "staging_banks": 0, "prefetch_pending": 0, "execution_buffer_bytes": 103257288, "scratch_bytes": 402653184, "gpu_cache_bytes": 87836590080}
(APIServer pid=1) INFO:     127.0.0.1:40140 - "POST /v1/chat/completions HTTP/1.1" 200 OK
