(Worker_TP0 pid=113) EXPERT_CACHE_RESET 1789200805715109684
(Worker_TP0 pid=113) EXPERT_STREAM {"hits": 0, "misses": 0, "read_bytes": 0, "read_seconds": 0.0, "rank": 0, "cache_bytes": 0, "slot_hits": 0, "slot_misses": 12706, "packed_read_bytes": 119440465920, "graph_replays": 80, "routed_pipeline_batches": 0, "routed_pipeline_bytes": 0, "prefetch_issued": 0, "prefetch_read_bytes": 0, "prefetch_consumed": 0, "prefetch_ready": 0, "prefetch_late": 0, "prefetch_cancelled": 0, "prefetch_unused": 0, "demand_read_bytes": 119440465920, "io_batches": 80, "io_overlaps": 40, "staging_bytes": 0, "staging_banks": 0, "prefetch_pending": 0, "execution_buffer_bytes": 63874248, "scratch_bytes": 402653184, "gpu_cache_bytes": 87836590080}
(Worker_TP0 pid=113) EXPERT_STREAM {"hits": 0, "misses": 0, "read_bytes": 0, "read_seconds": 0.0, "rank": 0, "cache_bytes": 0, "slot_hits": 8303, "slot_misses": 17109, "packed_read_bytes": 160830074880, "graph_replays": 163, "routed_pipeline_batches": 0, "routed_pipeline_bytes": 0, "prefetch_issued": 0, "prefetch_read_bytes": 0, "prefetch_consumed": 0, "prefetch_ready": 0, "prefetch_late": 0, "prefetch_cancelled": 0, "prefetch_unused": 0, "demand_read_bytes": 160830074880, "io_batches": 123, "io_overlaps": 83, "staging_bytes": 0, "staging_banks": 0, "prefetch_pending": 0, "execution_buffer_bytes": 63874248, "scratch_bytes": 402653184, "gpu_cache_bytes": 87836590080}
(Worker_TP0 pid=113) EXPERT_STREAM {"hits": 0, "misses": 0, "read_bytes": 0, "read_seconds": 0.0, "rank": 0, "cache_bytes": 0, "slot_hits": 16271, "slot_misses": 21162, "packed_read_bytes": 198929571840, "graph_replays": 246, "routed_pipeline_batches": 0, "routed_pipeline_bytes": 0, "prefetch_issued": 0, "prefetch_read_bytes": 0, "prefetch_consumed": 0, "prefetch_ready": 0, "prefetch_late": 0, "prefetch_cancelled": 0, "prefetch_unused": 0, "demand_read_bytes": 198929571840, "io_batches": 166, "io_overlaps": 126, "staging_bytes": 0, "staging_banks": 0, "prefetch_pending": 0, "execution_buffer_bytes": 63874248, "scratch_bytes": 402653184, "gpu_cache_bytes": 87836590080}
(Worker_TP0 pid=113) STARTUP_PROBE {"time_ns": 1789200844614805042, "phase": "expert_plan_begin", "available_bytes": 17430392832, "cuda_allocated": 98889701888, "cuda_reserved": 99751034880, "layer": 0, "tokens": 256}
(Worker_TP0 pid=113) b12x policy fallback: moe.decode is using a heuristic on nvidia gb10 (compute capability 12.1, 48 SMs) because profile 'nvidia.gb10.48sm' does not cover the query; query={'activation': 'silu', 'hidden_size': 5120, 'intermediate_size': 1152, 'num_experts': 224, 'num_tokens': 256, 'numerical_recipe': 'deepseek_v41', 'quant_mode': 'w4a8_mx', 'routed_rows': 1536, 'source_format': 'fp4_e8m0_k32', 'top_k': 6}
(Worker_TP0 pid=113) STARTUP_PROBE {"time_ns": 1789200844668042530, "phase": "expert_plan_end", "available_bytes": 17430392832, "cuda_allocated": 98898233856, "cuda_reserved": 99751034880, "layer": 0, "tokens": 256}
(Worker_TP0 pid=113) STARTUP_PROBE {"time_ns": 1789200844811342040, "phase": "expert_plan_begin", "available_bytes": 17691553792, "cuda_allocated": 98904805888, "cuda_reserved": 99490988032, "layer": 1, "tokens": 256}
(Worker_TP0 pid=113) STARTUP_PROBE {"time_ns": 1789200844863763170, "phase": "expert_plan_end", "available_bytes": 17691553792, "cuda_allocated": 98904805888, "cuda_reserved": 99490988032, "layer": 1, "tokens": 256}
(Worker_TP0 pid=113) STARTUP_PROBE {"time_ns": 1789200845099881975, "phase": "expert_plan_begin", "available_bytes": 17687359488, "cuda_allocated": 98905462272, "cuda_reserved": 99495182336, "layer": 2, "tokens": 256}
(Worker_TP0 pid=113) STARTUP_PROBE {"time_ns": 1789200845153077653, "phase": "expert_plan_end", "available_bytes": 17687359488, "cuda_allocated": 98905462272, "cuda_reserved": 99495182336, "layer": 2, "tokens": 256}
(Worker_TP0 pid=113) STARTUP_PROBE {"time_ns": 1789200845249359245, "phase": "expert_plan_begin", "available_bytes": 17691553792, "cuda_allocated": 98904513024, "cuda_reserved": 99490988032, "layer": 3, "tokens": 256}
(Worker_TP0 pid=113) STARTUP_PROBE {"time_ns": 1789200845301989068, "phase": "expert_plan_end", "available_bytes": 17691553792, "cuda_allocated": 98904513024, "cuda_reserved": 99490988032, "layer": 3, "tokens": 256}
(Worker_TP0 pid=113) STARTUP_PROBE {"time_ns": 1789200845414769486, "phase": "expert_plan_begin", "available_bytes": 17691553792, "cuda_allocated": 98904808960, "cuda_reserved": 99490988032, "layer": 4, "tokens": 256}
(Worker_TP0 pid=113) STARTUP_PROBE {"time_ns": 1789200845466689483, "phase": "expert_plan_end", "available_bytes": 17691553792, "cuda_allocated": 98904808960, "cuda_reserved": 99490988032, "layer": 4, "tokens": 256}
(Worker_TP0 pid=113) STARTUP_PROBE {"time_ns": 1789200845577363783, "phase": "expert_plan_begin", "available_bytes": 17692119040, "cuda_allocated": 98905465344, "cuda_reserved": 99490988032, "layer": 5, "tokens": 256}
(Worker_TP0 pid=113) STARTUP_PROBE {"time_ns": 1789200845629630813, "phase": "expert_plan_end", "available_bytes": 17692119040, "cuda_allocated": 98905465344, "cuda_reserved": 99490988032, "layer": 5, "tokens": 256}
(Worker_TP0 pid=113) STARTUP_PROBE {"time_ns": 1789200845721878380, "phase": "expert_plan_begin", "available_bytes": 17692119040, "cuda_allocated": 98904516096, "cuda_reserved": 99490988032, "layer": 6, "tokens": 256}
(Worker_TP0 pid=113) STARTUP_PROBE {"time_ns": 1789200845776214712, "phase": "expert_plan_end", "available_bytes": 17692119040, "cuda_allocated": 98904516096, "cuda_reserved": 99490988032, "layer": 6, "tokens": 256}
(Worker_TP0 pid=113) STARTUP_PROBE {"time_ns": 1789200845864038165, "phase": "expert_plan_begin", "available_bytes": 17692119040, "cuda_allocated": 98904812032, "cuda_reserved": 99490988032, "layer": 7, "tokens": 256}
(Worker_TP0 pid=113) STARTUP_PROBE {"time_ns": 1789200845918166380, "phase": "expert_plan_end", "available_bytes": 17692119040, "cuda_allocated": 98904812032, "cuda_reserved": 99490988032, "layer": 7, "tokens": 256}
(Worker_TP0 pid=113) STARTUP_PROBE {"time_ns": 1789200845985627323, "phase": "expert_plan_begin", "available_bytes": 17687924736, "cuda_allocated": 98905468416, "cuda_reserved": 99495182336, "layer": 8, "tokens": 256}
(Worker_TP0 pid=113) STARTUP_PROBE {"time_ns": 1789200846038978893, "phase": "expert_plan_end", "available_bytes": 17687924736, "cuda_allocated": 98905468416, "cuda_reserved": 99495182336, "layer": 8, "tokens": 256}
(Worker_TP0 pid=113) STARTUP_PROBE {"time_ns": 1789200846110035785, "phase": "expert_plan_begin", "available_bytes": 17692119040, "cuda_allocated": 98904519168, "cuda_reserved": 99490988032, "layer": 9, "tokens": 256}
(Worker_TP0 pid=113) STARTUP_PROBE {"time_ns": 1789200846163256568, "phase": "expert_plan_end", "available_bytes": 17692119040, "cuda_allocated": 98904519168, "cuda_reserved": 99490988032, "layer": 9, "tokens": 256}
(Worker_TP0 pid=113) STARTUP_PROBE {"time_ns": 1789200846238918746, "phase": "expert_plan_begin", "available_bytes": 17692119040, "cuda_allocated": 98904815104, "cuda_reserved": 99490988032, "layer": 10, "tokens": 256}
(Worker_TP0 pid=113) STARTUP_PROBE {"time_ns": 1789200846292192811, "phase": "expert_plan_end", "available_bytes": 17692119040, "cuda_allocated": 98904815104, "cuda_reserved": 99490988032, "layer": 10, "tokens": 256}
(Worker_TP0 pid=113) STARTUP_PROBE {"time_ns": 1789200846370862859, "phase": "expert_plan_begin", "available_bytes": 17693483008, "cuda_allocated": 98905471488, "cuda_reserved": 99490988032, "layer": 11, "tokens": 256}
(Worker_TP0 pid=113) STARTUP_PROBE {"time_ns": 1789200846422688902, "phase": "expert_plan_end", "available_bytes": 17693483008, "cuda_allocated": 98905471488, "cuda_reserved": 99490988032, "layer": 11, "tokens": 256}
(Worker_TP0 pid=113) STARTUP_PROBE {"time_ns": 1789200846506674672, "phase": "expert_plan_begin", "available_bytes": 17692966912, "cuda_allocated": 98904522240, "cuda_reserved": 99490988032, "layer": 12, "tokens": 256}
(Worker_TP0 pid=113) STARTUP_PROBE {"time_ns": 1789200846559538022, "phase": "expert_plan_end", "available_bytes": 17692688384, "cuda_allocated": 98904522240, "cuda_reserved": 99490988032, "layer": 12, "tokens": 256}
(Worker_TP0 pid=113) STARTUP_PROBE {"time_ns": 1789200846684171930, "phase": "expert_plan_begin", "available_bytes": 17692688384, "cuda_allocated": 98904818176, "cuda_reserved": 99490988032, "layer": 13, "tokens": 256}
(Worker_TP0 pid=113) STARTUP_PROBE {"time_ns": 1789200846737348648, "phase": "expert_plan_end", "available_bytes": 17692688384, "cuda_allocated": 98904818176, "cuda_reserved": 99490988032, "layer": 13, "tokens": 256}
(Worker_TP0 pid=113) STARTUP_PROBE {"time_ns": 1789200846822797303, "phase": "expert_plan_begin", "available_bytes": 17688494080, "cuda_allocated": 98905474560, "cuda_reserved": 99495182336, "layer": 14, "tokens": 256}
(Worker_TP0 pid=113) STARTUP_PROBE {"time_ns": 1789200846874078868, "phase": "expert_plan_end", "available_bytes": 17688494080, "cuda_allocated": 98905474560, "cuda_reserved": 99495182336, "layer": 14, "tokens": 256}
(Worker_TP0 pid=113) STARTUP_PROBE {"time_ns": 1789200846979846449, "phase": "expert_plan_begin", "available_bytes": 17692688384, "cuda_allocated": 98904820224, "cuda_reserved": 99490988032, "layer": 15, "tokens": 256}
(Worker_TP0 pid=113) STARTUP_PROBE {"time_ns": 1789200847033287462, "phase": "expert_plan_end", "available_bytes": 17687048192, "cuda_allocated": 98904820224, "cuda_reserved": 99490988032, "layer": 15, "tokens": 256}
(Worker_TP0 pid=113) STARTUP_PROBE {"time_ns": 1789200847102822282, "phase": "expert_plan_begin", "available_bytes": 17684213760, "cuda_allocated": 98905181696, "cuda_reserved": 99490988032, "layer": 16, "tokens": 256}
(Worker_TP0 pid=113) STARTUP_PROBE {"time_ns": 1789200847155238452, "phase": "expert_plan_end", "available_bytes": 17684172800, "cuda_allocated": 98905181696, "cuda_reserved": 99490988032, "layer": 16, "tokens": 256}
(Worker_TP0 pid=113) STARTUP_PROBE {"time_ns": 1789200847259218355, "phase": "expert_plan_begin", "available_bytes": 17684172800, "cuda_allocated": 98905477632, "cuda_reserved": 99490988032, "layer": 17, "tokens": 256}
(Worker_TP0 pid=113) STARTUP_PROBE {"time_ns": 1789200847311814673, "phase": "expert_plan_end", "available_bytes": 17684172800, "cuda_allocated": 98905477632, "cuda_reserved": 99490988032, "layer": 17, "tokens": 256}
(Worker_TP0 pid=113) STARTUP_PROBE {"time_ns": 1789200847384098381, "phase": "expert_plan_begin", "available_bytes": 17684172800, "cuda_allocated": 98904528384, "cuda_reserved": 99490988032, "layer": 18, "tokens": 256}
(Worker_TP0 pid=113) STARTUP_PROBE {"time_ns": 1789200847437218778, "phase": "expert_plan_end", "available_bytes": 17684172800, "cuda_allocated": 98904528384, "cuda_reserved": 99490988032, "layer": 18, "tokens": 256}
(Worker_TP0 pid=113) STARTUP_PROBE {"time_ns": 1789200847463068885, "phase": "expert_plan_begin", "available_bytes": 17684172800, "cuda_allocated": 98904824320, "cuda_reserved": 99490988032, "layer": 19, "tokens": 256}
(Worker_TP0 pid=113) STARTUP_PROBE {"time_ns": 1789200847514054395, "phase": "expert_plan_end", "available_bytes": 17681465344, "cuda_allocated": 98904824320, "cuda_reserved": 99490988032, "layer": 19, "tokens": 256}
(Worker_TP0 pid=113) STARTUP_PROBE {"time_ns": 1789200847700518860, "phase": "expert_plan_begin", "available_bytes": 17679568896, "cuda_allocated": 98905480704, "cuda_reserved": 99495182336, "layer": 20, "tokens": 256}
(Worker_TP0 pid=113) STARTUP_PROBE {"time_ns": 1789200847754851000, "phase": "expert_plan_end", "available_bytes": 17679568896, "cuda_allocated": 98905480704, "cuda_reserved": 99495182336, "layer": 20, "tokens": 256}
(Worker_TP0 pid=113) STARTUP_PROBE {"time_ns": 1789200847819756421, "phase": "expert_plan_begin", "available_bytes": 17683763200, "cuda_allocated": 98904531456, "cuda_reserved": 99490988032, "layer": 21, "tokens": 256}
(Worker_TP0 pid=113) STARTUP_PROBE {"time_ns": 1789200847871927304, "phase": "expert_plan_end", "available_bytes": 17683763200, "cuda_allocated": 98904531456, "cuda_reserved": 99490988032, "layer": 21, "tokens": 256}
(Worker_TP0 pid=113) STARTUP_PROBE {"time_ns": 1789200847923327785, "phase": "expert_plan_begin", "available_bytes": 17683763200, "cuda_allocated": 98904827392, "cuda_reserved": 99490988032, "layer": 22, "tokens": 256}
(Worker_TP0 pid=113) STARTUP_PROBE {"time_ns": 1789200847976617433, "phase": "expert_plan_end", "available_bytes": 17683763200, "cuda_allocated": 98904827392, "cuda_reserved": 99490988032, "layer": 22, "tokens": 256}
(Worker_TP0 pid=113) STARTUP_PROBE {"time_ns": 1789200848059847104, "phase": "expert_plan_begin", "available_bytes": 17683763200, "cuda_allocated": 98905483776, "cuda_reserved": 99490988032, "layer": 23, "tokens": 256}
(Worker_TP0 pid=113) STARTUP_PROBE {"time_ns": 1789200848112230201, "phase": "expert_plan_end", "available_bytes": 17683763200, "cuda_allocated": 98905483776, "cuda_reserved": 99490988032, "layer": 23, "tokens": 256}
(Worker_TP0 pid=113) STARTUP_PROBE {"time_ns": 1789200848180468700, "phase": "expert_plan_begin", "available_bytes": 17681666048, "cuda_allocated": 98904534528, "cuda_reserved": 99493085184, "layer": 24, "tokens": 256}
(Worker_TP0 pid=113) STARTUP_PROBE {"time_ns": 1789200848234028948, "phase": "expert_plan_end", "available_bytes": 17681666048, "cuda_allocated": 98904534528, "cuda_reserved": 99493085184, "layer": 24, "tokens": 256}
(Worker_TP0 pid=113) STARTUP_PROBE {"time_ns": 1789200848302292375, "phase": "expert_plan_begin", "available_bytes": 17683763200, "cuda_allocated": 98904830464, "cuda_reserved": 99490988032, "layer": 25, "tokens": 256}
(Worker_TP0 pid=113) STARTUP_PROBE {"time_ns": 1789200848354889174, "phase": "expert_plan_end", "available_bytes": 17683763200, "cuda_allocated": 98904830464, "cuda_reserved": 99490988032, "layer": 25, "tokens": 256}
(Worker_TP0 pid=113) STARTUP_PROBE {"time_ns": 1789200848418521298, "phase": "expert_plan_begin", "available_bytes": 17683763200, "cuda_allocated": 98905486848, "cuda_reserved": 99490988032, "layer": 26, "tokens": 256}
(Worker_TP0 pid=113) STARTUP_PROBE {"time_ns": 1789200848471498763, "phase": "expert_plan_end", "available_bytes": 17684979712, "cuda_allocated": 98905486848, "cuda_reserved": 99490988032, "layer": 26, "tokens": 256}
(Worker_TP0 pid=113) STARTUP_PROBE {"time_ns": 1789200848549435640, "phase": "expert_plan_begin", "available_bytes": 17685385216, "cuda_allocated": 98904537600, "cuda_reserved": 99490988032, "layer": 27, "tokens": 256}
(Worker_TP0 pid=113) STARTUP_PROBE {"time_ns": 1789200848601559595, "phase": "expert_plan_end", "available_bytes": 17685385216, "cuda_allocated": 98904537600, "cuda_reserved": 99490988032, "layer": 27, "tokens": 256}
(Worker_TP0 pid=113) STARTUP_PROBE {"time_ns": 1789200848676509660, "phase": "expert_plan_begin", "available_bytes": 17683288064, "cuda_allocated": 98904833536, "cuda_reserved": 99493085184, "layer": 28, "tokens": 256}
(Worker_TP0 pid=113) STARTUP_PROBE {"time_ns": 1789200848731041580, "phase": "expert_plan_end", "available_bytes": 17683288064, "cuda_allocated": 98904833536, "cuda_reserved": 99493085184, "layer": 28, "tokens": 256}
(Worker_TP0 pid=113) STARTUP_PROBE {"time_ns": 1789200848807296479, "phase": "expert_plan_begin", "available_bytes": 17685127168, "cuda_allocated": 98905489920, "cuda_reserved": 99490988032, "layer": 29, "tokens": 256}
(Worker_TP0 pid=113) STARTUP_PROBE {"time_ns": 1789200848859979344, "phase": "expert_plan_end", "available_bytes": 17685127168, "cuda_allocated": 98905489920, "cuda_reserved": 99490988032, "layer": 29, "tokens": 256}
(Worker_TP0 pid=113) STARTUP_PROBE {"time_ns": 1789200848929014983, "phase": "expert_plan_begin", "available_bytes": 17683030016, "cuda_allocated": 98904540672, "cuda_reserved": 99490988032, "layer": 30, "tokens": 256}
(Worker_TP0 pid=113) STARTUP_PROBE {"time_ns": 1789200848981729929, "phase": "expert_plan_end", "available_bytes": 17683030016, "cuda_allocated": 98904540672, "cuda_reserved": 99490988032, "layer": 30, "tokens": 256}
(Worker_TP0 pid=113) STARTUP_PROBE {"time_ns": 1789200849043887887, "phase": "expert_plan_begin", "available_bytes": 17682771968, "cuda_allocated": 98904836608, "cuda_reserved": 99490988032, "layer": 31, "tokens": 256}
(Worker_TP0 pid=113) STARTUP_PROBE {"time_ns": 1789200849096748645, "phase": "expert_plan_end", "available_bytes": 17682771968, "cuda_allocated": 98904836608, "cuda_reserved": 99490988032, "layer": 31, "tokens": 256}
(Worker_TP0 pid=113) STARTUP_PROBE {"time_ns": 1789200849169403946, "phase": "expert_plan_begin", "available_bytes": 17680674816, "cuda_allocated": 98905492992, "cuda_reserved": 99493085184, "layer": 32, "tokens": 256}
(Worker_TP0 pid=113) STARTUP_PROBE {"time_ns": 1789200849222763949, "phase": "expert_plan_end", "available_bytes": 17680674816, "cuda_allocated": 98905492992, "cuda_reserved": 99493085184, "layer": 32, "tokens": 256}
(Worker_TP0 pid=113) STARTUP_PROBE {"time_ns": 1789200849303105096, "phase": "expert_plan_begin", "available_bytes": 17682513920, "cuda_allocated": 98904543744, "cuda_reserved": 99490988032, "layer": 33, "tokens": 256}
(Worker_TP0 pid=113) STARTUP_PROBE {"time_ns": 1789200849355444192, "phase": "expert_plan_end", "available_bytes": 17682513920, "cuda_allocated": 98904543744, "cuda_reserved": 99490988032, "layer": 33, "tokens": 256}
(Worker_TP0 pid=113) STARTUP_PROBE {"time_ns": 1789200849433781672, "phase": "expert_plan_begin", "available_bytes": 17682255872, "cuda_allocated": 98904839680, "cuda_reserved": 99490988032, "layer": 34, "tokens": 256}
(Worker_TP0 pid=113) STARTUP_PROBE {"time_ns": 1789200849487046889, "phase": "expert_plan_end", "available_bytes": 17682501632, "cuda_allocated": 98904839680, "cuda_reserved": 99490988032, "layer": 34, "tokens": 256}
(Worker_TP0 pid=113) STARTUP_PROBE {"time_ns": 1789200849561923319, "phase": "expert_plan_begin", "available_bytes": 17682616320, "cuda_allocated": 98905496064, "cuda_reserved": 99490988032, "layer": 35, "tokens": 256}
(Worker_TP0 pid=113) STARTUP_PROBE {"time_ns": 1789200849614177293, "phase": "expert_plan_end", "available_bytes": 17682616320, "cuda_allocated": 98905496064, "cuda_reserved": 99490988032, "layer": 35, "tokens": 256}
(Worker_TP0 pid=113) STARTUP_PROBE {"time_ns": 1789200849699077471, "phase": "expert_plan_begin", "available_bytes": 17680261120, "cuda_allocated": 98904546816, "cuda_reserved": 99493085184, "layer": 36, "tokens": 256}
(Worker_TP0 pid=113) STARTUP_PROBE {"time_ns": 1789200849753361721, "phase": "expert_plan_end", "available_bytes": 17680261120, "cuda_allocated": 98904546816, "cuda_reserved": 99493085184, "layer": 36, "tokens": 256}
(Worker_TP0 pid=113) STARTUP_PROBE {"time_ns": 1789200849844425066, "phase": "expert_plan_begin", "available_bytes": 17682358272, "cuda_allocated": 98914509312, "cuda_reserved": 99490988032, "layer": 37, "tokens": 256}
(Worker_TP0 pid=113) STARTUP_PROBE {"time_ns": 1789200849896485675, "phase": "expert_plan_end", "available_bytes": 17682358272, "cuda_allocated": 98914509312, "cuda_reserved": 99490988032, "layer": 37, "tokens": 256}
(Worker_TP0 pid=113) STARTUP_PROBE {"time_ns": 1789200849966752194, "phase": "expert_plan_begin", "available_bytes": 17682358272, "cuda_allocated": 98916017664, "cuda_reserved": 99490988032, "layer": 38, "tokens": 256}
(Worker_TP0 pid=113) STARTUP_PROBE {"time_ns": 1789200850019131451, "phase": "expert_plan_end", "available_bytes": 17682358272, "cuda_allocated": 98916017664, "cuda_reserved": 99490988032, "layer": 38, "tokens": 256}
(Worker_TP0 pid=113) STARTUP_PROBE {"time_ns": 1789200850109476154, "phase": "expert_plan_begin", "available_bytes": 17679745024, "cuda_allocated": 98917820928, "cuda_reserved": 99490988032, "layer": 39, "tokens": 256}
(Worker_TP0 pid=113) STARTUP_PROBE {"time_ns": 1789200850161750080, "phase": "expert_plan_end", "available_bytes": 17679745024, "cuda_allocated": 98917820928, "cuda_reserved": 99490988032, "layer": 39, "tokens": 256}
(Worker_TP0 pid=113) EXPERT_STREAM {"hits": 0, "misses": 0, "read_bytes": 0, "read_seconds": 0.0, "rank": 0, "cache_bytes": 0, "slot_hits": 21326, "slot_misses": 22882, "packed_read_bytes": 215098122240, "graph_replays": 292, "routed_pipeline_batches": 0, "routed_pipeline_bytes": 0, "prefetch_issued": 0, "prefetch_read_bytes": 0, "prefetch_consumed": 0, "prefetch_ready": 0, "prefetch_late": 0, "prefetch_cancelled": 0, "prefetch_unused": 0, "demand_read_bytes": 215098122240, "io_batches": 209, "io_overlaps": 169, "staging_bytes": 0, "staging_banks": 0, "prefetch_pending": 0, "execution_buffer_bytes": 71750856, "scratch_bytes": 402653184, "gpu_cache_bytes": 87836590080}
(Worker_TP0 pid=113) WARNING 09-12 08:14:10 [jit_monitor.py:141] Triton kernel JIT compilation during inference: _block_scores_kernel. This causes a latency spike; consider extending warmup to cover this shape/config.
(Worker_TP0 pid=113) WARNING 09-12 08:14:10 [jit_monitor.py:141] Triton kernel JIT compilation during inference: _candidate_flags_kernel. This causes a latency spike; consider extending warmup to cover this shape/config.
(Worker_TP0 pid=113) WARNING 09-12 08:14:10 [jit_monitor.py:141] Triton kernel JIT compilation during inference: _mask_candidates_kernel. This causes a latency spike; consider extending warmup to cover this shape/config.
(Worker_TP0 pid=113) EXPERT_STREAM {"hits": 0, "misses": 0, "read_bytes": 0, "read_seconds": 0.0, "rank": 0, "cache_bytes": 0, "slot_hits": 22149, "slot_misses": 23055, "packed_read_bytes": 216724377600, "graph_replays": 335, "routed_pipeline_batches": 0, "routed_pipeline_bytes": 0, "prefetch_issued": 0, "prefetch_read_bytes": 0, "prefetch_consumed": 0, "prefetch_ready": 0, "prefetch_late": 0, "prefetch_cancelled": 0, "prefetch_unused": 0, "demand_read_bytes": 216724377600, "io_batches": 250, "io_overlaps": 210, "staging_bytes": 0, "staging_banks": 0, "prefetch_pending": 0, "execution_buffer_bytes": 71750856, "scratch_bytes": 402653184, "gpu_cache_bytes": 87836590080}
(Worker_TP0 pid=113) WARNING 09-12 08:14:10 [jit_monitor.py:141] Triton kernel JIT compilation during inference: _compute_local_logits_stats_kernel. This causes a latency spike; consider extending warmup to cover this shape/config.
(Worker_TP0 pid=113) WARNING 09-12 08:14:10 [jit_monitor.py:141] Triton kernel JIT compilation during inference: _compute_cumulative_log_p_kernel. This causes a latency spike; consider extending warmup to cover this shape/config.
(Worker_TP0 pid=113) WARNING 09-12 08:14:10 [jit_monitor.py:141] Triton kernel JIT compilation during inference: _compute_local_residual_mass_kernel. This causes a latency spike; consider extending warmup to cover this shape/config.
(Worker_TP0 pid=113) WARNING 09-12 08:14:10 [jit_monitor.py:141] Triton kernel JIT compilation during inference: _rejection_kernel. This causes a latency spike; consider extending warmup to cover this shape/config.
(Worker_TP0 pid=113) WARNING 09-12 08:14:10 [jit_monitor.py:141] Triton kernel JIT compilation during inference: _resample_kernel. This causes a latency spike; consider extending warmup to cover this shape/config.
(APIServer pid=1) INFO:     127.0.0.1:42676 - "POST /v1/chat/completions HTTP/1.1" 200 OK
