(Worker_TP0 pid=113) EXPERT_CACHE_RESET 1789200851308922918
(APIServer pid=1) INFO 09-12 08:14:15 [loggers.py:310] Engine 000: Avg prompt throughput: 630.8 tokens/s, Avg generation throughput: 0.4 tokens/s, Running: 0 reqs, Waiting: 0 reqs, GPU KV cache usage: 0.0%, Prefix cache hit rate: 0.0%
(APIServer pid=1) INFO 09-12 08:14:15 [metrics.py:120] SpecDecoding metrics: Mean acceptance length: 4.00, Accepted throughput: 0.06 tokens/s, Drafted throughput: 0.10 tokens/s, Accepted: 3 tokens, Drafted: 5 tokens, Per-position acceptance rate: 1.000, 1.000, 1.000, 0.000, 0.000, Avg Draft acceptance rate: 60.0%
(APIServer pid=1) INFO:     127.0.0.1:47676 - "GET /v1/models HTTP/1.1" 200 OK
(APIServer pid=1) INFO 09-12 08:14:25 [loggers.py:310] Engine 000: Avg prompt throughput: 0.0 tokens/s, Avg generation throughput: 0.0 tokens/s, Running: 0 reqs, Waiting: 0 reqs, GPU KV cache usage: 0.0%, Prefix cache hit rate: 0.0%
(Worker_TP0 pid=113) EXPERT_STREAM {"hits": 0, "misses": 0, "read_bytes": 0, "read_seconds": 0.0, "rank": 0, "cache_bytes": 0, "slot_hits": 0, "slot_misses": 12695, "packed_read_bytes": 119337062400, "graph_replays": 80, "routed_pipeline_batches": 0, "routed_pipeline_bytes": 0, "prefetch_issued": 0, "prefetch_read_bytes": 0, "prefetch_consumed": 0, "prefetch_ready": 0, "prefetch_late": 0, "prefetch_cancelled": 0, "prefetch_unused": 0, "demand_read_bytes": 119337062400, "io_batches": 80, "io_overlaps": 40, "staging_bytes": 0, "staging_banks": 0, "prefetch_pending": 0, "execution_buffer_bytes": 71750856, "scratch_bytes": 402653184, "gpu_cache_bytes": 87836590080}
(Worker_TP0 pid=113) EXPERT_STREAM {"hits": 0, "misses": 0, "read_bytes": 0, "read_seconds": 0.0, "rank": 0, "cache_bytes": 0, "slot_hits": 8295, "slot_misses": 17094, "packed_read_bytes": 160689070080, "graph_replays": 163, "routed_pipeline_batches": 0, "routed_pipeline_bytes": 0, "prefetch_issued": 0, "prefetch_read_bytes": 0, "prefetch_consumed": 0, "prefetch_ready": 0, "prefetch_late": 0, "prefetch_cancelled": 0, "prefetch_unused": 0, "demand_read_bytes": 160689070080, "io_batches": 123, "io_overlaps": 83, "staging_bytes": 0, "staging_banks": 0, "prefetch_pending": 0, "execution_buffer_bytes": 71750856, "scratch_bytes": 402653184, "gpu_cache_bytes": 87836590080}
(Worker_TP0 pid=113) EXPERT_STREAM {"hits": 0, "misses": 0, "read_bytes": 0, "read_seconds": 0.0, "rank": 0, "cache_bytes": 0, "slot_hits": 16293, "slot_misses": 21200, "packed_read_bytes": 199286784000, "graph_replays": 246, "routed_pipeline_batches": 0, "routed_pipeline_bytes": 0, "prefetch_issued": 0, "prefetch_read_bytes": 0, "prefetch_consumed": 0, "prefetch_ready": 0, "prefetch_late": 0, "prefetch_cancelled": 0, "prefetch_unused": 0, "demand_read_bytes": 199286784000, "io_batches": 166, "io_overlaps": 126, "staging_bytes": 0, "staging_banks": 0, "prefetch_pending": 0, "execution_buffer_bytes": 71750856, "scratch_bytes": 402653184, "gpu_cache_bytes": 87836590080}
(Worker_TP0 pid=113) EXPERT_STREAM {"hits": 0, "misses": 0, "read_bytes": 0, "read_seconds": 0.0, "rank": 0, "cache_bytes": 0, "slot_hits": 24638, "slot_misses": 26156, "packed_read_bytes": 245874769920, "graph_replays": 329, "routed_pipeline_batches": 0, "routed_pipeline_bytes": 0, "prefetch_issued": 0, "prefetch_read_bytes": 0, "prefetch_consumed": 0, "prefetch_ready": 0, "prefetch_late": 0, "prefetch_cancelled": 0, "prefetch_unused": 0, "demand_read_bytes": 245874769920, "io_batches": 209, "io_overlaps": 169, "staging_bytes": 0, "staging_banks": 0, "prefetch_pending": 0, "execution_buffer_bytes": 71750856, "scratch_bytes": 402653184, "gpu_cache_bytes": 87836590080}
(Worker_TP0 pid=113) EXPERT_STREAM {"hits": 0, "misses": 0, "read_bytes": 0, "read_seconds": 0.0, "rank": 0, "cache_bytes": 0, "slot_hits": 32254, "slot_misses": 30753, "packed_read_bytes": 289088040960, "graph_replays": 412, "routed_pipeline_batches": 0, "routed_pipeline_bytes": 0, "prefetch_issued": 0, "prefetch_read_bytes": 0, "prefetch_consumed": 0, "prefetch_ready": 0, "prefetch_late": 0, "prefetch_cancelled": 0, "prefetch_unused": 0, "demand_read_bytes": 289088040960, "io_batches": 252, "io_overlaps": 212, "staging_bytes": 0, "staging_banks": 0, "prefetch_pending": 0, "execution_buffer_bytes": 71750856, "scratch_bytes": 402653184, "gpu_cache_bytes": 87836590080}
(Worker_TP0 pid=113) EXPERT_STREAM {"hits": 0, "misses": 0, "read_bytes": 0, "read_seconds": 0.0, "rank": 0, "cache_bytes": 0, "slot_hits": 40494, "slot_misses": 34448, "packed_read_bytes": 323822223360, "graph_replays": 495, "routed_pipeline_batches": 0, "routed_pipeline_bytes": 0, "prefetch_issued": 0, "prefetch_read_bytes": 0, "prefetch_consumed": 0, "prefetch_ready": 0, "prefetch_late": 0, "prefetch_cancelled": 0, "prefetch_unused": 0, "demand_read_bytes": 323822223360, "io_batches": 295, "io_overlaps": 255, "staging_bytes": 0, "staging_banks": 0, "prefetch_pending": 0, "execution_buffer_bytes": 71750856, "scratch_bytes": 402653184, "gpu_cache_bytes": 87836590080}
(Worker_TP0 pid=113) STARTUP_PROBE {"time_ns": 1789200915918387887, "phase": "expert_plan_begin", "available_bytes": 17373216768, "cuda_allocated": 98939470848, "cuda_reserved": 99801366528, "layer": 0, "tokens": 1024}
(Worker_TP0 pid=113) b12x policy fallback: moe.decode is using a heuristic on nvidia gb10 (compute capability 12.1, 48 SMs) because profile 'nvidia.gb10.48sm' does not cover the query; query={'activation': 'silu', 'hidden_size': 5120, 'intermediate_size': 1152, 'num_experts': 224, 'num_tokens': 1024, 'numerical_recipe': 'deepseek_v41', 'quant_mode': 'w4a8_mx', 'routed_rows': 6144, 'source_format': 'fp4_e8m0_k32', 'top_k': 6}
(Worker_TP0 pid=113) STARTUP_PROBE {"time_ns": 1789200915972346225, "phase": "expert_plan_end", "available_bytes": 17373216768, "cuda_allocated": 98970977280, "cuda_reserved": 99801366528, "layer": 0, "tokens": 1024}
(Worker_TP0 pid=113) STARTUP_PROBE {"time_ns": 1789200916208580585, "phase": "expert_plan_begin", "available_bytes": 17615855616, "cuda_allocated": 98997789696, "cuda_reserved": 99558096896, "layer": 1, "tokens": 1024}
(Worker_TP0 pid=113) STARTUP_PROBE {"time_ns": 1789200916265337924, "phase": "expert_plan_end", "available_bytes": 17606995968, "cuda_allocated": 98997789696, "cuda_reserved": 99558096896, "layer": 1, "tokens": 1024}
(Worker_TP0 pid=113) STARTUP_PROBE {"time_ns": 1789200916471041959, "phase": "expert_plan_begin", "available_bytes": 17573679104, "cuda_allocated": 98998487040, "cuda_reserved": 99583262720, "layer": 2, "tokens": 1024}
(Worker_TP0 pid=113) STARTUP_PROBE {"time_ns": 1789200916526625699, "phase": "expert_plan_end", "available_bytes": 17573720064, "cuda_allocated": 98998487040, "cuda_reserved": 99583262720, "layer": 2, "tokens": 1024}
(Worker_TP0 pid=113) STARTUP_PROBE {"time_ns": 1789200916702687960, "phase": "expert_plan_begin", "available_bytes": 17599148032, "cuda_allocated": 98997791744, "cuda_reserved": 99558096896, "layer": 3, "tokens": 1024}
(Worker_TP0 pid=113) STARTUP_PROBE {"time_ns": 1789200916759566310, "phase": "expert_plan_end", "available_bytes": 17599148032, "cuda_allocated": 98997791744, "cuda_reserved": 99558096896, "layer": 3, "tokens": 1024}
(Worker_TP0 pid=113) STARTUP_PROBE {"time_ns": 1789200916910944125, "phase": "expert_plan_begin", "available_bytes": 17599148032, "cuda_allocated": 98997792768, "cuda_reserved": 99558096896, "layer": 4, "tokens": 1024}
(Worker_TP0 pid=113) STARTUP_PROBE {"time_ns": 1789200916966977525, "phase": "expert_plan_end", "available_bytes": 17599148032, "cuda_allocated": 98997792768, "cuda_reserved": 99558096896, "layer": 4, "tokens": 1024}
(Worker_TP0 pid=113) STARTUP_PROBE {"time_ns": 1789200917143136653, "phase": "expert_plan_begin", "available_bytes": 17599148032, "cuda_allocated": 98997793792, "cuda_reserved": 99558096896, "layer": 5, "tokens": 1024}
(Worker_TP0 pid=113) STARTUP_PROBE {"time_ns": 1789200917197564107, "phase": "expert_plan_end", "available_bytes": 17599148032, "cuda_allocated": 98997793792, "cuda_reserved": 99558096896, "layer": 5, "tokens": 1024}
(Worker_TP0 pid=113) STARTUP_PROBE {"time_ns": 1789200917367197450, "phase": "expert_plan_begin", "available_bytes": 17599148032, "cuda_allocated": 98997794816, "cuda_reserved": 99558096896, "layer": 6, "tokens": 1024}
(Worker_TP0 pid=113) STARTUP_PROBE {"time_ns": 1789200917422695044, "phase": "expert_plan_end", "available_bytes": 17599148032, "cuda_allocated": 98997794816, "cuda_reserved": 99558096896, "layer": 6, "tokens": 1024}
(Worker_TP0 pid=113) STARTUP_PROBE {"time_ns": 1789200917549708166, "phase": "expert_plan_begin", "available_bytes": 17597083648, "cuda_allocated": 98997795840, "cuda_reserved": 99558096896, "layer": 7, "tokens": 1024}
(Worker_TP0 pid=113) STARTUP_PROBE {"time_ns": 1789200917604330569, "phase": "expert_plan_end", "available_bytes": 17597083648, "cuda_allocated": 98997795840, "cuda_reserved": 99558096896, "layer": 7, "tokens": 1024}
(Worker_TP0 pid=113) STARTUP_PROBE {"time_ns": 1789200917748675323, "phase": "expert_plan_begin", "available_bytes": 17571852288, "cuda_allocated": 98997796864, "cuda_reserved": 99583262720, "layer": 8, "tokens": 1024}
(Worker_TP0 pid=113) STARTUP_PROBE {"time_ns": 1789200917802500890, "phase": "expert_plan_end", "available_bytes": 17571852288, "cuda_allocated": 98997796864, "cuda_reserved": 99583262720, "layer": 8, "tokens": 1024}
(Worker_TP0 pid=113) STARTUP_PROBE {"time_ns": 1789200917942015151, "phase": "expert_plan_begin", "available_bytes": 17597083648, "cuda_allocated": 98997797888, "cuda_reserved": 99558096896, "layer": 9, "tokens": 1024}
(Worker_TP0 pid=113) STARTUP_PROBE {"time_ns": 1789200917997286099, "phase": "expert_plan_end", "available_bytes": 17597083648, "cuda_allocated": 98997797888, "cuda_reserved": 99558096896, "layer": 9, "tokens": 1024}
(Worker_TP0 pid=113) STARTUP_PROBE {"time_ns": 1789200918135265776, "phase": "expert_plan_begin", "available_bytes": 17597083648, "cuda_allocated": 98997798912, "cuda_reserved": 99558096896, "layer": 10, "tokens": 1024}
(Worker_TP0 pid=113) STARTUP_PROBE {"time_ns": 1789200918190266509, "phase": "expert_plan_end", "available_bytes": 17597083648, "cuda_allocated": 98997798912, "cuda_reserved": 99558096896, "layer": 10, "tokens": 1024}
(Worker_TP0 pid=113) STARTUP_PROBE {"time_ns": 1789200918361300609, "phase": "expert_plan_begin", "available_bytes": 17597083648, "cuda_allocated": 98997799936, "cuda_reserved": 99558096896, "layer": 11, "tokens": 1024}
(Worker_TP0 pid=113) STARTUP_PROBE {"time_ns": 1789200918415954485, "phase": "expert_plan_end", "available_bytes": 17597083648, "cuda_allocated": 98997799936, "cuda_reserved": 99558096896, "layer": 11, "tokens": 1024}
(Worker_TP0 pid=113) STARTUP_PROBE {"time_ns": 1789200918557810454, "phase": "expert_plan_begin", "available_bytes": 17598619648, "cuda_allocated": 98997800960, "cuda_reserved": 99558096896, "layer": 12, "tokens": 1024}
(Worker_TP0 pid=113) STARTUP_PROBE {"time_ns": 1789200918612357144, "phase": "expert_plan_end", "available_bytes": 17598619648, "cuda_allocated": 98997800960, "cuda_reserved": 99558096896, "layer": 12, "tokens": 1024}
(Worker_TP0 pid=113) STARTUP_PROBE {"time_ns": 1789200918779302641, "phase": "expert_plan_begin", "available_bytes": 17598619648, "cuda_allocated": 98997801984, "cuda_reserved": 99558096896, "layer": 13, "tokens": 1024}
(Worker_TP0 pid=113) STARTUP_PROBE {"time_ns": 1789200918834134794, "phase": "expert_plan_end", "available_bytes": 17598619648, "cuda_allocated": 98997801984, "cuda_reserved": 99558096896, "layer": 13, "tokens": 1024}
(Worker_TP0 pid=113) STARTUP_PROBE {"time_ns": 1789200919017547693, "phase": "expert_plan_begin", "available_bytes": 17573388288, "cuda_allocated": 98997803008, "cuda_reserved": 99583262720, "layer": 14, "tokens": 1024}
(Worker_TP0 pid=113) STARTUP_PROBE {"time_ns": 1789200919072138768, "phase": "expert_plan_end", "available_bytes": 17573388288, "cuda_allocated": 98997803008, "cuda_reserved": 99583262720, "layer": 14, "tokens": 1024}
(Worker_TP0 pid=113) STARTUP_PROBE {"time_ns": 1789200919221024839, "phase": "expert_plan_begin", "available_bytes": 17598619648, "cuda_allocated": 98998500352, "cuda_reserved": 99558096896, "layer": 15, "tokens": 1024}
(Worker_TP0 pid=113) STARTUP_PROBE {"time_ns": 1789200919277022574, "phase": "expert_plan_end", "available_bytes": 17598619648, "cuda_allocated": 98998500352, "cuda_reserved": 99558096896, "layer": 15, "tokens": 1024}
(Worker_TP0 pid=113) STARTUP_PROBE {"time_ns": 1789200919450922523, "phase": "expert_plan_begin", "available_bytes": 17600499712, "cuda_allocated": 98997805056, "cuda_reserved": 99558096896, "layer": 16, "tokens": 1024}
(Worker_TP0 pid=113) STARTUP_PROBE {"time_ns": 1789200919506658667, "phase": "expert_plan_end", "available_bytes": 17599725568, "cuda_allocated": 98997805056, "cuda_reserved": 99558096896, "layer": 16, "tokens": 1024}
(APIServer pid=1) INFO:     127.0.0.1:55102 - "GET /v1/models HTTP/1.1" 200 OK
(Worker_TP0 pid=113) STARTUP_PROBE {"time_ns": 1789200919645770838, "phase": "expert_plan_begin", "available_bytes": 17579196416, "cuda_allocated": 98997806080, "cuda_reserved": 99558096896, "layer": 17, "tokens": 1024}
(Worker_TP0 pid=113) STARTUP_PROBE {"time_ns": 1789200919701355154, "phase": "expert_plan_end", "available_bytes": 17561980928, "cuda_allocated": 98997806080, "cuda_reserved": 99558096896, "layer": 17, "tokens": 1024}
(Worker_TP0 pid=113) STARTUP_PROBE {"time_ns": 1789200919869157170, "phase": "expert_plan_begin", "available_bytes": 17542807552, "cuda_allocated": 98997807104, "cuda_reserved": 99558096896, "layer": 18, "tokens": 1024}
(Worker_TP0 pid=113) STARTUP_PROBE {"time_ns": 1789200919924912323, "phase": "expert_plan_end", "available_bytes": 17542807552, "cuda_allocated": 98997807104, "cuda_reserved": 99558096896, "layer": 18, "tokens": 1024}
(Worker_TP0 pid=113) STARTUP_PROBE {"time_ns": 1789200920055937932, "phase": "expert_plan_begin", "available_bytes": 17542807552, "cuda_allocated": 98997808128, "cuda_reserved": 99558096896, "layer": 19, "tokens": 1024}
(Worker_TP0 pid=113) STARTUP_PROBE {"time_ns": 1789200920110853879, "phase": "expert_plan_end", "available_bytes": 17542807552, "cuda_allocated": 98997808128, "cuda_reserved": 99558096896, "layer": 19, "tokens": 1024}
(Worker_TP0 pid=113) STARTUP_PROBE {"time_ns": 1789200920329226770, "phase": "expert_plan_begin", "available_bytes": 17517576192, "cuda_allocated": 98997809152, "cuda_reserved": 99583262720, "layer": 20, "tokens": 1024}
(Worker_TP0 pid=113) STARTUP_PROBE {"time_ns": 1789200920383934391, "phase": "expert_plan_end", "available_bytes": 17517576192, "cuda_allocated": 98997809152, "cuda_reserved": 99583262720, "layer": 20, "tokens": 1024}
(Worker_TP0 pid=113) STARTUP_PROBE {"time_ns": 1789200920558725084, "phase": "expert_plan_begin", "available_bytes": 17544564736, "cuda_allocated": 98998506496, "cuda_reserved": 99558096896, "layer": 21, "tokens": 1024}
(Worker_TP0 pid=113) STARTUP_PROBE {"time_ns": 1789200920612748256, "phase": "expert_plan_end", "available_bytes": 17544564736, "cuda_allocated": 98998506496, "cuda_reserved": 99558096896, "layer": 21, "tokens": 1024}
(Worker_TP0 pid=113) STARTUP_PROBE {"time_ns": 1789200920721091167, "phase": "expert_plan_begin", "available_bytes": 17542459392, "cuda_allocated": 98998507520, "cuda_reserved": 99558096896, "layer": 22, "tokens": 1024}
(Worker_TP0 pid=113) STARTUP_PROBE {"time_ns": 1789200920776537720, "phase": "expert_plan_end", "available_bytes": 17542459392, "cuda_allocated": 98998507520, "cuda_reserved": 99558096896, "layer": 22, "tokens": 1024}
(Worker_TP0 pid=113) STARTUP_PROBE {"time_ns": 1789200920808766617, "phase": "expert_plan_begin", "available_bytes": 17542459392, "cuda_allocated": 98997812224, "cuda_reserved": 99558096896, "layer": 23, "tokens": 1024}
(Worker_TP0 pid=113) STARTUP_PROBE {"time_ns": 1789200920862703546, "phase": "expert_plan_end", "available_bytes": 17542459392, "cuda_allocated": 98997812224, "cuda_reserved": 99558096896, "layer": 23, "tokens": 1024}
(Worker_TP0 pid=113) STARTUP_PROBE {"time_ns": 1789200920998217384, "phase": "expert_plan_begin", "available_bytes": 17540624384, "cuda_allocated": 98997813248, "cuda_reserved": 99560194048, "layer": 24, "tokens": 1024}
(Worker_TP0 pid=113) STARTUP_PROBE {"time_ns": 1789200921053308279, "phase": "expert_plan_end", "available_bytes": 17540624384, "cuda_allocated": 98997813248, "cuda_reserved": 99560194048, "layer": 24, "tokens": 1024}
(Worker_TP0 pid=113) STARTUP_PROBE {"time_ns": 1789200921248157170, "phase": "expert_plan_begin", "available_bytes": 17542459392, "cuda_allocated": 98998510592, "cuda_reserved": 99558096896, "layer": 25, "tokens": 1024}
(Worker_TP0 pid=113) STARTUP_PROBE {"time_ns": 1789200921302831671, "phase": "expert_plan_end", "available_bytes": 17542459392, "cuda_allocated": 98998510592, "cuda_reserved": 99558096896, "layer": 25, "tokens": 1024}
(Worker_TP0 pid=113) STARTUP_PROBE {"time_ns": 1789200921337285985, "phase": "expert_plan_begin", "available_bytes": 17542459392, "cuda_allocated": 98997815296, "cuda_reserved": 99558096896, "layer": 26, "tokens": 1024}
(Worker_TP0 pid=113) STARTUP_PROBE {"time_ns": 1789200921389425780, "phase": "expert_plan_end", "available_bytes": 17542459392, "cuda_allocated": 98997815296, "cuda_reserved": 99558096896, "layer": 26, "tokens": 1024}
(Worker_TP0 pid=113) STARTUP_PROBE {"time_ns": 1789200921505595742, "phase": "expert_plan_begin", "available_bytes": 17546682368, "cuda_allocated": 98997816320, "cuda_reserved": 99558096896, "layer": 27, "tokens": 1024}
(Worker_TP0 pid=113) STARTUP_PROBE {"time_ns": 1789200921560685053, "phase": "expert_plan_end", "available_bytes": 17546481664, "cuda_allocated": 98997816320, "cuda_reserved": 99558096896, "layer": 27, "tokens": 1024}
(Worker_TP0 pid=113) STARTUP_PROBE {"time_ns": 1789200921697130851, "phase": "expert_plan_begin", "available_bytes": 17546117120, "cuda_allocated": 98997817344, "cuda_reserved": 99560194048, "layer": 28, "tokens": 1024}
(Worker_TP0 pid=113) STARTUP_PROBE {"time_ns": 1789200921753386816, "phase": "expert_plan_end", "available_bytes": 17546117120, "cuda_allocated": 98997817344, "cuda_reserved": 99560194048, "layer": 28, "tokens": 1024}
(Worker_TP0 pid=113) STARTUP_PROBE {"time_ns": 1789200921897297847, "phase": "expert_plan_begin", "available_bytes": 17548365824, "cuda_allocated": 98997818368, "cuda_reserved": 99558096896, "layer": 29, "tokens": 1024}
(Worker_TP0 pid=113) STARTUP_PROBE {"time_ns": 1789200921952426823, "phase": "expert_plan_end", "available_bytes": 17548365824, "cuda_allocated": 98997818368, "cuda_reserved": 99558096896, "layer": 29, "tokens": 1024}
(Worker_TP0 pid=113) STARTUP_PROBE {"time_ns": 1789200922083457553, "phase": "expert_plan_begin", "available_bytes": 17548365824, "cuda_allocated": 98997819392, "cuda_reserved": 99558096896, "layer": 30, "tokens": 1024}
(Worker_TP0 pid=113) STARTUP_PROBE {"time_ns": 1789200922137021305, "phase": "expert_plan_end", "available_bytes": 17548365824, "cuda_allocated": 98997819392, "cuda_reserved": 99558096896, "layer": 30, "tokens": 1024}
(Worker_TP0 pid=113) STARTUP_PROBE {"time_ns": 1789200922260070629, "phase": "expert_plan_begin", "available_bytes": 17548464128, "cuda_allocated": 98997820416, "cuda_reserved": 99558096896, "layer": 31, "tokens": 1024}
(Worker_TP0 pid=113) STARTUP_PROBE {"time_ns": 1789200922315523598, "phase": "expert_plan_end", "available_bytes": 17548730368, "cuda_allocated": 98997820416, "cuda_reserved": 99558096896, "layer": 31, "tokens": 1024}
(Worker_TP0 pid=113) STARTUP_PROBE {"time_ns": 1789200922440943782, "phase": "expert_plan_begin", "available_bytes": 17548312576, "cuda_allocated": 98997821440, "cuda_reserved": 99560194048, "layer": 32, "tokens": 1024}
(Worker_TP0 pid=113) STARTUP_PROBE {"time_ns": 1789200922496041318, "phase": "expert_plan_end", "available_bytes": 17551450112, "cuda_allocated": 98997821440, "cuda_reserved": 99560194048, "layer": 32, "tokens": 1024}
(Worker_TP0 pid=113) STARTUP_PROBE {"time_ns": 1789200922708396565, "phase": "expert_plan_begin", "available_bytes": 17556520960, "cuda_allocated": 98998518784, "cuda_reserved": 99558096896, "layer": 33, "tokens": 1024}
(Worker_TP0 pid=113) STARTUP_PROBE {"time_ns": 1789200922763885967, "phase": "expert_plan_end", "available_bytes": 17558413312, "cuda_allocated": 98998518784, "cuda_reserved": 99558096896, "layer": 33, "tokens": 1024}
(Worker_TP0 pid=113) STARTUP_PROBE {"time_ns": 1789200922888256605, "phase": "expert_plan_begin", "available_bytes": 17558687744, "cuda_allocated": 98998519808, "cuda_reserved": 99558096896, "layer": 34, "tokens": 1024}
(Worker_TP0 pid=113) STARTUP_PROBE {"time_ns": 1789200922942697659, "phase": "expert_plan_end", "available_bytes": 17558687744, "cuda_allocated": 98998519808, "cuda_reserved": 99558096896, "layer": 34, "tokens": 1024}
(Worker_TP0 pid=113) STARTUP_PROBE {"time_ns": 1789200922977619138, "phase": "expert_plan_begin", "available_bytes": 17558687744, "cuda_allocated": 98997824512, "cuda_reserved": 99558096896, "layer": 35, "tokens": 1024}
(Worker_TP0 pid=113) STARTUP_PROBE {"time_ns": 1789200923029730548, "phase": "expert_plan_end", "available_bytes": 17558687744, "cuda_allocated": 98997824512, "cuda_reserved": 99558096896, "layer": 35, "tokens": 1024}
(Worker_TP0 pid=113) STARTUP_PROBE {"time_ns": 1789200923156072645, "phase": "expert_plan_begin", "available_bytes": 17556852736, "cuda_allocated": 98997825536, "cuda_reserved": 99560194048, "layer": 36, "tokens": 1024}
(Worker_TP0 pid=113) STARTUP_PROBE {"time_ns": 1789200923209943077, "phase": "expert_plan_end", "available_bytes": 17556852736, "cuda_allocated": 98997825536, "cuda_reserved": 99560194048, "layer": 36, "tokens": 1024}
(Worker_TP0 pid=113) STARTUP_PROBE {"time_ns": 1789200923350271454, "phase": "expert_plan_begin", "available_bytes": 17558687744, "cuda_allocated": 99032130560, "cuda_reserved": 99558096896, "layer": 37, "tokens": 1024}
(Worker_TP0 pid=113) STARTUP_PROBE {"time_ns": 1789200923403826726, "phase": "expert_plan_end", "available_bytes": 17558687744, "cuda_allocated": 99032130560, "cuda_reserved": 99558096896, "layer": 37, "tokens": 1024}
(Worker_TP0 pid=113) STARTUP_PROBE {"time_ns": 1789200923532042183, "phase": "expert_plan_begin", "available_bytes": 17565196288, "cuda_allocated": 99039688704, "cuda_reserved": 99558096896, "layer": 38, "tokens": 1024}
(Worker_TP0 pid=113) STARTUP_PROBE {"time_ns": 1789200923586496998, "phase": "expert_plan_end", "available_bytes": 17565454336, "cuda_allocated": 99039688704, "cuda_reserved": 99558096896, "layer": 38, "tokens": 1024}
(Worker_TP0 pid=113) STARTUP_PROBE {"time_ns": 1789200923711908367, "phase": "expert_plan_begin", "available_bytes": 17565454336, "cuda_allocated": 99045854208, "cuda_reserved": 99558096896, "layer": 39, "tokens": 1024}
(Worker_TP0 pid=113) STARTUP_PROBE {"time_ns": 1789200923767773826, "phase": "expert_plan_end", "available_bytes": 17565454336, "cuda_allocated": 99045854208, "cuda_reserved": 99558096896, "layer": 39, "tokens": 1024}
(Worker_TP0 pid=113) EXPERT_STREAM {"hits": 0, "misses": 0, "read_bytes": 0, "read_seconds": 0.0, "rank": 0, "cache_bytes": 0, "slot_hits": 47575, "slot_misses": 37464, "packed_read_bytes": 352173588480, "graph_replays": 573, "routed_pipeline_batches": 0, "routed_pipeline_bytes": 0, "prefetch_issued": 0, "prefetch_read_bytes": 0, "prefetch_consumed": 0, "prefetch_ready": 0, "prefetch_late": 0, "prefetch_cancelled": 0, "prefetch_unused": 0, "demand_read_bytes": 352173588480, "io_batches": 337, "io_overlaps": 297, "staging_bytes": 0, "staging_banks": 0, "prefetch_pending": 0, "execution_buffer_bytes": 103257288, "scratch_bytes": 402653184, "gpu_cache_bytes": 87836590080}
(Worker_TP0 pid=113) EXPERT_STREAM {"hits": 0, "misses": 0, "read_bytes": 0, "read_seconds": 0.0, "rank": 0, "cache_bytes": 0, "slot_hits": 48409, "slot_misses": 37635, "packed_read_bytes": 353781043200, "graph_replays": 616, "routed_pipeline_batches": 0, "routed_pipeline_bytes": 0, "prefetch_issued": 0, "prefetch_read_bytes": 0, "prefetch_consumed": 0, "prefetch_ready": 0, "prefetch_late": 0, "prefetch_cancelled": 0, "prefetch_unused": 0, "demand_read_bytes": 353781043200, "io_batches": 379, "io_overlaps": 339, "staging_bytes": 0, "staging_banks": 0, "prefetch_pending": 0, "execution_buffer_bytes": 103257288, "scratch_bytes": 402653184, "gpu_cache_bytes": 87836590080}
(Worker_TP0 pid=113) EXPERT_STREAM {"hits": 0, "misses": 0, "read_bytes": 0, "read_seconds": 0.0, "rank": 0, "cache_bytes": 0, "slot_hits": 49331, "slot_misses": 37724, "packed_read_bytes": 354617671680, "graph_replays": 659, "routed_pipeline_batches": 0, "routed_pipeline_bytes": 0, "prefetch_issued": 0, "prefetch_read_bytes": 0, "prefetch_consumed": 0, "prefetch_ready": 0, "prefetch_late": 0, "prefetch_cancelled": 0, "prefetch_unused": 0, "demand_read_bytes": 354617671680, "io_batches": 420, "io_overlaps": 380, "staging_bytes": 0, "staging_banks": 0, "prefetch_pending": 0, "execution_buffer_bytes": 103257288, "scratch_bytes": 402653184, "gpu_cache_bytes": 87836590080}
(APIServer pid=1) INFO:     127.0.0.1:41412 - "POST /v1/chat/completions HTTP/1.1" 200 OK
