(Worker_TP1 pid=92) EXPERT_CACHE_RESET 1789200851308922918
(Worker_TP1 pid=92) EXPERT_STREAM {"hits": 0, "misses": 0, "read_bytes": 0, "read_seconds": 0.0, "rank": 1, "cache_bytes": 0, "slot_hits": 0, "slot_misses": 12695, "packed_read_bytes": 119337062400, "graph_replays": 80, "routed_pipeline_batches": 0, "routed_pipeline_bytes": 0, "prefetch_issued": 0, "prefetch_read_bytes": 0, "prefetch_consumed": 0, "prefetch_ready": 0, "prefetch_late": 0, "prefetch_cancelled": 0, "prefetch_unused": 0, "demand_read_bytes": 119337062400, "io_batches": 80, "io_overlaps": 40, "staging_bytes": 0, "staging_banks": 0, "prefetch_pending": 0, "execution_buffer_bytes": 71750856, "scratch_bytes": 402653184, "gpu_cache_bytes": 87836590080}
(Worker_TP1 pid=92) EXPERT_STREAM {"hits": 0, "misses": 0, "read_bytes": 0, "read_seconds": 0.0, "rank": 1, "cache_bytes": 0, "slot_hits": 8295, "slot_misses": 17094, "packed_read_bytes": 160689070080, "graph_replays": 163, "routed_pipeline_batches": 0, "routed_pipeline_bytes": 0, "prefetch_issued": 0, "prefetch_read_bytes": 0, "prefetch_consumed": 0, "prefetch_ready": 0, "prefetch_late": 0, "prefetch_cancelled": 0, "prefetch_unused": 0, "demand_read_bytes": 160689070080, "io_batches": 123, "io_overlaps": 83, "staging_bytes": 0, "staging_banks": 0, "prefetch_pending": 0, "execution_buffer_bytes": 71750856, "scratch_bytes": 402653184, "gpu_cache_bytes": 87836590080}
(Worker_TP1 pid=92) EXPERT_STREAM {"hits": 0, "misses": 0, "read_bytes": 0, "read_seconds": 0.0, "rank": 1, "cache_bytes": 0, "slot_hits": 16293, "slot_misses": 21200, "packed_read_bytes": 199286784000, "graph_replays": 246, "routed_pipeline_batches": 0, "routed_pipeline_bytes": 0, "prefetch_issued": 0, "prefetch_read_bytes": 0, "prefetch_consumed": 0, "prefetch_ready": 0, "prefetch_late": 0, "prefetch_cancelled": 0, "prefetch_unused": 0, "demand_read_bytes": 199286784000, "io_batches": 166, "io_overlaps": 126, "staging_bytes": 0, "staging_banks": 0, "prefetch_pending": 0, "execution_buffer_bytes": 71750856, "scratch_bytes": 402653184, "gpu_cache_bytes": 87836590080}
(Worker_TP1 pid=92) EXPERT_STREAM {"hits": 0, "misses": 0, "read_bytes": 0, "read_seconds": 0.0, "rank": 1, "cache_bytes": 0, "slot_hits": 24638, "slot_misses": 26156, "packed_read_bytes": 245874769920, "graph_replays": 329, "routed_pipeline_batches": 0, "routed_pipeline_bytes": 0, "prefetch_issued": 0, "prefetch_read_bytes": 0, "prefetch_consumed": 0, "prefetch_ready": 0, "prefetch_late": 0, "prefetch_cancelled": 0, "prefetch_unused": 0, "demand_read_bytes": 245874769920, "io_batches": 209, "io_overlaps": 169, "staging_bytes": 0, "staging_banks": 0, "prefetch_pending": 0, "execution_buffer_bytes": 71750856, "scratch_bytes": 402653184, "gpu_cache_bytes": 87836590080}
(Worker_TP1 pid=92) EXPERT_STREAM {"hits": 0, "misses": 0, "read_bytes": 0, "read_seconds": 0.0, "rank": 1, "cache_bytes": 0, "slot_hits": 32254, "slot_misses": 30753, "packed_read_bytes": 289088040960, "graph_replays": 412, "routed_pipeline_batches": 0, "routed_pipeline_bytes": 0, "prefetch_issued": 0, "prefetch_read_bytes": 0, "prefetch_consumed": 0, "prefetch_ready": 0, "prefetch_late": 0, "prefetch_cancelled": 0, "prefetch_unused": 0, "demand_read_bytes": 289088040960, "io_batches": 252, "io_overlaps": 212, "staging_bytes": 0, "staging_banks": 0, "prefetch_pending": 0, "execution_buffer_bytes": 71750856, "scratch_bytes": 402653184, "gpu_cache_bytes": 87836590080}
(Worker_TP1 pid=92) EXPERT_STREAM {"hits": 0, "misses": 0, "read_bytes": 0, "read_seconds": 0.0, "rank": 1, "cache_bytes": 0, "slot_hits": 40494, "slot_misses": 34448, "packed_read_bytes": 323822223360, "graph_replays": 495, "routed_pipeline_batches": 0, "routed_pipeline_bytes": 0, "prefetch_issued": 0, "prefetch_read_bytes": 0, "prefetch_consumed": 0, "prefetch_ready": 0, "prefetch_late": 0, "prefetch_cancelled": 0, "prefetch_unused": 0, "demand_read_bytes": 323822223360, "io_batches": 295, "io_overlaps": 255, "staging_bytes": 0, "staging_banks": 0, "prefetch_pending": 0, "execution_buffer_bytes": 71750856, "scratch_bytes": 402653184, "gpu_cache_bytes": 87836590080}
(Worker_TP1 pid=92) STARTUP_PROBE {"time_ns": 1789200915869521782, "phase": "expert_plan_begin", "available_bytes": 17082089472, "cuda_allocated": 98939469312, "cuda_reserved": 99801366528, "layer": 0, "tokens": 1024}
(Worker_TP1 pid=92) STARTUP_PROBE {"time_ns": 1789200915923675943, "phase": "expert_plan_end", "available_bytes": 17082089472, "cuda_allocated": 98970975744, "cuda_reserved": 99801366528, "layer": 0, "tokens": 1024}
(Worker_TP1 pid=92) STARTUP_PROBE {"time_ns": 1789200916159704937, "phase": "expert_plan_begin", "available_bytes": 17334181888, "cuda_allocated": 98997788160, "cuda_reserved": 99558096896, "layer": 1, "tokens": 1024}
(Worker_TP1 pid=92) STARTUP_PROBE {"time_ns": 1789200916215642081, "phase": "expert_plan_end", "available_bytes": 17342337024, "cuda_allocated": 98997788160, "cuda_reserved": 99558096896, "layer": 1, "tokens": 1024}
(Worker_TP1 pid=92) STARTUP_PROBE {"time_ns": 1789200916422175753, "phase": "expert_plan_begin", "available_bytes": 17316921344, "cuda_allocated": 98998485504, "cuda_reserved": 99583262720, "layer": 2, "tokens": 1024}
(Worker_TP1 pid=92) STARTUP_PROBE {"time_ns": 1789200916478337842, "phase": "expert_plan_end", "available_bytes": 17316921344, "cuda_allocated": 98998485504, "cuda_reserved": 99583262720, "layer": 2, "tokens": 1024}
(Worker_TP1 pid=92) STARTUP_PROBE {"time_ns": 1789200916653818505, "phase": "expert_plan_begin", "available_bytes": 17342242816, "cuda_allocated": 98997790208, "cuda_reserved": 99558096896, "layer": 3, "tokens": 1024}
(Worker_TP1 pid=92) STARTUP_PROBE {"time_ns": 1789200916709363712, "phase": "expert_plan_end", "available_bytes": 17342242816, "cuda_allocated": 98997790208, "cuda_reserved": 99558096896, "layer": 3, "tokens": 1024}
(Worker_TP1 pid=92) STARTUP_PROBE {"time_ns": 1789200916862087161, "phase": "expert_plan_begin", "available_bytes": 17342242816, "cuda_allocated": 98997791232, "cuda_reserved": 99558096896, "layer": 4, "tokens": 1024}
(Worker_TP1 pid=92) STARTUP_PROBE {"time_ns": 1789200916917069869, "phase": "expert_plan_end", "available_bytes": 17342242816, "cuda_allocated": 98997791232, "cuda_reserved": 99558096896, "layer": 4, "tokens": 1024}
(Worker_TP1 pid=92) STARTUP_PROBE {"time_ns": 1789200917094206618, "phase": "expert_plan_begin", "available_bytes": 17350500352, "cuda_allocated": 98997792256, "cuda_reserved": 99558096896, "layer": 5, "tokens": 1024}
(Worker_TP1 pid=92) STARTUP_PROBE {"time_ns": 1789200917148756844, "phase": "expert_plan_end", "available_bytes": 17350500352, "cuda_allocated": 98997792256, "cuda_reserved": 99558096896, "layer": 5, "tokens": 1024}
(Worker_TP1 pid=92) STARTUP_PROBE {"time_ns": 1789200917318315226, "phase": "expert_plan_begin", "available_bytes": 17351987200, "cuda_allocated": 98997793280, "cuda_reserved": 99558096896, "layer": 6, "tokens": 1024}
(Worker_TP1 pid=92) STARTUP_PROBE {"time_ns": 1789200917373128845, "phase": "expert_plan_end", "available_bytes": 17351987200, "cuda_allocated": 98997793280, "cuda_reserved": 99558096896, "layer": 6, "tokens": 1024}
(Worker_TP1 pid=92) STARTUP_PROBE {"time_ns": 1789200917500778286, "phase": "expert_plan_begin", "available_bytes": 17351987200, "cuda_allocated": 98997794304, "cuda_reserved": 99558096896, "layer": 7, "tokens": 1024}
(Worker_TP1 pid=92) STARTUP_PROBE {"time_ns": 1789200917554618653, "phase": "expert_plan_end", "available_bytes": 17351987200, "cuda_allocated": 98997794304, "cuda_reserved": 99558096896, "layer": 7, "tokens": 1024}
(Worker_TP1 pid=92) STARTUP_PROBE {"time_ns": 1789200917699751670, "phase": "expert_plan_begin", "available_bytes": 17326755840, "cuda_allocated": 98997795328, "cuda_reserved": 99583262720, "layer": 8, "tokens": 1024}
(Worker_TP1 pid=92) STARTUP_PROBE {"time_ns": 1789200917753820806, "phase": "expert_plan_end", "available_bytes": 17326755840, "cuda_allocated": 98997795328, "cuda_reserved": 99583262720, "layer": 8, "tokens": 1024}
(Worker_TP1 pid=92) STARTUP_PROBE {"time_ns": 1789200917893090390, "phase": "expert_plan_begin", "available_bytes": 17351987200, "cuda_allocated": 98997796352, "cuda_reserved": 99558096896, "layer": 9, "tokens": 1024}
(Worker_TP1 pid=92) STARTUP_PROBE {"time_ns": 1789200917946136322, "phase": "expert_plan_end", "available_bytes": 17351987200, "cuda_allocated": 98997796352, "cuda_reserved": 99558096896, "layer": 9, "tokens": 1024}
(Worker_TP1 pid=92) STARTUP_PROBE {"time_ns": 1789200918086323014, "phase": "expert_plan_begin", "available_bytes": 17351987200, "cuda_allocated": 98997797376, "cuda_reserved": 99558096896, "layer": 10, "tokens": 1024}
(Worker_TP1 pid=92) STARTUP_PROBE {"time_ns": 1789200918140871416, "phase": "expert_plan_end", "available_bytes": 17352376320, "cuda_allocated": 98997797376, "cuda_reserved": 99558096896, "layer": 10, "tokens": 1024}
(Worker_TP1 pid=92) STARTUP_PROBE {"time_ns": 1789200918312404269, "phase": "expert_plan_begin", "available_bytes": 17369985024, "cuda_allocated": 98997798400, "cuda_reserved": 99558096896, "layer": 11, "tokens": 1024}
(Worker_TP1 pid=92) STARTUP_PROBE {"time_ns": 1789200918367731586, "phase": "expert_plan_end", "available_bytes": 17369985024, "cuda_allocated": 98997798400, "cuda_reserved": 99558096896, "layer": 11, "tokens": 1024}
(Worker_TP1 pid=92) STARTUP_PROBE {"time_ns": 1789200918508901146, "phase": "expert_plan_begin", "available_bytes": 17369985024, "cuda_allocated": 98997799424, "cuda_reserved": 99558096896, "layer": 12, "tokens": 1024}
(Worker_TP1 pid=92) STARTUP_PROBE {"time_ns": 1789200918562787433, "phase": "expert_plan_end", "available_bytes": 17369985024, "cuda_allocated": 98997799424, "cuda_reserved": 99558096896, "layer": 12, "tokens": 1024}
(Worker_TP1 pid=92) STARTUP_PROBE {"time_ns": 1789200918730358990, "phase": "expert_plan_begin", "available_bytes": 17369985024, "cuda_allocated": 98997800448, "cuda_reserved": 99558096896, "layer": 13, "tokens": 1024}
(Worker_TP1 pid=92) STARTUP_PROBE {"time_ns": 1789200918785672339, "phase": "expert_plan_end", "available_bytes": 17369985024, "cuda_allocated": 98997800448, "cuda_reserved": 99558096896, "layer": 13, "tokens": 1024}
(Worker_TP1 pid=92) STARTUP_PROBE {"time_ns": 1789200918968606568, "phase": "expert_plan_begin", "available_bytes": 17345486848, "cuda_allocated": 98997801472, "cuda_reserved": 99583262720, "layer": 14, "tokens": 1024}
(Worker_TP1 pid=92) STARTUP_PROBE {"time_ns": 1789200919023689884, "phase": "expert_plan_end", "available_bytes": 17345724416, "cuda_allocated": 98997801472, "cuda_reserved": 99583262720, "layer": 14, "tokens": 1024}
(Worker_TP1 pid=92) STARTUP_PROBE {"time_ns": 1789200919172086785, "phase": "expert_plan_begin", "available_bytes": 17371176960, "cuda_allocated": 98998498816, "cuda_reserved": 99558096896, "layer": 15, "tokens": 1024}
(Worker_TP1 pid=92) STARTUP_PROBE {"time_ns": 1789200919227812183, "phase": "expert_plan_end", "available_bytes": 17371557888, "cuda_allocated": 98998498816, "cuda_reserved": 99558096896, "layer": 15, "tokens": 1024}
(Worker_TP1 pid=92) STARTUP_PROBE {"time_ns": 1789200919402004071, "phase": "expert_plan_begin", "available_bytes": 17371557888, "cuda_allocated": 98997803520, "cuda_reserved": 99558096896, "layer": 16, "tokens": 1024}
(Worker_TP1 pid=92) STARTUP_PROBE {"time_ns": 1789200919456225351, "phase": "expert_plan_end", "available_bytes": 17371557888, "cuda_allocated": 98997803520, "cuda_reserved": 99558096896, "layer": 16, "tokens": 1024}
(Worker_TP1 pid=92) STARTUP_PROBE {"time_ns": 1789200919596806284, "phase": "expert_plan_begin", "available_bytes": 17371557888, "cuda_allocated": 98997804544, "cuda_reserved": 99558096896, "layer": 17, "tokens": 1024}
(Worker_TP1 pid=92) STARTUP_PROBE {"time_ns": 1789200919650183688, "phase": "expert_plan_end", "available_bytes": 17371557888, "cuda_allocated": 98997804544, "cuda_reserved": 99558096896, "layer": 17, "tokens": 1024}
(Worker_TP1 pid=92) STARTUP_PROBE {"time_ns": 1789200919820214183, "phase": "expert_plan_begin", "available_bytes": 17371557888, "cuda_allocated": 98997805568, "cuda_reserved": 99558096896, "layer": 18, "tokens": 1024}
(Worker_TP1 pid=92) STARTUP_PROBE {"time_ns": 1789200919874202582, "phase": "expert_plan_end", "available_bytes": 17371557888, "cuda_allocated": 98997805568, "cuda_reserved": 99558096896, "layer": 18, "tokens": 1024}
(Worker_TP1 pid=92) STARTUP_PROBE {"time_ns": 1789200920006989227, "phase": "expert_plan_begin", "available_bytes": 17389277184, "cuda_allocated": 98997806592, "cuda_reserved": 99558096896, "layer": 19, "tokens": 1024}
(Worker_TP1 pid=92) STARTUP_PROBE {"time_ns": 1789200920061930670, "phase": "expert_plan_end", "available_bytes": 17389277184, "cuda_allocated": 98997806592, "cuda_reserved": 99558096896, "layer": 19, "tokens": 1024}
(Worker_TP1 pid=92) STARTUP_PROBE {"time_ns": 1789200920280262963, "phase": "expert_plan_begin", "available_bytes": 17363763200, "cuda_allocated": 98997807616, "cuda_reserved": 99583262720, "layer": 20, "tokens": 1024}
(Worker_TP1 pid=92) STARTUP_PROBE {"time_ns": 1789200920335336614, "phase": "expert_plan_end", "available_bytes": 17363763200, "cuda_allocated": 98997807616, "cuda_reserved": 99583262720, "layer": 20, "tokens": 1024}
(Worker_TP1 pid=92) STARTUP_PROBE {"time_ns": 1789200920512294529, "phase": "expert_plan_begin", "available_bytes": 17389191168, "cuda_allocated": 98998504960, "cuda_reserved": 99558096896, "layer": 21, "tokens": 1024}
(Worker_TP1 pid=92) STARTUP_PROBE {"time_ns": 1789200920566351920, "phase": "expert_plan_end", "available_bytes": 17389191168, "cuda_allocated": 98998504960, "cuda_reserved": 99558096896, "layer": 21, "tokens": 1024}
(Worker_TP1 pid=92) STARTUP_PROBE {"time_ns": 1789200920673783499, "phase": "expert_plan_begin", "available_bytes": 17387094016, "cuda_allocated": 98998505984, "cuda_reserved": 99558096896, "layer": 22, "tokens": 1024}
(Worker_TP1 pid=92) STARTUP_PROBE {"time_ns": 1789200920727120375, "phase": "expert_plan_end", "available_bytes": 17387094016, "cuda_allocated": 98998505984, "cuda_reserved": 99558096896, "layer": 22, "tokens": 1024}
(Worker_TP1 pid=92) STARTUP_PROBE {"time_ns": 1789200920759779870, "phase": "expert_plan_begin", "available_bytes": 17387094016, "cuda_allocated": 98997810688, "cuda_reserved": 99558096896, "layer": 23, "tokens": 1024}
(Worker_TP1 pid=92) STARTUP_PROBE {"time_ns": 1789200920815554244, "phase": "expert_plan_end", "available_bytes": 17387094016, "cuda_allocated": 98997810688, "cuda_reserved": 99558096896, "layer": 23, "tokens": 1024}
(Worker_TP1 pid=92) STARTUP_PROBE {"time_ns": 1789200920949230028, "phase": "expert_plan_begin", "available_bytes": 17385000960, "cuda_allocated": 98997811712, "cuda_reserved": 99560194048, "layer": 24, "tokens": 1024}
(Worker_TP1 pid=92) STARTUP_PROBE {"time_ns": 1789200921005868454, "phase": "expert_plan_end", "available_bytes": 17393258496, "cuda_allocated": 98997811712, "cuda_reserved": 99560194048, "layer": 24, "tokens": 1024}
(Worker_TP1 pid=92) STARTUP_PROBE {"time_ns": 1789200921198728753, "phase": "expert_plan_begin", "available_bytes": 17401114624, "cuda_allocated": 98998509056, "cuda_reserved": 99558096896, "layer": 25, "tokens": 1024}
(Worker_TP1 pid=92) STARTUP_PROBE {"time_ns": 1789200921252299326, "phase": "expert_plan_end", "available_bytes": 17401131008, "cuda_allocated": 98998509056, "cuda_reserved": 99558096896, "layer": 25, "tokens": 1024}
(Worker_TP1 pid=92) STARTUP_PROBE {"time_ns": 1789200921288278627, "phase": "expert_plan_begin", "available_bytes": 17401135104, "cuda_allocated": 98997813760, "cuda_reserved": 99558096896, "layer": 26, "tokens": 1024}
(Worker_TP1 pid=92) STARTUP_PROBE {"time_ns": 1789200921342522434, "phase": "expert_plan_end", "available_bytes": 17401135104, "cuda_allocated": 98997813760, "cuda_reserved": 99558096896, "layer": 26, "tokens": 1024}
(Worker_TP1 pid=92) STARTUP_PROBE {"time_ns": 1789200921456627305, "phase": "expert_plan_begin", "available_bytes": 17400872960, "cuda_allocated": 98997814784, "cuda_reserved": 99558096896, "layer": 27, "tokens": 1024}
(Worker_TP1 pid=92) STARTUP_PROBE {"time_ns": 1789200921510534695, "phase": "expert_plan_end", "available_bytes": 17400872960, "cuda_allocated": 98997814784, "cuda_reserved": 99558096896, "layer": 27, "tokens": 1024}
(Worker_TP1 pid=92) STARTUP_PROBE {"time_ns": 1789200921648130671, "phase": "expert_plan_begin", "available_bytes": 17398779904, "cuda_allocated": 98997815808, "cuda_reserved": 99560194048, "layer": 28, "tokens": 1024}
(Worker_TP1 pid=92) STARTUP_PROBE {"time_ns": 1789200921701762268, "phase": "expert_plan_end", "available_bytes": 17398779904, "cuda_allocated": 98997815808, "cuda_reserved": 99560194048, "layer": 28, "tokens": 1024}
(Worker_TP1 pid=92) STARTUP_PROBE {"time_ns": 1789200921848306840, "phase": "expert_plan_begin", "available_bytes": 17400614912, "cuda_allocated": 98997816832, "cuda_reserved": 99558096896, "layer": 29, "tokens": 1024}
(Worker_TP1 pid=92) b12x policy fallback: moe.decode is using a heuristic on nvidia gb10 (compute capability 12.1, 48 SMs) because profile 'nvidia.gb10.48sm' does not cover the query; query={'activation': 'silu', 'hidden_size': 5120, 'intermediate_size': 1152, 'num_experts': 224, 'num_tokens': 1024, 'numerical_recipe': 'deepseek_v41', 'quant_mode': 'w4a8_mx', 'routed_rows': 6144, 'source_format': 'fp4_e8m0_k32', 'top_k': 6}
(Worker_TP1 pid=92) STARTUP_PROBE {"time_ns": 1789200921902096406, "phase": "expert_plan_end", "available_bytes": 17400356864, "cuda_allocated": 98997816832, "cuda_reserved": 99558096896, "layer": 29, "tokens": 1024}
(Worker_TP1 pid=92) STARTUP_PROBE {"time_ns": 1789200922034396791, "phase": "expert_plan_begin", "available_bytes": 17409622016, "cuda_allocated": 98997817856, "cuda_reserved": 99558096896, "layer": 30, "tokens": 1024}
(Worker_TP1 pid=92) STARTUP_PROBE {"time_ns": 1789200922088667447, "phase": "expert_plan_end", "available_bytes": 17409622016, "cuda_allocated": 98997817856, "cuda_reserved": 99558096896, "layer": 30, "tokens": 1024}
(Worker_TP1 pid=92) STARTUP_PROBE {"time_ns": 1789200922211060799, "phase": "expert_plan_begin", "available_bytes": 17417424896, "cuda_allocated": 98997818880, "cuda_reserved": 99558096896, "layer": 31, "tokens": 1024}
(Worker_TP1 pid=92) STARTUP_PROBE {"time_ns": 1789200922265460879, "phase": "expert_plan_end", "available_bytes": 17417863168, "cuda_allocated": 98997818880, "cuda_reserved": 99558096896, "layer": 31, "tokens": 1024}
(Worker_TP1 pid=92) STARTUP_PROBE {"time_ns": 1789200922391947672, "phase": "expert_plan_begin", "available_bytes": 17415770112, "cuda_allocated": 98997819904, "cuda_reserved": 99560194048, "layer": 32, "tokens": 1024}
(Worker_TP1 pid=92) STARTUP_PROBE {"time_ns": 1789200922445718390, "phase": "expert_plan_end", "available_bytes": 17415770112, "cuda_allocated": 98997819904, "cuda_reserved": 99560194048, "layer": 32, "tokens": 1024}
(Worker_TP1 pid=92) STARTUP_PROBE {"time_ns": 1789200922660067657, "phase": "expert_plan_begin", "available_bytes": 17417347072, "cuda_allocated": 98998517248, "cuda_reserved": 99558096896, "layer": 33, "tokens": 1024}
(Worker_TP1 pid=92) STARTUP_PROBE {"time_ns": 1789200922714106183, "phase": "expert_plan_end", "available_bytes": 17417347072, "cuda_allocated": 98998517248, "cuda_reserved": 99558096896, "layer": 33, "tokens": 1024}
(Worker_TP1 pid=92) STARTUP_PROBE {"time_ns": 1789200922837467876, "phase": "expert_plan_begin", "available_bytes": 17417347072, "cuda_allocated": 98998518272, "cuda_reserved": 99558096896, "layer": 34, "tokens": 1024}
(Worker_TP1 pid=92) STARTUP_PROBE {"time_ns": 1789200922892116645, "phase": "expert_plan_end", "available_bytes": 17417347072, "cuda_allocated": 98998518272, "cuda_reserved": 99558096896, "layer": 34, "tokens": 1024}
(Worker_TP1 pid=92) STARTUP_PROBE {"time_ns": 1789200922928575963, "phase": "expert_plan_begin", "available_bytes": 17417883648, "cuda_allocated": 98997822976, "cuda_reserved": 99558096896, "layer": 35, "tokens": 1024}
(Worker_TP1 pid=92) STARTUP_PROBE {"time_ns": 1789200922981753766, "phase": "expert_plan_end", "available_bytes": 17418625024, "cuda_allocated": 98997822976, "cuda_reserved": 99558096896, "layer": 35, "tokens": 1024}
(Worker_TP1 pid=92) STARTUP_PROBE {"time_ns": 1789200923107057594, "phase": "expert_plan_begin", "available_bytes": 17424789504, "cuda_allocated": 98997824000, "cuda_reserved": 99560194048, "layer": 36, "tokens": 1024}
(Worker_TP1 pid=92) STARTUP_PROBE {"time_ns": 1789200923160836247, "phase": "expert_plan_end", "available_bytes": 17424998400, "cuda_allocated": 98997824000, "cuda_reserved": 99560194048, "layer": 36, "tokens": 1024}
(Worker_TP1 pid=92) STARTUP_PROBE {"time_ns": 1789200923301238121, "phase": "expert_plan_begin", "available_bytes": 17427574784, "cuda_allocated": 99032129024, "cuda_reserved": 99558096896, "layer": 37, "tokens": 1024}
(Worker_TP1 pid=92) STARTUP_PROBE {"time_ns": 1789200923355236199, "phase": "expert_plan_end", "available_bytes": 17427574784, "cuda_allocated": 99032129024, "cuda_reserved": 99558096896, "layer": 37, "tokens": 1024}
(Worker_TP1 pid=92) STARTUP_PROBE {"time_ns": 1789200923483016021, "phase": "expert_plan_begin", "available_bytes": 17427316736, "cuda_allocated": 99039687168, "cuda_reserved": 99558096896, "layer": 38, "tokens": 1024}
(Worker_TP1 pid=92) STARTUP_PROBE {"time_ns": 1789200923536578497, "phase": "expert_plan_end", "available_bytes": 17427316736, "cuda_allocated": 99039687168, "cuda_reserved": 99558096896, "layer": 38, "tokens": 1024}
(Worker_TP1 pid=92) STARTUP_PROBE {"time_ns": 1789200923662916713, "phase": "expert_plan_begin", "available_bytes": 17427316736, "cuda_allocated": 99045852672, "cuda_reserved": 99558096896, "layer": 39, "tokens": 1024}
(Worker_TP1 pid=92) STARTUP_PROBE {"time_ns": 1789200923716788711, "phase": "expert_plan_end", "available_bytes": 17427316736, "cuda_allocated": 99045852672, "cuda_reserved": 99558096896, "layer": 39, "tokens": 1024}
(Worker_TP1 pid=92) EXPERT_STREAM {"hits": 0, "misses": 0, "read_bytes": 0, "read_seconds": 0.0, "rank": 1, "cache_bytes": 0, "slot_hits": 47575, "slot_misses": 37464, "packed_read_bytes": 352173588480, "graph_replays": 573, "routed_pipeline_batches": 0, "routed_pipeline_bytes": 0, "prefetch_issued": 0, "prefetch_read_bytes": 0, "prefetch_consumed": 0, "prefetch_ready": 0, "prefetch_late": 0, "prefetch_cancelled": 0, "prefetch_unused": 0, "demand_read_bytes": 352173588480, "io_batches": 337, "io_overlaps": 297, "staging_bytes": 0, "staging_banks": 0, "prefetch_pending": 0, "execution_buffer_bytes": 103257288, "scratch_bytes": 402653184, "gpu_cache_bytes": 87836590080}
(Worker_TP1 pid=92) EXPERT_STREAM {"hits": 0, "misses": 0, "read_bytes": 0, "read_seconds": 0.0, "rank": 1, "cache_bytes": 0, "slot_hits": 48409, "slot_misses": 37635, "packed_read_bytes": 353781043200, "graph_replays": 616, "routed_pipeline_batches": 0, "routed_pipeline_bytes": 0, "prefetch_issued": 0, "prefetch_read_bytes": 0, "prefetch_consumed": 0, "prefetch_ready": 0, "prefetch_late": 0, "prefetch_cancelled": 0, "prefetch_unused": 0, "demand_read_bytes": 353781043200, "io_batches": 379, "io_overlaps": 339, "staging_bytes": 0, "staging_banks": 0, "prefetch_pending": 0, "execution_buffer_bytes": 103257288, "scratch_bytes": 402653184, "gpu_cache_bytes": 87836590080}
(Worker_TP1 pid=92) EXPERT_STREAM {"hits": 0, "misses": 0, "read_bytes": 0, "read_seconds": 0.0, "rank": 1, "cache_bytes": 0, "slot_hits": 49331, "slot_misses": 37724, "packed_read_bytes": 354617671680, "graph_replays": 659, "routed_pipeline_batches": 0, "routed_pipeline_bytes": 0, "prefetch_issued": 0, "prefetch_read_bytes": 0, "prefetch_consumed": 0, "prefetch_ready": 0, "prefetch_late": 0, "prefetch_cancelled": 0, "prefetch_unused": 0, "demand_read_bytes": 354617671680, "io_batches": 420, "io_overlaps": 380, "staging_bytes": 0, "staging_banks": 0, "prefetch_pending": 0, "execution_buffer_bytes": 103257288, "scratch_bytes": 402653184, "gpu_cache_bytes": 87836590080}
(Worker_TP1 pid=92) EXPERT_STREAM {"hits": 0, "misses": 0, "read_bytes": 0, "read_seconds": 0.0, "rank": 1, "cache_bytes": 0, "slot_hits": 50277, "slot_misses": 37855, "packed_read_bytes": 355849113600, "graph_replays": 702, "routed_pipeline_batches": 0, "routed_pipeline_bytes": 0, "prefetch_issued": 0, "prefetch_read_bytes": 0, "prefetch_consumed": 0, "prefetch_ready": 0, "prefetch_late": 0, "prefetch_cancelled": 0, "prefetch_unused": 0, "demand_read_bytes": 355849113600, "io_batches": 461, "io_overlaps": 421, "staging_bytes": 0, "staging_banks": 0, "prefetch_pending": 0, "execution_buffer_bytes": 103257288, "scratch_bytes": 402653184, "gpu_cache_bytes": 87836590080}
