b12x policy fallback: moe.decode is using a heuristic on nvidia gb10 (compute capability 12.1, 48 SMs) because profile 'nvidia.gb10.48sm' does not cover the query; query={'activation': 'silu', 'hidden_size': 5120, 'intermediate_size': 1152, 'num_experts': 24, 'num_tokens': 6, 'numerical_recipe': 'deepseek_v41', 'quant_mode': 'w4a8_mx', 'routed_rows': 36, 'source_format': 'fp4_e8m0_k32', 'top_k': 6}
{"layer": 0, "topk": 6, "tokens": 6, "kernel_tokens": 512, "max_abs_error": 0.0, "read_bytes": 103403520}
{"layer": 0, "topk": 6, "tokens": 6, "kernel_tokens": 1024, "max_abs_error": 0.0, "read_bytes": 103403520}
{"layer": 0, "topk": 6, "tokens": 6, "kernel_tokens": 2048, "max_abs_error": 0.0, "read_bytes": 103403520}
b12x policy fallback: moe.decode is using a heuristic on nvidia gb10 (compute capability 12.1, 48 SMs) because profile 'nvidia.gb10.48sm' does not cover the query; query={'activation': 'silu', 'hidden_size': 5120, 'intermediate_size': 1152, 'num_experts': 24, 'num_tokens': 512, 'numerical_recipe': 'deepseek_v41', 'quant_mode': 'w4a8_mx', 'routed_rows': 3072, 'source_format': 'fp4_e8m0_k32', 'top_k': 6}
b12x policy fallback: moe.decode is using a heuristic on nvidia gb10 (compute capability 12.1, 48 SMs) because profile 'nvidia.gb10.48sm' does not cover the query; query={'activation': 'silu', 'hidden_size': 5120, 'intermediate_size': 1152, 'num_experts': 24, 'num_tokens': 10, 'numerical_recipe': 'deepseek_v41', 'quant_mode': 'w4a8_mx', 'routed_rows': 60, 'source_format': 'fp4_e8m0_k32', 'top_k': 6}
{"layer": 0, "topk": 6, "tokens": 511, "kernel_tokens": 512, "max_abs_error": 9.313225746154785e-10, "read_bytes": 451215360}
{"layer": 0, "topk": 6, "tokens": 511, "kernel_tokens": 1024, "max_abs_error": 9.313225746154785e-10, "read_bytes": 451215360}
{"layer": 0, "topk": 6, "tokens": 511, "kernel_tokens": 2048, "max_abs_error": 9.313225746154785e-10, "read_bytes": 451215360}
b12x policy fallback: moe.decode is using a heuristic on nvidia gb10 (compute capability 12.1, 48 SMs) because profile 'nvidia.gb10.48sm' does not cover the query; query={'activation': 'silu', 'hidden_size': 5120, 'intermediate_size': 1152, 'num_experts': 24, 'num_tokens': 1, 'numerical_recipe': 'deepseek_v41', 'quant_mode': 'w4a8_mx', 'routed_rows': 6, 'source_format': 'fp4_e8m0_k32', 'top_k': 6}
{"layer": 0, "topk": 6, "tokens": 513, "kernel_tokens": 512, "max_abs_error": 1.862645149230957e-09, "read_bytes": 451215360}
b12x policy fallback: moe.decode is using a heuristic on nvidia gb10 (compute capability 12.1, 48 SMs) because profile 'nvidia.gb10.48sm' does not cover the query; query={'activation': 'silu', 'hidden_size': 5120, 'intermediate_size': 1152, 'num_experts': 24, 'num_tokens': 1024, 'numerical_recipe': 'deepseek_v41', 'quant_mode': 'w4a8_mx', 'routed_rows': 6144, 'source_format': 'fp4_e8m0_k32', 'top_k': 6}
{"layer": 0, "topk": 6, "tokens": 513, "kernel_tokens": 1024, "max_abs_error": 1.862645149230957e-09, "read_bytes": 451215360}
{"layer": 0, "topk": 6, "tokens": 513, "kernel_tokens": 2048, "max_abs_error": 1.862645149230957e-09, "read_bytes": 451215360}
{"layer": 0, "topk": 6, "tokens": 1024, "kernel_tokens": 512, "max_abs_error": 0.0, "read_bytes": 112803840}
{"layer": 0, "topk": 6, "tokens": 1024, "kernel_tokens": 1024, "max_abs_error": 0.0, "read_bytes": 112803840}
{"layer": 0, "topk": 6, "tokens": 1024, "kernel_tokens": 2048, "max_abs_error": 0.0, "read_bytes": 112803840}
{"layer": 0, "topk": 6, "tokens": 1537, "kernel_tokens": 512, "max_abs_error": 1.862645149230957e-09, "read_bytes": 451215360}
{"layer": 0, "topk": 6, "tokens": 1537, "kernel_tokens": 1024, "max_abs_error": 1.862645149230957e-09, "read_bytes": 451215360}
b12x policy fallback: moe.decode is using a heuristic on nvidia gb10 (compute capability 12.1, 48 SMs) because profile 'nvidia.gb10.48sm' does not cover the query; query={'activation': 'silu', 'hidden_size': 5120, 'intermediate_size': 1152, 'num_experts': 24, 'num_tokens': 2048, 'numerical_recipe': 'deepseek_v41', 'quant_mode': 'w4a8_mx', 'routed_rows': 12288, 'source_format': 'fp4_e8m0_k32', 'top_k': 6}
{"layer": 0, "topk": 6, "tokens": 1537, "kernel_tokens": 2048, "max_abs_error": 1.862645149230957e-09, "read_bytes": 451215360}
{"layer": 0, "topk": 6, "tokens": 2048, "kernel_tokens": 512, "max_abs_error": 1.862645149230957e-09, "read_bytes": 451215360}
{"layer": 0, "topk": 6, "tokens": 2048, "kernel_tokens": 1024, "max_abs_error": 1.862645149230957e-09, "read_bytes": 451215360}
{"layer": 0, "topk": 6, "tokens": 2048, "kernel_tokens": 2048, "max_abs_error": 1.862645149230957e-09, "read_bytes": 451215360}
{"layer": 0, "topk": 6, "tokens": 3073, "kernel_tokens": 512, "max_abs_error": 3.725290298461914e-09, "read_bytes": 451215360}
{"layer": 0, "topk": 6, "tokens": 3073, "kernel_tokens": 1024, "max_abs_error": 3.725290298461914e-09, "read_bytes": 451215360}
{"layer": 0, "topk": 6, "tokens": 3073, "kernel_tokens": 2048, "max_abs_error": 3.725290298461914e-09, "read_bytes": 451215360}
{"layer": 0, "topk": 6, "tokens": 4096, "kernel_tokens": 512, "max_abs_error": 1.862645149230957e-09, "read_bytes": 451215360}
{"layer": 0, "topk": 6, "tokens": 4096, "kernel_tokens": 1024, "max_abs_error": 1.862645149230957e-09, "read_bytes": 451215360}
{"layer": 0, "topk": 6, "tokens": 4096, "kernel_tokens": 2048, "max_abs_error": 1.862645149230957e-09, "read_bytes": 451215360}
{"layer": 1, "topk": 6, "tokens": 6, "kernel_tokens": 512, "max_abs_error": 0.0, "read_bytes": 112803840}
{"layer": 1, "topk": 6, "tokens": 6, "kernel_tokens": 1024, "max_abs_error": 0.0, "read_bytes": 112803840}
{"layer": 1, "topk": 6, "tokens": 6, "kernel_tokens": 2048, "max_abs_error": 0.0, "read_bytes": 112803840}
{"layer": 1, "topk": 6, "tokens": 511, "kernel_tokens": 512, "max_abs_error": 9.313225746154785e-10, "read_bytes": 451215360}
{"layer": 1, "topk": 6, "tokens": 511, "kernel_tokens": 1024, "max_abs_error": 9.313225746154785e-10, "read_bytes": 451215360}
{"layer": 1, "topk": 6, "tokens": 511, "kernel_tokens": 2048, "max_abs_error": 9.313225746154785e-10, "read_bytes": 451215360}
{"layer": 1, "topk": 6, "tokens": 513, "kernel_tokens": 512, "max_abs_error": 1.862645149230957e-09, "read_bytes": 451215360}
{"layer": 1, "topk": 6, "tokens": 513, "kernel_tokens": 1024, "max_abs_error": 1.862645149230957e-09, "read_bytes": 451215360}
{"layer": 1, "topk": 6, "tokens": 513, "kernel_tokens": 2048, "max_abs_error": 1.862645149230957e-09, "read_bytes": 451215360}
{"layer": 1, "topk": 6, "tokens": 1024, "kernel_tokens": 512, "max_abs_error": 0.0, "read_bytes": 112803840}
{"layer": 1, "topk": 6, "tokens": 1024, "kernel_tokens": 1024, "max_abs_error": 0.0, "read_bytes": 112803840}
{"layer": 1, "topk": 6, "tokens": 1024, "kernel_tokens": 2048, "max_abs_error": 0.0, "read_bytes": 112803840}
{"layer": 1, "topk": 6, "tokens": 1537, "kernel_tokens": 512, "max_abs_error": 1.862645149230957e-09, "read_bytes": 451215360}
{"layer": 1, "topk": 6, "tokens": 1537, "kernel_tokens": 1024, "max_abs_error": 1.862645149230957e-09, "read_bytes": 451215360}
{"layer": 1, "topk": 6, "tokens": 1537, "kernel_tokens": 2048, "max_abs_error": 1.862645149230957e-09, "read_bytes": 451215360}
{"layer": 1, "topk": 6, "tokens": 2048, "kernel_tokens": 512, "max_abs_error": 1.862645149230957e-09, "read_bytes": 451215360}
{"layer": 1, "topk": 6, "tokens": 2048, "kernel_tokens": 1024, "max_abs_error": 1.862645149230957e-09, "read_bytes": 451215360}
{"layer": 1, "topk": 6, "tokens": 2048, "kernel_tokens": 2048, "max_abs_error": 1.862645149230957e-09, "read_bytes": 451215360}
{"layer": 1, "topk": 6, "tokens": 3073, "kernel_tokens": 512, "max_abs_error": 1.862645149230957e-09, "read_bytes": 451215360}
{"layer": 1, "topk": 6, "tokens": 3073, "kernel_tokens": 1024, "max_abs_error": 1.862645149230957e-09, "read_bytes": 451215360}
{"layer": 1, "topk": 6, "tokens": 3073, "kernel_tokens": 2048, "max_abs_error": 1.862645149230957e-09, "read_bytes": 451215360}
{"layer": 1, "topk": 6, "tokens": 4096, "kernel_tokens": 512, "max_abs_error": 1.862645149230957e-09, "read_bytes": 451215360}
{"layer": 1, "topk": 6, "tokens": 4096, "kernel_tokens": 1024, "max_abs_error": 1.862645149230957e-09, "read_bytes": 451215360}
{"layer": 1, "topk": 6, "tokens": 4096, "kernel_tokens": 2048, "max_abs_error": 1.862645149230957e-09, "read_bytes": 451215360}
b12x policy fallback: moe.decode is using a heuristic on nvidia gb10 (compute capability 12.1, 48 SMs) because profile 'nvidia.gb10.48sm' does not cover the query; query={'activation': 'silu', 'hidden_size': 5120, 'intermediate_size': 1152, 'num_experts': 24, 'num_tokens': 6, 'numerical_recipe': 'deepseek_v41', 'quant_mode': 'w4a8_mx', 'routed_rows': 18, 'source_format': 'fp4_e8m0_k32', 'top_k': 3}
{"layer": 40, "topk": 3, "tokens": 6, "kernel_tokens": 512, "max_abs_error": 0.0, "read_bytes": 75202560}
{"layer": 40, "topk": 3, "tokens": 6, "kernel_tokens": 1024, "max_abs_error": 0.0, "read_bytes": 75202560}
{"layer": 40, "topk": 3, "tokens": 6, "kernel_tokens": 2048, "max_abs_error": 0.0, "read_bytes": 75202560}
b12x policy fallback: moe.decode is using a heuristic on nvidia gb10 (compute capability 12.1, 48 SMs) because profile 'nvidia.gb10.48sm' does not cover the query; query={'activation': 'silu', 'hidden_size': 5120, 'intermediate_size': 1152, 'num_experts': 24, 'num_tokens': 512, 'numerical_recipe': 'deepseek_v41', 'quant_mode': 'w4a8_mx', 'routed_rows': 1536, 'source_format': 'fp4_e8m0_k32', 'top_k': 3}
b12x policy fallback: moe.decode is using a heuristic on nvidia gb10 (compute capability 12.1, 48 SMs) because profile 'nvidia.gb10.48sm' does not cover the query; query={'activation': 'silu', 'hidden_size': 5120, 'intermediate_size': 1152, 'num_experts': 24, 'num_tokens': 21, 'numerical_recipe': 'deepseek_v41', 'quant_mode': 'w4a8_mx', 'routed_rows': 63, 'source_format': 'fp4_e8m0_k32', 'top_k': 3}
{"layer": 40, "topk": 3, "tokens": 511, "kernel_tokens": 512, "max_abs_error": 2.9802322387695312e-08, "read_bytes": 451215360}
{"layer": 40, "topk": 3, "tokens": 511, "kernel_tokens": 1024, "max_abs_error": 2.9802322387695312e-08, "read_bytes": 451215360}
{"layer": 40, "topk": 3, "tokens": 511, "kernel_tokens": 2048, "max_abs_error": 2.9802322387695312e-08, "read_bytes": 451215360}
b12x policy fallback: moe.decode is using a heuristic on nvidia gb10 (compute capability 12.1, 48 SMs) because profile 'nvidia.gb10.48sm' does not cover the query; query={'activation': 'silu', 'hidden_size': 5120, 'intermediate_size': 1152, 'num_experts': 24, 'num_tokens': 1, 'numerical_recipe': 'deepseek_v41', 'quant_mode': 'w4a8_mx', 'routed_rows': 3, 'source_format': 'fp4_e8m0_k32', 'top_k': 3}
{"layer": 40, "topk": 3, "tokens": 513, "kernel_tokens": 512, "max_abs_error": 1.4901161193847656e-08, "read_bytes": 451215360}
b12x policy fallback: moe.decode is using a heuristic on nvidia gb10 (compute capability 12.1, 48 SMs) because profile 'nvidia.gb10.48sm' does not cover the query; query={'activation': 'silu', 'hidden_size': 5120, 'intermediate_size': 1152, 'num_experts': 24, 'num_tokens': 1024, 'numerical_recipe': 'deepseek_v41', 'quant_mode': 'w4a8_mx', 'routed_rows': 3072, 'source_format': 'fp4_e8m0_k32', 'top_k': 3}
{"layer": 40, "topk": 3, "tokens": 513, "kernel_tokens": 1024, "max_abs_error": 1.4901161193847656e-08, "read_bytes": 451215360}
{"layer": 40, "topk": 3, "tokens": 513, "kernel_tokens": 2048, "max_abs_error": 1.4901161193847656e-08, "read_bytes": 451215360}
{"layer": 40, "topk": 3, "tokens": 1024, "kernel_tokens": 512, "max_abs_error": 0.0, "read_bytes": 112803840}
{"layer": 40, "topk": 3, "tokens": 1024, "kernel_tokens": 1024, "max_abs_error": 0.0, "read_bytes": 112803840}
{"layer": 40, "topk": 3, "tokens": 1024, "kernel_tokens": 2048, "max_abs_error": 0.0, "read_bytes": 112803840}
{"layer": 40, "topk": 3, "tokens": 1537, "kernel_tokens": 512, "max_abs_error": 5.960464477539063e-08, "read_bytes": 451215360}
{"layer": 40, "topk": 3, "tokens": 1537, "kernel_tokens": 1024, "max_abs_error": 5.960464477539063e-08, "read_bytes": 451215360}
b12x policy fallback: moe.decode is using a heuristic on nvidia gb10 (compute capability 12.1, 48 SMs) because profile 'nvidia.gb10.48sm' does not cover the query; query={'activation': 'silu', 'hidden_size': 5120, 'intermediate_size': 1152, 'num_experts': 24, 'num_tokens': 2048, 'numerical_recipe': 'deepseek_v41', 'quant_mode': 'w4a8_mx', 'routed_rows': 6144, 'source_format': 'fp4_e8m0_k32', 'top_k': 3}
{"layer": 40, "topk": 3, "tokens": 1537, "kernel_tokens": 2048, "max_abs_error": 5.960464477539063e-08, "read_bytes": 451215360}
{"layer": 40, "topk": 3, "tokens": 2048, "kernel_tokens": 512, "max_abs_error": 5.960464477539063e-08, "read_bytes": 451215360}
{"layer": 40, "topk": 3, "tokens": 2048, "kernel_tokens": 1024, "max_abs_error": 5.960464477539063e-08, "read_bytes": 451215360}
{"layer": 40, "topk": 3, "tokens": 2048, "kernel_tokens": 2048, "max_abs_error": 5.960464477539063e-08, "read_bytes": 451215360}
{"layer": 40, "topk": 3, "tokens": 3073, "kernel_tokens": 512, "max_abs_error": 5.960464477539063e-08, "read_bytes": 451215360}
{"layer": 40, "topk": 3, "tokens": 3073, "kernel_tokens": 1024, "max_abs_error": 5.960464477539063e-08, "read_bytes": 451215360}
{"layer": 40, "topk": 3, "tokens": 3073, "kernel_tokens": 2048, "max_abs_error": 5.960464477539063e-08, "read_bytes": 451215360}
{"layer": 40, "topk": 3, "tokens": 4096, "kernel_tokens": 512, "max_abs_error": 5.960464477539063e-08, "read_bytes": 451215360}
{"layer": 40, "topk": 3, "tokens": 4096, "kernel_tokens": 1024, "max_abs_error": 5.960464477539063e-08, "read_bytes": 451215360}
{"layer": 40, "topk": 3, "tokens": 4096, "kernel_tokens": 2048, "max_abs_error": 5.960464477539063e-08, "read_bytes": 451215360}
[{"kernel_tokens": 512, "execution_ms": 8.965212800103473}, {"kernel_tokens": 1024, "execution_ms": 7.712532149889739}, {"kernel_tokens": 2048, "execution_ms": 6.691528349983855}]
SHARED_PREFILL_VALIDATION_PASS
