(Worker_TP1 pid=93) EXPERT_CACHE_RESET 1789200412297303844
(Worker_TP1 pid=93) EXPERT_STREAM {"hits": 0, "misses": 0, "read_bytes": 0, "read_seconds": 0.0, "rank": 1, "cache_bytes": 0, "slot_hits": 0, "slot_misses": 13799, "packed_read_bytes": 129715015680, "graph_replays": 160, "routed_pipeline_batches": 0, "routed_pipeline_bytes": 0, "prefetch_issued": 0, "prefetch_read_bytes": 0, "prefetch_consumed": 0, "prefetch_ready": 0, "prefetch_late": 0, "prefetch_cancelled": 0, "prefetch_unused": 0, "demand_read_bytes": 129715015680, "io_batches": 80, "io_overlaps": 40, "staging_bytes": 0, "staging_banks": 0, "prefetch_pending": 0, "execution_buffer_bytes": 71750856, "scratch_bytes": 402653184, "gpu_cache_bytes": 87836590080}
(Worker_TP1 pid=93) EXPERT_STREAM {"hits": 0, "misses": 0, "read_bytes": 0, "read_seconds": 0.0, "rank": 1, "cache_bytes": 0, "slot_hits": 8700, "slot_misses": 19266, "packed_read_bytes": 181106565120, "graph_replays": 323, "routed_pipeline_batches": 0, "routed_pipeline_bytes": 0, "prefetch_issued": 0, "prefetch_read_bytes": 0, "prefetch_consumed": 0, "prefetch_ready": 0, "prefetch_late": 0, "prefetch_cancelled": 0, "prefetch_unused": 0, "demand_read_bytes": 181106565120, "io_batches": 123, "io_overlaps": 83, "staging_bytes": 0, "staging_banks": 0, "prefetch_pending": 0, "execution_buffer_bytes": 71750856, "scratch_bytes": 402653184, "gpu_cache_bytes": 87836590080}
(Worker_TP1 pid=93) EXPERT_STREAM {"hits": 0, "misses": 0, "read_bytes": 0, "read_seconds": 0.0, "rank": 1, "cache_bytes": 0, "slot_hits": 16713, "slot_misses": 24357, "packed_read_bytes": 228963594240, "graph_replays": 486, "routed_pipeline_batches": 0, "routed_pipeline_bytes": 0, "prefetch_issued": 0, "prefetch_read_bytes": 0, "prefetch_consumed": 0, "prefetch_ready": 0, "prefetch_late": 0, "prefetch_cancelled": 0, "prefetch_unused": 0, "demand_read_bytes": 228963594240, "io_batches": 166, "io_overlaps": 126, "staging_bytes": 0, "staging_banks": 0, "prefetch_pending": 0, "execution_buffer_bytes": 71750856, "scratch_bytes": 402653184, "gpu_cache_bytes": 87836590080}
(Worker_TP1 pid=93) STARTUP_PROBE {"time_ns": 1789200462509693476, "phase": "expert_plan_begin", "available_bytes": 15992446976, "cuda_allocated": 99299933696, "cuda_reserved": 101034491904, "layer": 0, "tokens": 1024}
(Worker_TP1 pid=93) STARTUP_PROBE {"time_ns": 1789200462567305863, "phase": "expert_plan_end", "available_bytes": 15992680448, "cuda_allocated": 99331440128, "cuda_reserved": 101034491904, "layer": 0, "tokens": 1024}
(Worker_TP1 pid=93) STARTUP_PROBE {"time_ns": 1789200462795120540, "phase": "expert_plan_begin", "available_bytes": 17229971456, "cuda_allocated": 99358456832, "cuda_reserved": 99803463680, "layer": 1, "tokens": 1024}
(Worker_TP1 pid=93) STARTUP_PROBE {"time_ns": 1789200462856929293, "phase": "expert_plan_end", "available_bytes": 17022763008, "cuda_allocated": 99358456832, "cuda_reserved": 100002693120, "layer": 1, "tokens": 1024}
(Worker_TP1 pid=93) STARTUP_PROBE {"time_ns": 1789200463062223774, "phase": "expert_plan_begin", "available_bytes": 17188020224, "cuda_allocated": 99358457856, "cuda_reserved": 99828629504, "layer": 2, "tokens": 1024}
(Worker_TP1 pid=93) b12x policy fallback: moe.decode is using a heuristic on nvidia gb10 (compute capability 12.1, 48 SMs) because profile 'nvidia.gb10.48sm' does not cover the query; query={'activation': 'silu', 'hidden_size': 5120, 'intermediate_size': 1152, 'num_experts': 224, 'num_tokens': 256, 'numerical_recipe': 'deepseek_v41', 'quant_mode': 'w4a8_mx', 'routed_rows': 1536, 'source_format': 'fp4_e8m0_k32', 'top_k': 6}
(Worker_TP1 pid=93) b12x policy fallback: moe.decode is using a heuristic on nvidia gb10 (compute capability 12.1, 48 SMs) because profile 'nvidia.gb10.48sm' does not cover the query; query={'activation': 'silu', 'hidden_size': 5120, 'intermediate_size': 1152, 'num_experts': 224, 'num_tokens': 1024, 'numerical_recipe': 'deepseek_v41', 'quant_mode': 'w4a8_mx', 'routed_rows': 6144, 'source_format': 'fp4_e8m0_k32', 'top_k': 6}
(Worker_TP1 pid=93) STARTUP_PROBE {"time_ns": 1789200463122711461, "phase": "expert_plan_end", "available_bytes": 16987611136, "cuda_allocated": 99358457856, "cuda_reserved": 100027858944, "layer": 2, "tokens": 1024}
(Worker_TP1 pid=93) STARTUP_PROBE {"time_ns": 1789200463301818871, "phase": "expert_plan_begin", "available_bytes": 17213251584, "cuda_allocated": 99358458880, "cuda_reserved": 99803463680, "layer": 3, "tokens": 1024}
(Worker_TP1 pid=93) STARTUP_PROBE {"time_ns": 1789200463363417285, "phase": "expert_plan_end", "available_bytes": 17013104640, "cuda_allocated": 99358458880, "cuda_reserved": 100002693120, "layer": 3, "tokens": 1024}
(Worker_TP1 pid=93) STARTUP_PROBE {"time_ns": 1789200463532279805, "phase": "expert_plan_begin", "available_bytes": 17218613248, "cuda_allocated": 99358459904, "cuda_reserved": 99803463680, "layer": 4, "tokens": 1024}
(Worker_TP1 pid=93) STARTUP_PROBE {"time_ns": 1789200463592846516, "phase": "expert_plan_end", "available_bytes": 17018466304, "cuda_allocated": 99358459904, "cuda_reserved": 100002693120, "layer": 4, "tokens": 1024}
(Worker_TP1 pid=93) STARTUP_PROBE {"time_ns": 1789200463771260210, "phase": "expert_plan_begin", "available_bytes": 17218613248, "cuda_allocated": 99358460928, "cuda_reserved": 99803463680, "layer": 5, "tokens": 1024}
(Worker_TP1 pid=93) STARTUP_PROBE {"time_ns": 1789200463831711416, "phase": "expert_plan_end", "available_bytes": 17020284928, "cuda_allocated": 99358460928, "cuda_reserved": 100002693120, "layer": 5, "tokens": 1024}
(Worker_TP1 pid=93) STARTUP_PROBE {"time_ns": 1789200463999507512, "phase": "expert_plan_begin", "available_bytes": 17227927552, "cuda_allocated": 99358461952, "cuda_reserved": 99803463680, "layer": 6, "tokens": 1024}
(Worker_TP1 pid=93) STARTUP_PROBE {"time_ns": 1789200464060177183, "phase": "expert_plan_end", "available_bytes": 17027997696, "cuda_allocated": 99358461952, "cuda_reserved": 100002693120, "layer": 6, "tokens": 1024}
(Worker_TP1 pid=93) STARTUP_PROBE {"time_ns": 1789200464195523170, "phase": "expert_plan_begin", "available_bytes": 17228148736, "cuda_allocated": 99358462976, "cuda_reserved": 99803463680, "layer": 7, "tokens": 1024}
(Worker_TP1 pid=93) STARTUP_PROBE {"time_ns": 1789200464255824807, "phase": "expert_plan_end", "available_bytes": 17028001792, "cuda_allocated": 99358462976, "cuda_reserved": 100002693120, "layer": 7, "tokens": 1024}
(Worker_TP1 pid=93) STARTUP_PROBE {"time_ns": 1789200464396472401, "phase": "expert_plan_begin", "available_bytes": 17202921472, "cuda_allocated": 99358464000, "cuda_reserved": 99828629504, "layer": 8, "tokens": 1024}
(Worker_TP1 pid=93) STARTUP_PROBE {"time_ns": 1789200464458096063, "phase": "expert_plan_end", "available_bytes": 17002512384, "cuda_allocated": 99358464000, "cuda_reserved": 100027858944, "layer": 8, "tokens": 1024}
(Worker_TP1 pid=93) STARTUP_PROBE {"time_ns": 1789200464608583984, "phase": "expert_plan_begin", "available_bytes": 17218351104, "cuda_allocated": 99358465024, "cuda_reserved": 99803463680, "layer": 9, "tokens": 1024}
(Worker_TP1 pid=93) STARTUP_PROBE {"time_ns": 1789200464668630323, "phase": "expert_plan_end", "available_bytes": 17018204160, "cuda_allocated": 99358465024, "cuda_reserved": 100002693120, "layer": 9, "tokens": 1024}
(Worker_TP1 pid=93) STARTUP_PROBE {"time_ns": 1789200464813568956, "phase": "expert_plan_begin", "available_bytes": 17216544768, "cuda_allocated": 99358466048, "cuda_reserved": 99803463680, "layer": 10, "tokens": 1024}
(Worker_TP1 pid=93) STARTUP_PROBE {"time_ns": 1789200464876414387, "phase": "expert_plan_end", "available_bytes": 17016266752, "cuda_allocated": 99358466048, "cuda_reserved": 100002693120, "layer": 10, "tokens": 1024}
(Worker_TP1 pid=93) STARTUP_PROBE {"time_ns": 1789200465049088100, "phase": "expert_plan_begin", "available_bytes": 17214517248, "cuda_allocated": 99358467072, "cuda_reserved": 99803463680, "layer": 11, "tokens": 1024}
(Worker_TP1 pid=93) STARTUP_PROBE {"time_ns": 1789200465109247223, "phase": "expert_plan_end", "available_bytes": 17014796288, "cuda_allocated": 99358467072, "cuda_reserved": 100002693120, "layer": 11, "tokens": 1024}
(Worker_TP1 pid=93) STARTUP_PROBE {"time_ns": 1789200465261949798, "phase": "expert_plan_begin", "available_bytes": 17214943232, "cuda_allocated": 99358468096, "cuda_reserved": 99803463680, "layer": 12, "tokens": 1024}
(Worker_TP1 pid=93) STARTUP_PROBE {"time_ns": 1789200465323772133, "phase": "expert_plan_end", "available_bytes": 17014800384, "cuda_allocated": 99358468096, "cuda_reserved": 100002693120, "layer": 12, "tokens": 1024}
(Worker_TP1 pid=93) STARTUP_PROBE {"time_ns": 1789200465501545994, "phase": "expert_plan_begin", "available_bytes": 17214947328, "cuda_allocated": 99358469120, "cuda_reserved": 99803463680, "layer": 13, "tokens": 1024}
(Worker_TP1 pid=93) STARTUP_PROBE {"time_ns": 1789200465562133600, "phase": "expert_plan_end", "available_bytes": 17017528320, "cuda_allocated": 99358469120, "cuda_reserved": 100002693120, "layer": 13, "tokens": 1024}
(Worker_TP1 pid=93) STARTUP_PROBE {"time_ns": 1789200465732048028, "phase": "expert_plan_begin", "available_bytes": 17192366080, "cuda_allocated": 99358470144, "cuda_reserved": 99828629504, "layer": 14, "tokens": 1024}
(Worker_TP1 pid=93) STARTUP_PROBE {"time_ns": 1789200465793195702, "phase": "expert_plan_end", "available_bytes": 16990593024, "cuda_allocated": 99358470144, "cuda_reserved": 100027858944, "layer": 14, "tokens": 1024}
(Worker_TP1 pid=93) STARTUP_PROBE {"time_ns": 1789200465953068041, "phase": "expert_plan_begin", "available_bytes": 17215799296, "cuda_allocated": 99358471168, "cuda_reserved": 99803463680, "layer": 15, "tokens": 1024}
(Worker_TP1 pid=93) STARTUP_PROBE {"time_ns": 1789200466013882001, "phase": "expert_plan_end", "available_bytes": 17016553472, "cuda_allocated": 99358471168, "cuda_reserved": 100002693120, "layer": 15, "tokens": 1024}
(Worker_TP1 pid=93) STARTUP_PROBE {"time_ns": 1789200466197066059, "phase": "expert_plan_begin", "available_bytes": 17217978368, "cuda_allocated": 99358472192, "cuda_reserved": 99803463680, "layer": 16, "tokens": 1024}
(Worker_TP1 pid=93) STARTUP_PROBE {"time_ns": 1789200466258705144, "phase": "expert_plan_end", "available_bytes": 17017835520, "cuda_allocated": 99358472192, "cuda_reserved": 100002693120, "layer": 16, "tokens": 1024}
(Worker_TP1 pid=93) STARTUP_PROBE {"time_ns": 1789200466399163885, "phase": "expert_plan_begin", "available_bytes": 17217982464, "cuda_allocated": 99358473216, "cuda_reserved": 99803463680, "layer": 17, "tokens": 1024}
(Worker_TP1 pid=93) STARTUP_PROBE {"time_ns": 1789200466459824723, "phase": "expert_plan_end", "available_bytes": 17017835520, "cuda_allocated": 99358473216, "cuda_reserved": 100002693120, "layer": 17, "tokens": 1024}
(Worker_TP1 pid=93) STARTUP_PROBE {"time_ns": 1789200466623213406, "phase": "expert_plan_begin", "available_bytes": 17210499072, "cuda_allocated": 99358474240, "cuda_reserved": 99803463680, "layer": 18, "tokens": 1024}
(Worker_TP1 pid=93) STARTUP_PROBE {"time_ns": 1789200466683211663, "phase": "expert_plan_end", "available_bytes": 17010352128, "cuda_allocated": 99358474240, "cuda_reserved": 100002693120, "layer": 18, "tokens": 1024}
(Worker_TP1 pid=93) STARTUP_PROBE {"time_ns": 1789200466820177676, "phase": "expert_plan_begin", "available_bytes": 17210269696, "cuda_allocated": 99358475264, "cuda_reserved": 99803463680, "layer": 19, "tokens": 1024}
(Worker_TP1 pid=93) STARTUP_PROBE {"time_ns": 1789200466881899769, "phase": "expert_plan_end", "available_bytes": 17009475584, "cuda_allocated": 99358475264, "cuda_reserved": 100002693120, "layer": 19, "tokens": 1024}
(Worker_TP1 pid=93) STARTUP_PROBE {"time_ns": 1789200467080124319, "phase": "expert_plan_begin", "available_bytes": 17188790272, "cuda_allocated": 99358476288, "cuda_reserved": 99828629504, "layer": 20, "tokens": 1024}
(Worker_TP1 pid=93) STARTUP_PROBE {"time_ns": 1789200467141879900, "phase": "expert_plan_end", "available_bytes": 16980959232, "cuda_allocated": 99358476288, "cuda_reserved": 100027858944, "layer": 20, "tokens": 1024}
(Worker_TP1 pid=93) STARTUP_PROBE {"time_ns": 1789200467328246556, "phase": "expert_plan_begin", "available_bytes": 17220960256, "cuda_allocated": 99358477312, "cuda_reserved": 99803463680, "layer": 21, "tokens": 1024}
(Worker_TP1 pid=93) STARTUP_PROBE {"time_ns": 1789200467389300340, "phase": "expert_plan_end", "available_bytes": 17020813312, "cuda_allocated": 99358477312, "cuda_reserved": 100002693120, "layer": 21, "tokens": 1024}
(Worker_TP1 pid=93) STARTUP_PROBE {"time_ns": 1789200467486732978, "phase": "expert_plan_begin", "available_bytes": 17218863104, "cuda_allocated": 99358478336, "cuda_reserved": 99803463680, "layer": 22, "tokens": 1024}
(Worker_TP1 pid=93) STARTUP_PROBE {"time_ns": 1789200467547803674, "phase": "expert_plan_end", "available_bytes": 17018716160, "cuda_allocated": 99358478336, "cuda_reserved": 100002693120, "layer": 22, "tokens": 1024}
(Worker_TP1 pid=93) STARTUP_PROBE {"time_ns": 1789200467674643292, "phase": "expert_plan_begin", "available_bytes": 17210789888, "cuda_allocated": 99358479360, "cuda_reserved": 99803463680, "layer": 23, "tokens": 1024}
(Worker_TP1 pid=93) STARTUP_PROBE {"time_ns": 1789200467737744771, "phase": "expert_plan_end", "available_bytes": 17010204672, "cuda_allocated": 99358479360, "cuda_reserved": 100002693120, "layer": 23, "tokens": 1024}
(Worker_TP1 pid=93) STARTUP_PROBE {"time_ns": 1789200467853309124, "phase": "expert_plan_begin", "available_bytes": 17207226368, "cuda_allocated": 99358480384, "cuda_reserved": 99805560832, "layer": 24, "tokens": 1024}
(Worker_TP1 pid=93) STARTUP_PROBE {"time_ns": 1789200467913712839, "phase": "expert_plan_end", "available_bytes": 17006948352, "cuda_allocated": 99358480384, "cuda_reserved": 100004790272, "layer": 24, "tokens": 1024}
(Worker_TP1 pid=93) STARTUP_PROBE {"time_ns": 1789200468025638637, "phase": "expert_plan_begin", "available_bytes": 17213280256, "cuda_allocated": 99358481408, "cuda_reserved": 99803463680, "layer": 25, "tokens": 1024}
(Worker_TP1 pid=93) STARTUP_PROBE {"time_ns": 1789200468087849549, "phase": "expert_plan_end", "available_bytes": 17013161984, "cuda_allocated": 99358481408, "cuda_reserved": 100002693120, "layer": 25, "tokens": 1024}
(Worker_TP1 pid=93) STARTUP_PROBE {"time_ns": 1789200468124822807, "phase": "expert_plan_begin", "available_bytes": 17213308928, "cuda_allocated": 99358482432, "cuda_reserved": 99803463680, "layer": 26, "tokens": 1024}
(Worker_TP1 pid=93) STARTUP_PROBE {"time_ns": 1789200468187341209, "phase": "expert_plan_end", "available_bytes": 17006342144, "cuda_allocated": 99358482432, "cuda_reserved": 100002693120, "layer": 26, "tokens": 1024}
(Worker_TP1 pid=93) STARTUP_PROBE {"time_ns": 1789200468294935551, "phase": "expert_plan_begin", "available_bytes": 17206198272, "cuda_allocated": 99358483456, "cuda_reserved": 99803463680, "layer": 27, "tokens": 1024}
(Worker_TP1 pid=93) STARTUP_PROBE {"time_ns": 1789200468357595170, "phase": "expert_plan_end", "available_bytes": 17006051328, "cuda_allocated": 99358483456, "cuda_reserved": 100002693120, "layer": 27, "tokens": 1024}
(Worker_TP1 pid=93) STARTUP_PROBE {"time_ns": 1789200468479880178, "phase": "expert_plan_begin", "available_bytes": 17204363264, "cuda_allocated": 99358484480, "cuda_reserved": 99805560832, "layer": 28, "tokens": 1024}
(Worker_TP1 pid=93) STARTUP_PROBE {"time_ns": 1789200468540500807, "phase": "expert_plan_end", "available_bytes": 17003954176, "cuda_allocated": 99358484480, "cuda_reserved": 100004790272, "layer": 28, "tokens": 1024}
(Worker_TP1 pid=93) STARTUP_PROBE {"time_ns": 1789200468688918803, "phase": "expert_plan_begin", "available_bytes": 17206202368, "cuda_allocated": 99358485504, "cuda_reserved": 99803463680, "layer": 29, "tokens": 1024}
(Worker_TP1 pid=93) STARTUP_PROBE {"time_ns": 1789200468751343140, "phase": "expert_plan_end", "available_bytes": 17002442752, "cuda_allocated": 99358485504, "cuda_reserved": 100002693120, "layer": 29, "tokens": 1024}
(Worker_TP1 pid=93) STARTUP_PROBE {"time_ns": 1789200468888284558, "phase": "expert_plan_begin", "available_bytes": 17202593792, "cuda_allocated": 99358486528, "cuda_reserved": 99803463680, "layer": 30, "tokens": 1024}
(Worker_TP1 pid=93) STARTUP_PROBE {"time_ns": 1789200468948529487, "phase": "expert_plan_end", "available_bytes": 17002446848, "cuda_allocated": 99358486528, "cuda_reserved": 100002693120, "layer": 30, "tokens": 1024}
(Worker_TP1 pid=93) STARTUP_PROBE {"time_ns": 1789200469159168825, "phase": "expert_plan_begin", "available_bytes": 17204891648, "cuda_allocated": 99358487552, "cuda_reserved": 99803463680, "layer": 31, "tokens": 1024}
(Worker_TP1 pid=93) STARTUP_PROBE {"time_ns": 1789200469219699916, "phase": "expert_plan_end", "available_bytes": 17003384832, "cuda_allocated": 99358487552, "cuda_reserved": 100002693120, "layer": 31, "tokens": 1024}
(Worker_TP1 pid=93) STARTUP_PROBE {"time_ns": 1789200469258580996, "phase": "expert_plan_begin", "available_bytes": 17201262592, "cuda_allocated": 99358488576, "cuda_reserved": 99805560832, "layer": 32, "tokens": 1024}
(Worker_TP1 pid=93) STARTUP_PROBE {"time_ns": 1789200469320167838, "phase": "expert_plan_end", "available_bytes": 17008787456, "cuda_allocated": 99358488576, "cuda_reserved": 100004790272, "layer": 32, "tokens": 1024}
(Worker_TP1 pid=93) STARTUP_PROBE {"time_ns": 1789200469545566258, "phase": "expert_plan_begin", "available_bytes": 17211854848, "cuda_allocated": 99358489600, "cuda_reserved": 99803463680, "layer": 33, "tokens": 1024}
(Worker_TP1 pid=93) STARTUP_PROBE {"time_ns": 1789200469605940372, "phase": "expert_plan_end", "available_bytes": 17011707904, "cuda_allocated": 99358489600, "cuda_reserved": 100002693120, "layer": 33, "tokens": 1024}
(Worker_TP1 pid=93) STARTUP_PROBE {"time_ns": 1789200469732004286, "phase": "expert_plan_begin", "available_bytes": 17211854848, "cuda_allocated": 99358490624, "cuda_reserved": 99803463680, "layer": 34, "tokens": 1024}
(Worker_TP1 pid=93) STARTUP_PROBE {"time_ns": 1789200469792505985, "phase": "expert_plan_end", "available_bytes": 17018736640, "cuda_allocated": 99358490624, "cuda_reserved": 100002693120, "layer": 34, "tokens": 1024}
(Worker_TP1 pid=93) STARTUP_PROBE {"time_ns": 1789200469833116549, "phase": "expert_plan_begin", "available_bytes": 17218088960, "cuda_allocated": 99358491648, "cuda_reserved": 99803463680, "layer": 35, "tokens": 1024}
(Worker_TP1 pid=93) STARTUP_PROBE {"time_ns": 1789200469894821152, "phase": "expert_plan_end", "available_bytes": 17018068992, "cuda_allocated": 99358491648, "cuda_reserved": 100002693120, "layer": 35, "tokens": 1024}
(Worker_TP1 pid=93) STARTUP_PROBE {"time_ns": 1789200470021178828, "phase": "expert_plan_begin", "available_bytes": 17220984832, "cuda_allocated": 99358492672, "cuda_reserved": 99805560832, "layer": 36, "tokens": 1024}
(Worker_TP1 pid=93) STARTUP_PROBE {"time_ns": 1789200470081764783, "phase": "expert_plan_end", "available_bytes": 17020575744, "cuda_allocated": 99358492672, "cuda_reserved": 100004790272, "layer": 36, "tokens": 1024}
(Worker_TP1 pid=93) STARTUP_PROBE {"time_ns": 1789200470212373640, "phase": "expert_plan_begin", "available_bytes": 17222819840, "cuda_allocated": 99392183296, "cuda_reserved": 99803463680, "layer": 37, "tokens": 1024}
(Worker_TP1 pid=93) STARTUP_PROBE {"time_ns": 1789200470273723601, "phase": "expert_plan_end", "available_bytes": 17016942592, "cuda_allocated": 99392183296, "cuda_reserved": 100002693120, "layer": 37, "tokens": 1024}
(Worker_TP1 pid=93) STARTUP_PROBE {"time_ns": 1789200470403989735, "phase": "expert_plan_begin", "available_bytes": 17225850880, "cuda_allocated": 99398922240, "cuda_reserved": 99803463680, "layer": 38, "tokens": 1024}
(Worker_TP1 pid=93) STARTUP_PROBE {"time_ns": 1789200470466203702, "phase": "expert_plan_end", "available_bytes": 17025703936, "cuda_allocated": 99398922240, "cuda_reserved": 100002693120, "layer": 38, "tokens": 1024}
(Worker_TP1 pid=93) STARTUP_PROBE {"time_ns": 1789200470598710973, "phase": "expert_plan_begin", "available_bytes": 17225850880, "cuda_allocated": 99405661184, "cuda_reserved": 99803463680, "layer": 39, "tokens": 1024}
(Worker_TP1 pid=93) STARTUP_PROBE {"time_ns": 1789200470659814019, "phase": "expert_plan_end", "available_bytes": 17025708032, "cuda_allocated": 99405661184, "cuda_reserved": 100002693120, "layer": 39, "tokens": 1024}
(Worker_TP1 pid=93) EXPERT_STREAM {"hits": 0, "misses": 0, "read_bytes": 0, "read_seconds": 0.0, "rank": 1, "cache_bytes": 0, "slot_hits": 23764, "slot_misses": 27334, "packed_read_bytes": 256948346880, "graph_replays": 561, "routed_pipeline_batches": 0, "routed_pipeline_bytes": 0, "prefetch_issued": 0, "prefetch_read_bytes": 0, "prefetch_consumed": 0, "prefetch_ready": 0, "prefetch_late": 0, "prefetch_cancelled": 0, "prefetch_unused": 0, "demand_read_bytes": 256948346880, "io_batches": 208, "io_overlaps": 168, "staging_bytes": 0, "staging_banks": 0, "prefetch_pending": 0, "execution_buffer_bytes": 103257288, "scratch_bytes": 402653184, "gpu_cache_bytes": 87836590080}
(Worker_TP1 pid=93) EXPERT_STREAM {"hits": 0, "misses": 0, "read_bytes": 0, "read_seconds": 0.0, "rank": 1, "cache_bytes": 0, "slot_hits": 24628, "slot_misses": 27550, "packed_read_bytes": 258978816000, "graph_replays": 604, "routed_pipeline_batches": 0, "routed_pipeline_bytes": 0, "prefetch_issued": 0, "prefetch_read_bytes": 0, "prefetch_consumed": 0, "prefetch_ready": 0, "prefetch_late": 0, "prefetch_cancelled": 0, "prefetch_unused": 0, "demand_read_bytes": 258978816000, "io_batches": 248, "io_overlaps": 208, "staging_bytes": 0, "staging_banks": 0, "prefetch_pending": 0, "execution_buffer_bytes": 103257288, "scratch_bytes": 402653184, "gpu_cache_bytes": 87836590080}
(Worker_TP1 pid=93) EXPERT_STREAM {"hits": 0, "misses": 0, "read_bytes": 0, "read_seconds": 0.0, "rank": 1, "cache_bytes": 0, "slot_hits": 25542, "slot_misses": 27674, "packed_read_bytes": 260144455680, "graph_replays": 647, "routed_pipeline_batches": 0, "routed_pipeline_bytes": 0, "prefetch_issued": 0, "prefetch_read_bytes": 0, "prefetch_consumed": 0, "prefetch_ready": 0, "prefetch_late": 0, "prefetch_cancelled": 0, "prefetch_unused": 0, "demand_read_bytes": 260144455680, "io_batches": 286, "io_overlaps": 246, "staging_bytes": 0, "staging_banks": 0, "prefetch_pending": 0, "execution_buffer_bytes": 103257288, "scratch_bytes": 402653184, "gpu_cache_bytes": 87836590080}
(Worker_TP1 pid=93) EXPERT_STREAM {"hits": 0, "misses": 0, "read_bytes": 0, "read_seconds": 0.0, "rank": 1, "cache_bytes": 0, "slot_hits": 26433, "slot_misses": 27819, "packed_read_bytes": 261507502080, "graph_replays": 690, "routed_pipeline_batches": 0, "routed_pipeline_bytes": 0, "prefetch_issued": 0, "prefetch_read_bytes": 0, "prefetch_consumed": 0, "prefetch_ready": 0, "prefetch_late": 0, "prefetch_cancelled": 0, "prefetch_unused": 0, "demand_read_bytes": 261507502080, "io_batches": 326, "io_overlaps": 286, "staging_bytes": 0, "staging_banks": 0, "prefetch_pending": 0, "execution_buffer_bytes": 103257288, "scratch_bytes": 402653184, "gpu_cache_bytes": 87836590080}
