spark-f05a:1:1 [0] NCCL INFO ENV/Plugin: Could not find: libnccl-env.so
spark-f05a:1:1 [0] NCCL INFO NCCL_SOCKET_IFNAME set to =enp1s0f1np1
spark-f05a:1:1 [0] NCCL INFO cudaDriverVersion 13000
spark-f05a:1:1 [0] NCCL INFO NCCL version 2.29.7+cuda13.2
spark-f05a:1:1 [0] NCCL INFO NCCL git version stable b81d6a5a3
spark-f05a:1:1 [0] NCCL INFO NET/Plugin: Could not find: libnccl-net.so
spark-f05a:1:1 [0] NCCL INFO dlvsym failed on mlx5dv_get_data_direct_sysfs_path - /lib/aarch64-linux-gnu/libmlx5.so: undefined symbol: mlx5dv_get_data_direct_sysfs_path, version MLX5_1.25 version MLX5_1.25
spark-f05a:1:1 [0] NCCL INFO dlvsym failed on mlx5dv_reg_dmabuf_mr - /lib/aarch64-linux-gnu/libmlx5.so: undefined symbol: mlx5dv_reg_dmabuf_mr, version MLX5_1.25 version MLX5_1.25
spark-f05a:1:1 [0] NCCL INFO NCCL_IB_HCA set to =rocep1s0f1
spark-f05a:1:1 [0] NCCL INFO NET/IB: [1] rocep1s0f1:uverbs1:1/RoCE provider=Mlx5 speed=200000 context=0x4663c5f0 pciPath=/sys/devices/pci0000:00/0000:00:00.0/0000:01:00.0 ar=0
spark-f05a:1:1 [0] NCCL INFO NET/IB : Made virtual device [0] name=rocep1s0f1 speed=200000 ndevs=1
spark-f05a:1:1 [0] NCCL INFO NET/IB : Using [0]rocep1s0f1:1/RoCE [RO]; OOB enp1s0f1np1:10.200.0.1<0>
spark-f05a:1:1 [0] NCCL INFO Initialized NET plugin IB
spark-f05a:1:1 [0] NCCL INFO Assigned NET plugin IB to comm
spark-f05a:1:1 [0] NCCL INFO GIN/Plugin: Could not find: libnccl-gin.so
spark-f05a:1:1 [0] NCCL INFO Assigned GIN plugin GIN_IB_GDAKI to comm
spark-f05a:1:1 [0] NCCL INFO Assigned RMA plugin GIN_IB_PROXY to comm
spark-f05a:1:1 [0] NCCL INFO Using network IB
spark-f05a:1:1 [0] NCCL INFO [Rank 0] ncclCommInitRankConfig comm 0x44c0f610 rank 0 nranks 2 cudaDev 0 nvmlDev 0 busId f01000 commId 0xc7f8c7057bf7b14b - Init START
spark-f05a:1:1 [0] NCCL INFO RAS client listening socket at 127.0.0.1<28028>
spark-f05a:1:1 [0] NCCL INFO NET/GIN_IB_GDAKI : GPU Direct RDMA Disabled for HCA 0 'rocep1s0f1'
spark-f05a:1:1 [0] NCCL INFO NET/IB : GPU Direct RDMA Disabled for HCA 0 'rocep1s0f1'
spark-f05a:1:1 [0] NCCL INFO ncclTopoGetCpuAffinity: Affinity for GPU 0 is empty, ignoring. (GPU affinity =  ; CPU affinity = 0-19).
spark-f05a:1:1 [0] NCCL INFO comm 0x44c0f610 rank 0 nRanks 2 nNodes 2 localRanks 1 localRank 0 MNNVL 0
spark-f05a:1:1 [0] NCCL INFO Channel 00/08 : 0 1
spark-f05a:1:1 [0] NCCL INFO Channel 01/08 : 0 1
spark-f05a:1:1 [0] NCCL INFO Channel 02/08 : 0 1
spark-f05a:1:1 [0] NCCL INFO Channel 03/08 : 0 1
spark-f05a:1:1 [0] NCCL INFO Channel 04/08 : 0 1
spark-f05a:1:1 [0] NCCL INFO Channel 05/08 : 0 1
spark-f05a:1:1 [0] NCCL INFO Channel 06/08 : 0 1
spark-f05a:1:1 [0] NCCL INFO Channel 07/08 : 0 1
spark-f05a:1:1 [0] NCCL INFO Trees [0] 1/-1/-1->0->-1 [1] 1/-1/-1->0->-1 [2] 1/-1/-1->0->-1 [3] 1/-1/-1->0->-1 [4] -1/-1/-1->0->1 [5] -1/-1/-1->0->1 [6] -1/-1/-1->0->1 [7] -1/-1/-1->0->1
spark-f05a:1:1 [0] NCCL INFO P2P Chunksize set to 262144
spark-f05a:1:1 [0] NCCL INFO PROFILER/Plugin: Could not find: libnccl-profiler.so
spark-f05a:1:1 [0] NCCL INFO Check P2P Type isAllDirectP2p 1 directMode 0 isAllCudaP2p 1
spark-f05a:1:83 [0] NCCL INFO [Proxy Service] Device 0 CPU core 5
spark-f05a:1:84 [0] NCCL INFO [Proxy Service UDS] Device 0 CPU core 0
spark-f05a:1:83 [0] NCCL INFO New proxy recv connection 0 from local rank 0, transport 2
spark-f05a:1:1 [0] NCCL INFO Connected to proxy localRank 0 -> connection 0xe73e5c004f70
spark-f05a:1:1 [0] NCCL INFO Channel 00/0 : 1[0] -> 0[0] [receive] via NET/IB/0
spark-f05a:1:83 [0] NCCL INFO New proxy recv connection 1 from local rank 0, transport 2
spark-f05a:1:1 [0] NCCL INFO Connected to proxy localRank 0 -> connection 0xe73e5c004ff8
spark-f05a:1:85 [0] NCCL INFO [Proxy Progress] Device 0 CPU core 7
spark-f05a:1:1 [0] NCCL INFO Channel 01/0 : 1[0] -> 0[0] [receive] via NET/IB/0
spark-f05a:1:83 [0] NCCL INFO New proxy recv connection 2 from local rank 0, transport 2
spark-f05a:1:1 [0] NCCL INFO Connected to proxy localRank 0 -> connection 0xe73e5c005080
spark-f05a:1:1 [0] NCCL INFO Channel 02/0 : 1[0] -> 0[0] [receive] via NET/IB/0
spark-f05a:1:83 [0] NCCL INFO New proxy recv connection 3 from local rank 0, transport 2
spark-f05a:1:1 [0] NCCL INFO Connected to proxy localRank 0 -> connection 0xe73e5c005108
spark-f05a:1:1 [0] NCCL INFO Channel 03/0 : 1[0] -> 0[0] [receive] via NET/IB/0
spark-f05a:1:83 [0] NCCL INFO New proxy recv connection 4 from local rank 0, transport 2
spark-f05a:1:1 [0] NCCL INFO Connected to proxy localRank 0 -> connection 0xe73e5c005190
spark-f05a:1:1 [0] NCCL INFO Channel 04/0 : 1[0] -> 0[0] [receive] via NET/IB/0
spark-f05a:1:83 [0] NCCL INFO New proxy recv connection 5 from local rank 0, transport 2
spark-f05a:1:1 [0] NCCL INFO Connected to proxy localRank 0 -> connection 0xe73e5c005218
spark-f05a:1:1 [0] NCCL INFO Channel 05/0 : 1[0] -> 0[0] [receive] via NET/IB/0
spark-f05a:1:83 [0] NCCL INFO New proxy recv connection 6 from local rank 0, transport 2
spark-f05a:1:1 [0] NCCL INFO Connected to proxy localRank 0 -> connection 0xe73e5c0052a0
spark-f05a:1:1 [0] NCCL INFO Channel 06/0 : 1[0] -> 0[0] [receive] via NET/IB/0
spark-f05a:1:83 [0] NCCL INFO New proxy recv connection 7 from local rank 0, transport 2
spark-f05a:1:1 [0] NCCL INFO Connected to proxy localRank 0 -> connection 0xe73e5c005328
spark-f05a:1:1 [0] NCCL INFO Channel 07/0 : 1[0] -> 0[0] [receive] via NET/IB/0
spark-f05a:1:83 [0] NCCL INFO New proxy send connection 8 from local rank 0, transport 2
spark-f05a:1:1 [0] NCCL INFO Connected to proxy localRank 0 -> connection 0xe73e5c0053b0
spark-f05a:1:1 [0] NCCL INFO Channel 00/0 : 0[0] -> 1[0] [send] via NET/IB/0
spark-f05a:1:83 [0] NCCL INFO New proxy send connection 9 from local rank 0, transport 2
spark-f05a:1:1 [0] NCCL INFO Connected to proxy localRank 0 -> connection 0xe73e5c005438
spark-f05a:1:1 [0] NCCL INFO Channel 01/0 : 0[0] -> 1[0] [send] via NET/IB/0
spark-f05a:1:83 [0] NCCL INFO New proxy send connection 10 from local rank 0, transport 2
spark-f05a:1:1 [0] NCCL INFO Connected to proxy localRank 0 -> connection 0xe73e5c0054c0
spark-f05a:1:1 [0] NCCL INFO Channel 02/0 : 0[0] -> 1[0] [send] via NET/IB/0
spark-f05a:1:83 [0] NCCL INFO New proxy send connection 11 from local rank 0, transport 2
spark-f05a:1:1 [0] NCCL INFO Connected to proxy localRank 0 -> connection 0xe73e5c005548
spark-f05a:1:1 [0] NCCL INFO Channel 03/0 : 0[0] -> 1[0] [send] via NET/IB/0
spark-f05a:1:83 [0] NCCL INFO New proxy send connection 12 from local rank 0, transport 2
spark-f05a:1:1 [0] NCCL INFO Connected to proxy localRank 0 -> connection 0xe73e5c0055d0
spark-f05a:1:1 [0] NCCL INFO Channel 04/0 : 0[0] -> 1[0] [send] via NET/IB/0
spark-f05a:1:83 [0] NCCL INFO New proxy send connection 13 from local rank 0, transport 2
spark-f05a:1:1 [0] NCCL INFO Connected to proxy localRank 0 -> connection 0xe73e5c005658
spark-f05a:1:1 [0] NCCL INFO Channel 05/0 : 0[0] -> 1[0] [send] via NET/IB/0
spark-f05a:1:83 [0] NCCL INFO New proxy send connection 14 from local rank 0, transport 2
spark-f05a:1:1 [0] NCCL INFO Connected to proxy localRank 0 -> connection 0xe73e5c0056e0
spark-f05a:1:1 [0] NCCL INFO Channel 06/0 : 0[0] -> 1[0] [send] via NET/IB/0
spark-f05a:1:83 [0] NCCL INFO New proxy send connection 15 from local rank 0, transport 2
spark-f05a:1:1 [0] NCCL INFO Connected to proxy localRank 0 -> connection 0xe73e5c005768
spark-f05a:1:1 [0] NCCL INFO Channel 07/0 : 0[0] -> 1[0] [send] via NET/IB/0
spark-f05a:1:83 [0] NCCL INFO NET/IB: ncclIbResiliencyInit: Resiliency is disabled on the send communicator (comm=0xe73e5c011000)
spark-f05a:1:83 [0] NCCL INFO NET/IB: ncclIbResiliencyInit: Resiliency is disabled on the recv communicator (comm=0xe73e5c04c000)
spark-f05a:1:83 [0] NCCL INFO NET/IB: ncclIbRecvCommInit: Receive work requests will be posted on-demand
spark-f05a:1:83 [0] NCCL INFO NET/IB: ncclIbResiliencyInit: Resiliency is disabled on the send communicator (comm=0xe73e5c08b000)
spark-f05a:1:83 [0] NCCL INFO NET/IB: ncclIbResiliencyInit: Resiliency is disabled on the recv communicator (comm=0xe73e5c0c6000)
spark-f05a:1:83 [0] NCCL INFO NET/IB: ncclIbRecvCommInit: Receive work requests will be posted on-demand
spark-f05a:1:83 [0] NCCL INFO NET/IB: ncclIbResiliencyInit: Resiliency is disabled on the send communicator (comm=0xe73e5c105000)
spark-f05a:1:83 [0] NCCL INFO NET/IB: ncclIbResiliencyInit: Resiliency is disabled on the recv communicator (comm=0xe73e5c140000)
spark-f05a:1:83 [0] NCCL INFO NET/IB: ncclIbRecvCommInit: Receive work requests will be posted on-demand
spark-f05a:1:83 [0] NCCL INFO NET/IB: ncclIbResiliencyInit: Resiliency is disabled on the send communicator (comm=0xe73e5c17f000)
spark-f05a:1:83 [0] NCCL INFO NET/IB: ncclIbResiliencyInit: Resiliency is disabled on the recv communicator (comm=0xe73e5c1ba000)
spark-f05a:1:83 [0] NCCL INFO NET/IB: ncclIbRecvCommInit: Receive work requests will be posted on-demand
spark-f05a:1:83 [0] NCCL INFO NET/IB: ncclIbResiliencyInit: Resiliency is disabled on the send communicator (comm=0xe73e5c1f9000)
spark-f05a:1:83 [0] NCCL INFO NET/IB: ncclIbResiliencyInit: Resiliency is disabled on the recv communicator (comm=0xe73e5c234000)
spark-f05a:1:83 [0] NCCL INFO NET/IB: ncclIbRecvCommInit: Receive work requests will be posted on-demand
spark-f05a:1:83 [0] NCCL INFO NET/IB: ncclIbResiliencyInit: Resiliency is disabled on the send communicator (comm=0xe73e5c273000)
spark-f05a:1:83 [0] NCCL INFO NET/IB: ncclIbResiliencyInit: Resiliency is disabled on the recv communicator (comm=0xe73e5c2ae000)
spark-f05a:1:83 [0] NCCL INFO NET/IB: ncclIbRecvCommInit: Receive work requests will be posted on-demand
spark-f05a:1:83 [0] NCCL INFO NET/IB: ncclIbResiliencyInit: Resiliency is disabled on the send communicator (comm=0xe73e5c2ed000)
spark-f05a:1:83 [0] NCCL INFO NET/IB: ncclIbResiliencyInit: Resiliency is disabled on the recv communicator (comm=0xe73e5c328000)
spark-f05a:1:83 [0] NCCL INFO NET/IB: ncclIbRecvCommInit: Receive work requests will be posted on-demand
spark-f05a:1:83 [0] NCCL INFO NET/IB: ncclIbResiliencyInit: Resiliency is disabled on the send communicator (comm=0xe73e5c367000)
spark-f05a:1:83 [0] NCCL INFO NET/IB: ncclIbResiliencyInit: Resiliency is disabled on the recv communicator (comm=0xe73e5c3a2000)
spark-f05a:1:83 [0] NCCL INFO NET/IB: ncclIbRecvCommInit: Receive work requests will be posted on-demand
spark-f05a:1:83 [0] NCCL INFO NET/IB: ncclIbReceiverQpsCreateToRts: QP created: port=1 dev=0 devName=rocep1s0f1 ndevs=1 nmdevs=1 qp_num=552 pkey=0 pd=0xe73e5c08ae50
spark-f05a:1:83 [0] NCCL INFO NET/IB: ncclIbReceiverQpsCreateToRts: QP created: port=1 dev=0 devName=rocep1s0f1 ndevs=1 nmdevs=1 qp_num=553 pkey=0 pd=0xe73e5c08ae50
spark-f05a:1:83 [0] NCCL INFO NET/IB: ncclIbSenderQpsCreate: QP created: port=1 dev=0 devName=rocep1s0f1 ndevs=1 nmdevs=1 qp_num=554 pkey=0 pd=0xe73e5c08ae50
spark-f05a:1:83 [0] NCCL INFO NET/IB: ncclIbConnect: NCCL Dev 0 IbDev 0 Port 1 qp_num 554 mtu 3 GID 3 (0/100C80AFFFF0000) ctsFifoRkey=0x1b8886 ctsFifoLkey=0x1b8886
spark-f05a:1:83 [0] NCCL INFO NET/IB: ncclIbConnect: IbDev 0 Port 1 qp_num 554 query_ece={supported=1, vendor_id=0x15b3, options=0x30000002, comp_mask=0x0}
spark-f05a:1:83 [0] NCCL INFO NET/IB: ncclIbReceiverQpsCreateToRts: QP created: port=1 dev=0 devName=rocep1s0f1 ndevs=1 nmdevs=1 qp_num=555 pkey=0 pd=0xe73e5c08ae50
spark-f05a:1:83 [0] NCCL INFO NET/IB: ncclIbReceiverQpsCreateToRts: QP created: port=1 dev=0 devName=rocep1s0f1 ndevs=1 nmdevs=1 qp_num=556 pkey=0 pd=0xe73e5c08ae50
spark-f05a:1:83 [0] NCCL INFO NET/IB: ncclIbSenderQpsCreate: QP created: port=1 dev=0 devName=rocep1s0f1 ndevs=1 nmdevs=1 qp_num=557 pkey=0 pd=0xe73e5c08ae50
spark-f05a:1:83 [0] NCCL INFO NET/IB: ncclIbConnect: NCCL Dev 0 IbDev 0 Port 1 qp_num 557 mtu 3 GID 3 (0/100C80AFFFF0000) ctsFifoRkey=0x1b716f ctsFifoLkey=0x1b716f
spark-f05a:1:83 [0] NCCL INFO NET/IB: ncclIbConnect: IbDev 0 Port 1 qp_num 557 query_ece={supported=1, vendor_id=0x15b3, options=0x30000002, comp_mask=0x0}
spark-f05a:1:83 [0] NCCL INFO NET/IB: ncclIbSenderQpsCreate: QP created: port=1 dev=0 devName=rocep1s0f1 ndevs=1 nmdevs=1 qp_num=558 pkey=0 pd=0xe73e5c08ae50
spark-f05a:1:83 [0] NCCL INFO NET/IB: ncclIbConnect: NCCL Dev 0 IbDev 0 Port 1 qp_num 558 mtu 3 GID 3 (0/100C80AFFFF0000) ctsFifoRkey=0x1b6764 ctsFifoLkey=0x1b6764
spark-f05a:1:83 [0] NCCL INFO NET/IB: ncclIbConnect: IbDev 0 Port 1 qp_num 558 query_ece={supported=1, vendor_id=0x15b3, options=0x30000002, comp_mask=0x0}
spark-f05a:1:83 [0] NCCL INFO NET/IB: ncclIbSenderQpsCreate: QP created: port=1 dev=0 devName=rocep1s0f1 ndevs=1 nmdevs=1 qp_num=559 pkey=0 pd=0xe73e5c08ae50
spark-f05a:1:83 [0] NCCL INFO NET/IB: ncclIbConnect: NCCL Dev 0 IbDev 0 Port 1 qp_num 559 mtu 3 GID 3 (0/100C80AFFFF0000) ctsFifoRkey=0x1b5c59 ctsFifoLkey=0x1b5c59
spark-f05a:1:83 [0] NCCL INFO NET/IB: ncclIbConnect: IbDev 0 Port 1 qp_num 559 query_ece={supported=1, vendor_id=0x15b3, options=0x30000002, comp_mask=0x0}
spark-f05a:1:83 [0] NCCL INFO NET/IB: ncclIbSenderQpsCreate: QP created: port=1 dev=0 devName=rocep1s0f1 ndevs=1 nmdevs=1 qp_num=560 pkey=0 pd=0xe73e5c08ae50
spark-f05a:1:83 [0] NCCL INFO NET/IB: ncclIbConnect: NCCL Dev 0 IbDev 0 Port 1 qp_num 560 mtu 3 GID 3 (0/100C80AFFFF0000) ctsFifoRkey=0x1b514e ctsFifoLkey=0x1b514e
spark-f05a:1:83 [0] NCCL INFO NET/IB: ncclIbConnect: IbDev 0 Port 1 qp_num 560 query_ece={supported=1, vendor_id=0x15b3, options=0x30000002, comp_mask=0x0}
spark-f05a:1:83 [0] NCCL INFO NET/IB: ncclIbSenderQpsCreate: QP created: port=1 dev=0 devName=rocep1s0f1 ndevs=1 nmdevs=1 qp_num=561 pkey=0 pd=0xe73e5c08ae50
spark-f05a:1:83 [0] NCCL INFO NET/IB: ncclIbConnect: NCCL Dev 0 IbDev 0 Port 1 qp_num 561 mtu 3 GID 3 (0/100C80AFFFF0000) ctsFifoRkey=0x1b4644 ctsFifoLkey=0x1b4644
spark-f05a:1:83 [0] NCCL INFO NET/IB: ncclIbConnect: IbDev 0 Port 1 qp_num 561 query_ece={supported=1, vendor_id=0x15b3, options=0x30000002, comp_mask=0x0}
spark-f05a:1:83 [0] NCCL INFO NET/IB: ncclIbSenderQpsCreate: QP created: port=1 dev=0 devName=rocep1s0f1 ndevs=1 nmdevs=1 qp_num=562 pkey=0 pd=0xe73e5c08ae50
spark-f05a:1:83 [0] NCCL INFO NET/IB: ncclIbConnect: NCCL Dev 0 IbDev 0 Port 1 qp_num 562 mtu 3 GID 3 (0/100C80AFFFF0000) ctsFifoRkey=0x1b3a39 ctsFifoLkey=0x1b3a39
spark-f05a:1:83 [0] NCCL INFO NET/IB: ncclIbConnect: IbDev 0 Port 1 qp_num 562 query_ece={supported=1, vendor_id=0x15b3, options=0x30000002, comp_mask=0x0}
spark-f05a:1:83 [0] NCCL INFO NET/IB: ncclIbSenderQpsCreate: QP created: port=1 dev=0 devName=rocep1s0f1 ndevs=1 nmdevs=1 qp_num=563 pkey=0 pd=0xe73e5c08ae50
spark-f05a:1:83 [0] NCCL INFO NET/IB: ncclIbConnect: NCCL Dev 0 IbDev 0 Port 1 qp_num 563 mtu 3 GID 3 (0/100C80AFFFF0000) ctsFifoRkey=0x1b322e ctsFifoLkey=0x1b322e
spark-f05a:1:83 [0] NCCL INFO NET/IB: ncclIbConnect: IbDev 0 Port 1 qp_num 563 query_ece={supported=1, vendor_id=0x15b3, options=0x30000002, comp_mask=0x0}
spark-f05a:1:83 [0] NCCL INFO NET/IB: ncclIbSenderQpsToRts: Set ECE: IbDev 0 Port 1 qp_num 554 set_ece={supported=1, vendor_id=0x15b3, options=0x30000002, comp_mask=0x0}
spark-f05a:1:83 [0] NCCL INFO NET/IB: ncclIbSenderQpsToRts: Set ECE: IbDev 0 Port 1 qp_num 557 set_ece={supported=1, vendor_id=0x15b3, options=0x30000002, comp_mask=0x0}
spark-f05a:1:83 [0] NCCL INFO NET/IB: ncclIbReceiverQpsCreateToRts: QP created: port=1 dev=0 devName=rocep1s0f1 ndevs=1 nmdevs=1 qp_num=564 pkey=0 pd=0xe73e5c08ae50
spark-f05a:1:83 [0] NCCL INFO NET/IB: ncclIbReceiverQpsCreateToRts: QP created: port=1 dev=0 devName=rocep1s0f1 ndevs=1 nmdevs=1 qp_num=565 pkey=0 pd=0xe73e5c08ae50
spark-f05a:1:83 [0] NCCL INFO NET/IB: ncclIbSenderQpsToRts: Set ECE: IbDev 0 Port 1 qp_num 558 set_ece={supported=1, vendor_id=0x15b3, options=0x30000002, comp_mask=0x0}
spark-f05a:1:83 [0] NCCL INFO NET/IB: ncclIbReceiverQpsCreateToRts: QP created: port=1 dev=0 devName=rocep1s0f1 ndevs=1 nmdevs=1 qp_num=566 pkey=0 pd=0xe73e5c08ae50
spark-f05a:1:83 [0] NCCL INFO NET/IB: ncclIbReceiverQpsCreateToRts: QP created: port=1 dev=0 devName=rocep1s0f1 ndevs=1 nmdevs=1 qp_num=567 pkey=0 pd=0xe73e5c08ae50
spark-f05a:1:83 [0] NCCL INFO NET/IB: ncclIbSenderQpsToRts: Set ECE: IbDev 0 Port 1 qp_num 559 set_ece={supported=1, vendor_id=0x15b3, options=0x30000002, comp_mask=0x0}
spark-f05a:1:83 [0] NCCL INFO NET/IB: ncclIbReceiverQpsCreateToRts: QP created: port=1 dev=0 devName=rocep1s0f1 ndevs=1 nmdevs=1 qp_num=568 pkey=0 pd=0xe73e5c08ae50
spark-f05a:1:83 [0] NCCL INFO NET/IB: ncclIbReceiverQpsCreateToRts: QP created: port=1 dev=0 devName=rocep1s0f1 ndevs=1 nmdevs=1 qp_num=569 pkey=0 pd=0xe73e5c08ae50
spark-f05a:1:83 [0] NCCL INFO NET/IB: ncclIbSenderQpsToRts: Set ECE: IbDev 0 Port 1 qp_num 560 set_ece={supported=1, vendor_id=0x15b3, options=0x30000002, comp_mask=0x0}
spark-f05a:1:83 [0] NCCL INFO NET/IB: ncclIbReceiverQpsCreateToRts: QP created: port=1 dev=0 devName=rocep1s0f1 ndevs=1 nmdevs=1 qp_num=570 pkey=0 pd=0xe73e5c08ae50
spark-f05a:1:83 [0] NCCL INFO NET/IB: ncclIbReceiverQpsCreateToRts: QP created: port=1 dev=0 devName=rocep1s0f1 ndevs=1 nmdevs=1 qp_num=571 pkey=0 pd=0xe73e5c08ae50
spark-f05a:1:83 [0] NCCL INFO NET/IB: ncclIbSenderQpsToRts: Set ECE: IbDev 0 Port 1 qp_num 561 set_ece={supported=1, vendor_id=0x15b3, options=0x30000002, comp_mask=0x0}
spark-f05a:1:83 [0] NCCL INFO NET/IB: ncclIbReceiverQpsCreateToRts: QP created: port=1 dev=0 devName=rocep1s0f1 ndevs=1 nmdevs=1 qp_num=572 pkey=0 pd=0xe73e5c08ae50
spark-f05a:1:83 [0] NCCL INFO NET/IB: ncclIbReceiverQpsCreateToRts: QP created: port=1 dev=0 devName=rocep1s0f1 ndevs=1 nmdevs=1 qp_num=573 pkey=0 pd=0xe73e5c08ae50
spark-f05a:1:83 [0] NCCL INFO NET/IB: ncclIbSenderQpsToRts: Set ECE: IbDev 0 Port 1 qp_num 562 set_ece={supported=1, vendor_id=0x15b3, options=0x30000002, comp_mask=0x0}
spark-f05a:1:83 [0] NCCL INFO NET/IB: ncclIbReceiverQpsCreateToRts: QP created: port=1 dev=0 devName=rocep1s0f1 ndevs=1 nmdevs=1 qp_num=574 pkey=0 pd=0xe73e5c08ae50
spark-f05a:1:83 [0] NCCL INFO NET/IB: ncclIbReceiverQpsCreateToRts: QP created: port=1 dev=0 devName=rocep1s0f1 ndevs=1 nmdevs=1 qp_num=575 pkey=0 pd=0xe73e5c08ae50
spark-f05a:1:83 [0] NCCL INFO NET/IB: ncclIbSenderQpsToRts: Set ECE: IbDev 0 Port 1 qp_num 563 set_ece={supported=1, vendor_id=0x15b3, options=0x30000002, comp_mask=0x0}
spark-f05a:1:1 [0] NCCL INFO Connected all rings, use ring PXN 0 GDR 0
spark-f05a:1:1 [0] NCCL INFO Connected all trees
spark-f05a:1:1 [0] NCCL INFO Connected binomial trees
spark-f05a:1:83 [0] NCCL INFO New proxy send connection 16 from local rank 0, transport 2
spark-f05a:1:1 [0] NCCL INFO Connected to proxy localRank 0 -> connection 0xe73e5c0057f0
spark-f05a:1:1 [0] NCCL INFO TUNER/Plugin: Could not find: libnccl-tuner.so
spark-f05a:1:1 [0] NCCL INFO threadThresholds 8/8/64 | 16/8/64 | 512 | 512
spark-f05a:1:1 [0] NCCL INFO 8 coll channels, 8 collnet channels, 0 nvls channels, 8 p2p channels, 1 p2p channels per peer
spark-f05a:1:1 [0] NCCL INFO Symmetric memory is not supported. cuMemEnable 0, globalGinSupport 0, globalNicFused 0 cuMemGdrSupport 0
spark-f05a:1:1 [0] NCCL INFO CC Off, workFifoBytes 1048576
spark-f05a:1:1 [0] NCCL INFO ncclCommInitRankConfig comm 0x44c0f610 rank 0 nranks 2 cudaDev 0 nvmlDev 0 busId f01000 commId 0xc7f8c7057bf7b14b - Init COMPLETE
spark-f05a:1:1 [0] NCCL INFO Init timings - ncclCommInitRankConfig: rank 0 nranks 2 total 0.45 (kernels 0.15, alloc 0.08, bootstrap 0.02, allgathers 0.00, topo 0.00, graphs 0.00, connections 0.20, rest 0.00)
{"rank": 0, "bytes": 16384, "iterations": 20, "ms": 0.02856975000042894, "exact": true}
{"rank": 0, "bytes": 16777216, "iterations": 20, "ms": 1.3506715500000155, "exact": true}
{"rank": 0, "bytes": 268435456, "iterations": 20, "ms": 20.868201599998315, "exact": true}
spark-f05a:1:1 [0] NCCL INFO comm 0x44c0f610 rank 0 nranks 2 cudaDev 0 busId f01000 - Destroy COMPLETE
spark-f05a:1:1 [0] NCCL INFO ENV/Plugin: Closing env plugin ncclEnvDefault
